03-10 12:28:28.196 W/System.err( 1876): 	at libcore.net.http.HttpURLConnectionImpl.getResponse(HttpURLConnectionImpl.java:274)
03-10 12:28:28.206 W/System.err( 1876): 	at libcore.net.http.HttpURLConnectionImpl.getResponseCode(HttpURLConnectionImpl.java:486)
03-10 12:28:28.206 W/System.err( 1876): 	at com.cm.wifiscanner.util.Utils.check591Server(Utils.java:114)
03-10 12:28:28.216 W/System.err( 1876): 	at com.cm.wifiscanner.wifi.WifiListActivity$WifiSecondCheckStatus.doInBackground(WifiListActivity.java:954)
03-10 12:28:28.216 W/System.err( 1876): 	at com.cm.wifiscanner.wifi.WifiListActivity$WifiSecondCheckStatus.doInBackground(WifiListActivity.java:1)
03-10 12:28:28.216 W/System.err( 1876): 	at android.os.AsyncTask$2.call(AsyncTask.java:287)
03-10 12:28:28.216 W/System.err( 1876): 	at java.util.concurrent.FutureTask$Sync.innerRun(FutureTask.java:305)
03-10 12:28:28.226 W/System.err( 1876): 	at java.util.concurrent.FutureTask.run(FutureTask.java:137)
03-10 12:28:28.226 W/System.err( 1876): 	at android.os.AsyncTask$SerialExecutor$1.run(AsyncTask.java:230)
03-10 12:28:28.226 W/System.err( 1876): 	at java.util.concurrent.ThreadPoolExecutor.runWorker(ThreadPoolExecutor.java:1076)
03-10 12:28:28.226 W/System.err( 1876): 	at java.util.concurrent.ThreadPoolExecutor$Worker.run(ThreadPoolExecutor.java:569)
03-10 12:28:28.236 W/System.err( 1876): 	at java.lang.Thread.run(Thread.java:856)
03-10 12:28:28.236 I/System.out( 1876): [WifiScanner]: WifiScannerActivity: WifiSecondCheckStatus: false
03-10 12:28:28.256 W/ResourceType( 1876): Failure getting entry for 0x7f070084 (t=6 e=132) in package 0 (error -75)
03-10 12:28:28.256 W/Resources( 1876): Converting to string: TypedValue{t=0x1/d=0x7f070084 a=-1 r=0x7f070084}
03-10 12:28:28.296 D/StatusBar.NetworkController(  981): refreshViews: Data not connected!! Set no data type icon
03-10 12:28:28.366 W/QCNEJ   (  643): |CORE| mDefaultApnLinkProp is null
03-10 12:28:28.366 E/Parcel  (  377): Reading a NULL string not supported here.
03-10 12:28:28.366 E/Parcel  (  377): Reading a NULL string not supported here.
03-10 12:28:28.366 D/StatusBar.NetworkController(  981): refreshViews: Data not connected!! Set no data type icon
03-10 12:28:29.297 D/StatusBar.NetworkController(  981): refreshViews: Data not connected!! Set no data type icon
03-10 12:28:29.638 D/PowerManagerService(  643): acquireWakeLock flags=0x1 tag=*vibrator*
03-10 12:28:29.698 D/PowerManagerService(  643): releaseWakeLock flags=0x1 tag=*vibrator*
03-10 12:28:29.748 D/PowerManagerService(  643): acquireWakeLock flags=0x1 tag=ActivityManager-Launch
03-10 12:28:29.778 I/System.out( 1876): [WifiScanner]: WiFiScanService: Service Create
03-10 12:28:29.788 I/Adreno200-C2D( 1294): <c2d_wrapper_init:121>: C2D2 initializing a3xx version: libc2d2_a3xx.so
03-10 12:28:29.798 I/Adreno200-C2D( 1294): <c2d_wrapper_init:183>: C2D2 wrapper initialized successfully
03-10 12:28:29.798 I/Adreno200-C2D( 1294): <c2d_cmd_res_init:104>: Allocate CMD Buffer Address  0x69c8a000 0x1009a000 
03-10 12:28:29.918 D/dalvikvm( 1198): GC_CONCURRENT freed 3552K, 34% free 19433K/29123K, paused 12ms+3ms, total 58ms
03-10 12:28:29.928 D/PowerManagerService(  643): releaseWakeLock flags=0x1 tag=ActivityManager-Launch
03-10 12:28:29.938 I/Adreno200-C2D( 1876): <c2d_driver_deinit:77>: C2D2 De-Init A3xx version
03-10 12:28:29.938 I/Adreno200-C2D( 1876): <c2d_cmd_res_deinit:157>: GPU DeAllocated Address 0x67c6b000 0x1009a000 
03-10 12:28:29.948 D/dalvikvm(  981): GC_FOR_ALLOC freed 16374K, 64% free 31913K/88519K, paused 29ms, total 30ms
03-10 12:28:29.968 E/OdekakeDcfFile(  258): ERROR[m_pOdekakeDcfDemuxer==NULL]
03-10 12:28:29.968 I/System.out( 1876): [WifiScanner]: WifiScannerActivity: onDestroy
03-10 12:28:29.978 W/QComExtractorFactory(  259): Didn't match the sniff <=== status = 5 
03-10 12:28:29.988 W/QComExtractorFactory(  259): Didn't match the sniff <=== status = 1 
03-10 12:28:29.988 W/QComExtractorFactory(  259): Didn't match the sniff <=== status = 1 
03-10 12:28:29.988 W/QComExtractorFactory(  259): Didn't match the sniff <=== status = 1 
03-10 12:28:29.988 E/MM_OSAL (  259): ValidateAACFile failed
03-10 12:28:29.988 W/QComExtractorFactory(  259): Didn't match the sniff <=== status = 1 
03-10 12:28:29.988 W/QComExtractorFactory(  259): Didn't match the sniff <=== status = 1 
03-10 12:28:29.988 E/OdekakeDcfFile(  258): ERROR[m_pOdekakeDcfDemuxer==NULL]
03-10 12:28:29.998 E/OdekakeDcfFile(  258): ERROR[m_pOdekakeDcfDemuxer==NULL]
03-10 12:28:30.008 W/QComExtractorFactory(  259): Didn't match the sniff <=== status = 5 
03-10 12:28:30.018 W/QComExtractorFactory(  259): Didn't match the sniff <=== status = 1 
03-10 12:28:30.018 W/QComExtractorFactory(  259): Didn't match the sniff <=== status = 1 
03-10 12:28:30.018 W/QComExtractorFactory(  259): Didn't match the sniff <=== status = 1 
03-10 12:28:30.018 E/MM_OSAL (  259): ValidateAACFile failed
03-10 12:28:30.018 W/QComExtractorFactory(  259): Didn't match the sniff <=== status = 1 
03-10 12:28:30.018 W/QComExtractorFactory(  259): Didn't match the sniff <=== status = 1 
03-10 12:28:30.018 E/OdekakeDcfFile(  258): ERROR[m_pOdekakeDcfDemuxer==NULL]
03-10 12:28:30.018 D/dalvikvm(  981): GC_CONCURRENT freed 73K, 46% free 48039K/88519K, paused 13ms+6ms, total 67ms
03-10 12:28:30.128 D/PowerManagerService(  643): acquireWakeLock flags=0x1 tag=AlarmManager
03-10 12:28:30.128 D/PowerManagerService(  643): releaseWakeLock flags=0x1 tag=AlarmManager
03-10 12:28:30.148 D/StateMachine(  643): handleMessage: E msg.what=131155
03-10 12:28:30.148 D/StateMachine(  643): processMsg: ConnectedState
03-10 12:28:30.148 D/WifiStateMachine(  643): ConnectedState{ what=131155 when=-3ms arg1=285 }
03-10 12:28:30.148 D/StateMachine(  643): processMsg: L2ConnectedState
03-10 12:28:30.148 D/WifiStateMachine(  643): L2ConnectedState{ what=131155 when=-3ms arg1=285 }
03-10 12:28:30.148 E/WifiHW  (  643): wifi_send_command("SIGNAL_POLL")
03-10 12:28:30.158 D/StateMachine(  643): handleMessage: X
03-10 12:28:30.408 D/Finsky  (26103): [1] 5.onFinished: Installation state replication succeeded.
03-10 12:28:30.599 I/ActivityManager(  643): START {act=android.intent.action.MAIN cat=[android.intent.category.LAUNCHER] flg=0x10200000 cmp=com.cm.wifiscanner/.LoadingActivity bnds=[792,1140][1044,1428] u=0} from pid 1294
03-10 12:28:30.639 D/PowerManagerService(  643): acquireWakeLock flags=0x1 tag=ActivityManager-Launch
03-10 12:28:30.669 V/SuperStamina-XssmReminder(  643): onBatteryChanged: plugged=true
03-10 12:28:30.669 D/SomcTransmitPowerBroadcastReceiver( 1137): Battery changed with Voltage: 3895 mV
03-10 12:28:30.669 D/SomcTransmitPowerBroadcastReceiver( 1137): Old PowerLevel: 3, current PowerLevel: 3
03-10 12:28:30.669 V/SuperStamina-PowerSaveReminder(  643): onBatteryChanged: level=72 plugged=true
03-10 12:28:30.669 V/SuperStamina-PowerSaveReminder(  643): ... state: enabled=false mPlugged=true mUnpluggedTime=0 mUnpluggedLevel=0
03-10 12:28:30.789 I/Adreno200-C2D( 1876): <c2d_wrapper_init:121>: C2D2 initializing a3xx version: libc2d2_a3xx.so
03-10 12:28:30.789 I/Choreographer(  981): Skipped 51 frames!  The application may be doing too much work on its main thread.
03-10 12:28:30.789 I/Adreno200-C2D( 1876): <c2d_wrapper_init:183>: C2D2 wrapper initialized successfully
03-10 12:28:30.789 I/Adreno200-C2D( 1876): <c2d_cmd_res_init:104>: Allocate CMD Buffer Address  0x67c6b000 0x1009a000 
03-10 12:28:30.819 I/Adreno200-C2D( 1294): <c2d_driver_deinit:77>: C2D2 De-Init A3xx version
03-10 12:28:30.829 I/Adreno200-C2D( 1294): <c2d_cmd_res_deinit:157>: GPU DeAllocated Address 0x69c8a000 0x1009a000 
03-10 12:28:30.839 W/InputMethodManagerService(  643): Starting input on non-focused client com.android.internal.view.IInputMethodClient$Stub$Proxy@448ef2c8 (uid=10025 pid=1294)
03-10 12:28:30.879 D/PowerManagerService(  643): releaseWakeLock flags=0x1 tag=ActivityManager-Launch
03-10 12:28:30.889 I/ActivityManager(  643): Displayed com.cm.wifiscanner/.LoadingActivity: +184ms
03-10 12:28:30.899 E/OdekakeDcfFile(  258): ERROR[m_pOdekakeDcfDemuxer==NULL]
03-10 12:28:30.919 W/QComExtractorFactory(  259): Didn't match the sniff <=== status = 5 
03-10 12:28:30.919 W/QComExtractorFactory(  259): Didn't match the sniff <=== status = 1 
03-10 12:28:30.919 W/QComExtractorFactory(  259): Didn't match the sniff <=== status = 1 
03-10 12:28:30.919 W/QComExtractorFactory(  259): Didn't match the sniff <=== status = 1 
03-10 12:28:30.919 E/MM_OSAL (  259): ValidateAACFile failed
03-10 12:28:30.919 W/QComExtractorFactory(  259): Didn't match the sniff <=== status = 1 
03-10 12:28:30.919 W/QComExtractorFactory(  259): Didn't match the sniff <=== status = 1 
03-10 12:28:30.919 E/OdekakeDcfFile(  258): ERROR[m_pOdekakeDcfDemuxer==NULL]
03-10 12:28:30.919 E/OdekakeDcfFile(  258): ERROR[m_pOdekakeDcfDemuxer==NULL]
03-10 12:28:30.929 W/QComExtractorFactory(  259): Didn't match the sniff <=== status = 5 
03-10 12:28:30.929 W/QComExtractorFactory(  259): Didn't match the sniff <=== status = 1 
03-10 12:28:30.929 W/QComExtractorFactory(  259): Didn't match the sniff <=== status = 1 
03-10 12:28:30.929 W/QComExtractorFactory(  259): Didn't match the sniff <=== status = 1 
03-10 12:28:30.929 E/MM_OSAL (  259): ValidateAACFile failed
03-10 12:28:30.929 W/QComExtractorFactory(  259): Didn't match the sniff <=== status = 1 
03-10 12:28:30.929 W/QComExtractorFactory(  259): Didn't match the sniff <=== status = 1 
03-10 12:28:30.929 E/OdekakeDcfFile(  258): ERROR[m_pOdekakeDcfDemuxer==NULL]
03-10 12:28:32.711 I/ActivityManager(  643): START {cmp=com.cm.wifiscanner/.WifiScannerActivity u=0} from pid 1876
03-10 12:28:32.771 D/PowerManagerService(  643): acquireWakeLock flags=0x1 tag=ActivityManager-Launch
03-10 12:28:32.801 I/System.out( 1876): [WifiScanner]: DownloadUpdateService: PATH: /storage/sdcard0
03-10 12:28:32.801 I/System.out( 1876): [WifiScanner]: WifiScannerActivity: Avail Memory: 2473771008
03-10 12:28:32.811 D/PowerManagerService(  643): acquireWakeLock flags=0x1 tag=AlarmManager
03-10 12:28:32.821 D/PowerManagerService(  643): releaseWakeLock flags=0x1 tag=AlarmManager
03-10 12:28:32.841 W/Resources( 1876): Converting to string: TypedValue{t=0x10/d=0x0 a=-1}
03-10 12:28:32.861 I/System.out( 1876): [WifiScanner]: WifiScannerActivity: OnResume: falsemIsResumed:false
03-10 12:28:32.871 D/StateMachine(  643): handleMessage: E msg.what=131131
03-10 12:28:32.871 D/StateMachine(  643): processMsg: ConnectedState
03-10 12:28:32.871 D/WifiStateMachine(  643): ConnectedState{ what=131131 when=-2ms }
03-10 12:28:32.881 D/StateMachine(  643): processMsg: L2ConnectedState
03-10 12:28:32.881 D/WifiStateMachine(  643): L2ConnectedState{ what=131131 when=-8ms }
03-10 12:28:32.881 D/StateMachine(  643): processMsg: ConnectModeState
03-10 12:28:32.881 D/WifiStateMachine(  643): ConnectModeState{ what=131131 when=-12ms }
03-10 12:28:32.881 D/StateMachine(  643): processMsg: DriverStartedState
03-10 12:28:32.881 D/WifiStateMachine(  643): DriverStartedState{ what=131131 when=-14ms }
03-10 12:28:32.881 D/StateMachine(  643): processMsg: SupplicantStartedState
03-10 12:28:32.881 D/WifiStateMachine(  643): SupplicantStartedState{ what=131131 when=-15ms }
03-10 12:28:32.891 D/StateMachine(  643): handleMessage: X
03-10 12:28:32.901 D/Utils   ( 1876): Check baidu
03-10 12:28:32.901 I/System.out( 1876): [WifiScanner]: WiFiScanService: onDestroy
03-10 12:28:32.981 W/ResourceType( 1876): Failure getting entry for 0x7f070084 (t=6 e=132) in package 0 (error -75)
03-10 12:28:32.981 W/Resources( 1876): Converting to string: TypedValue{t=0x1/d=0x7f070084 a=-1 r=0x7f070084}
03-10 12:28:32.991 I/System.out( 1876): [WifiScanner]: Utils: Have connected
03-10 12:28:32.991 I/WifiManager( 1876): Process .cm.wifiscanner requested a scan
03-10 12:28:32.991 D/StateMachine(  643): handleMessage: E msg.what=131143
03-10 12:28:32.991 D/StateMachine(  643): processMsg: ConnectedState
03-10 12:28:32.991 D/WifiStateMachine(  643): ConnectedState{ what=131143 when=0 arg1=2 }
03-10 12:28:32.991 D/StateMachine(  643): processMsg: L2ConnectedState
03-10 12:28:32.991 D/WifiStateMachine(  643): L2ConnectedState{ what=131143 when=-1ms arg1=2 }
03-10 12:28:32.991 E/WifiHW  (  643): wifi_send_command("AP_SCAN 2")
03-10 12:28:32.991 D/StateMachine(  643): processMsg: ConnectModeState
03-10 12:28:32.991 D/WifiStateMachine(  643): ConnectModeState{ what=131143 when=-2ms arg1=2 }
03-10 12:28:32.991 D/StateMachine(  643): processMsg: DriverStartedState
03-10 12:28:32.991 D/WifiStateMachine(  643): DriverStartedState{ what=131143 when=-3ms arg1=2 }
03-10 12:28:32.991 E/WifiHW  (  643): wifi_send_command("SCAN")
03-10 12:28:32.991 D/StateMachine(  643): handleMessage: X
03-10 12:28:33.011 W/ResourceType( 1876): Failure getting entry for 0x7f070084 (t=6 e=132) in package 0 (error -75)
03-10 12:28:33.011 W/Resources( 1876): Converting to string: TypedValue{t=0x1/d=0x7f070084 a=-1 r=0x7f070084}
03-10 12:28:33.121 I/ActivityManager(  643): Displayed com.cm.wifiscanner/.WifiScannerActivity: +338ms
03-10 12:28:33.141 I/System.out( 1876): [WifiScanner]: WifiScannerActivity: WifiFirstCheckStatus: 9
03-10 12:28:33.141 I/System.out( 1876): [WifiScanner]: Utils: Check591 Server
03-10 12:28:33.141 I/System.out( 1876): [WifiScanner]: Utils: URL: http://10.1.0.1:3660
03-10 12:28:33.151 D/StateMachine(  643): handleMessage: E msg.what=131155
03-10 12:28:33.151 D/StateMachine(  643): processMsg: ConnectedState
03-10 12:28:33.151 D/WifiStateMachine(  643): ConnectedState{ what=131155 when=-1ms arg1=285 }
03-10 12:28:33.151 D/StateMachine(  643): processMsg: L2ConnectedState
03-10 12:28:33.151 D/WifiStateMachine(  643): L2ConnectedState{ what=131155 when=-3ms arg1=285 }
03-10 12:28:33.151 E/WifiHW  (  643): wifi_send_command("SIGNAL_POLL")
03-10 12:28:33.171 D/StateMachine(  643): handleMessage: X
03-10 12:28:33.171 W/ResourceType( 1876): Failure getting entry for 0x7f070084 (t=6 e=132) in package 0 (error -75)
03-10 12:28:33.171 W/Resources( 1876): Converting to string: TypedValue{t=0x1/d=0x7f070084 a=-1 r=0x7f070084}
03-10 12:28:33.251 D/PowerManagerService(  643): releaseWakeLock flags=0x1 tag=ActivityManager-Launch
03-10 12:28:33.282 E/OdekakeDcfFile(  258): ERROR[m_pOdekakeDcfDemuxer==NULL]
03-10 12:28:33.292 W/QComExtractorFactory(  259): Didn't match the sniff <=== status = 5 
03-10 12:28:33.292 W/QComExtractorFactory(  259): Didn't match the sniff <=== status = 1 
03-10 12:28:33.292 W/QComExtractorFactory(  259): Didn't match the sniff <=== status = 1 
03-10 12:28:33.292 W/QComExtractorFactory(  259): Didn't match the sniff <=== status = 1 
03-10 12:28:33.292 E/MM_OSAL (  259): ValidateAACFile failed
03-10 12:28:33.292 W/QComExtractorFactory(  259): Didn't match the sniff <=== status = 1 
03-10 12:28:33.292 W/QComExtractorFactory(  259): Didn't match the sniff <=== status = 1 
03-10 12:28:33.292 E/OdekakeDcfFile(  258): ERROR[m_pOdekakeDcfDemuxer==NULL]
03-10 12:28:33.302 E/OdekakeDcfFile(  258): ERROR[m_pOdekakeDcfDemuxer==NULL]
03-10 12:28:33.302 D/StatusBar.NetworkController(  981): refreshViews: Data not connected!! Set no data type icon
03-10 12:28:33.332 W/QComExtractorFactory(  259): Didn't match the sniff <=== status = 5 
03-10 12:28:33.332 W/QComExtractorFactory(  259): Didn't match the sniff <=== status = 1 
03-10 12:28:33.332 W/QComExtractorFactory(  259): Didn't match the sniff <=== status = 1 
03-10 12:28:33.332 W/QComExtractorFactory(  259): Didn't match the sniff <=== status = 1 
03-10 12:28:33.332 E/MM_OSAL (  259): ValidateAACFile failed
03-10 12:28:33.332 W/QComExtractorFactory(  259): Didn't match the sniff <=== status = 1 
03-10 12:28:33.332 W/QComExtractorFactory(  259): Didn't match the sniff <=== status = 1 
03-10 12:28:33.332 E/OdekakeDcfFile(  258): ERROR[m_pOdekakeDcfDemuxer==NULL]
03-10 12:28:34.303 D/StatusBar.NetworkController(  981): refreshViews: Data not connected!! Set no data type icon
03-10 12:28:35.754 I/WifiManager(21044): Process ase.ui.activity requested a scan
03-10 12:28:35.764 D/StateMachine(  643): handleMessage: E msg.what=131143
03-10 12:28:35.774 D/StateMachine(  643): processMsg: ConnectedState
03-10 12:28:35.774 D/WifiStateMachine(  643): ConnectedState{ what=131143 when=-12ms arg1=2 }
03-10 12:28:35.774 D/StateMachine(  643): processMsg: L2ConnectedState
03-10 12:28:35.784 D/WifiStateMachine(  643): L2ConnectedState{ what=131143 when=-18ms arg1=2 }
03-10 12:28:35.784 E/WifiHW  (  643): wifi_send_command("AP_SCAN 2")
03-10 12:28:35.784 D/StateMachine(  643): processMsg: ConnectModeState
03-10 12:28:35.784 D/WifiStateMachine(  643): ConnectModeState{ what=131143 when=-26ms arg1=2 }
03-10 12:28:35.784 D/StateMachine(  643): processMsg: DriverStartedState
03-10 12:28:35.784 D/WifiStateMachine(  643): DriverStartedState{ what=131143 when=-28ms arg1=2 }
03-10 12:28:35.794 E/WifiHW  (  643): wifi_send_command("SCAN")
03-10 12:28:35.794 D/StateMachine(  643): handleMessage: X
03-10 12:28:36.175 D/StateMachine(  643): handleMessage: E msg.what=131155
03-10 12:28:36.175 D/StateMachine(  643): processMsg: ConnectedState
03-10 12:28:36.175 D/WifiStateMachine(  643): ConnectedState{ what=131155 when=-4ms arg1=285 }
03-10 12:28:36.195 D/StateMachine(  643): processMsg: L2ConnectedState
03-10 12:28:36.195 D/WifiStateMachine(  643): L2ConnectedState{ what=131155 when=-23ms arg1=285 }
03-10 12:28:36.205 E/WifiHW  (  643): wifi_send_command("SIGNAL_POLL")
03-10 12:28:36.285 D/StateMachine(  643): handleMessage: X
03-10 12:28:36.575 D/StateMachine(  643): handleMessage: E msg.what=147461
03-10 12:28:36.575 D/StateMachine(  643): processMsg: ConnectedState
03-10 12:28:36.575 D/WifiStateMachine(  643): ConnectedState{ what=147461 when=-4ms }
03-10 12:28:36.585 D/StateMachine(  643): processMsg: L2ConnectedState
03-10 12:28:36.585 D/WifiStateMachine(  643): L2ConnectedState{ what=147461 when=-17ms }
03-10 12:28:36.595 D/StateMachine(  643): processMsg: ConnectModeState
03-10 12:28:36.595 D/WifiStateMachine(  643): ConnectModeState{ what=147461 when=-22ms }
03-10 12:28:36.595 E/WifiHW  (  643): wifi_send_command("AP_SCAN 1")
03-10 12:28:36.605 D/StateMachine(  643): processMsg: DriverStartedState
03-10 12:28:36.605 D/WifiStateMachine(  643): DriverStartedState{ what=147461 when=-32ms }
03-10 12:28:36.605 D/StateMachine(  643): processMsg: SupplicantStartedState
03-10 12:28:36.615 D/WifiStateMachine(  643): SupplicantStartedState{ what=147461 when=-38ms }
03-10 12:28:36.615 E/WifiHW  (  643): wifi_send_command("SCAN_RESULTS")
03-10 12:28:36.625 D/StateMachine(  643): handleMessage: X
03-10 12:28:36.625 D/StateMachine(  643): handleMessage: E msg.what=131131
03-10 12:28:36.635 D/StateMachine(  643): processMsg: ConnectedState
03-10 12:28:36.635 D/WifiStateMachine(  643): ConnectedState{ what=131131 when=-7ms }
03-10 12:28:36.645 D/StateMachine(  643): processMsg: L2ConnectedState
03-10 12:28:36.645 D/WifiStateMachine(  643): L2ConnectedState{ what=131131 when=-15ms }
03-10 12:28:36.645 D/StateMachine(  643): processMsg: ConnectModeState
03-10 12:28:36.645 D/WifiStateMachine(  643): ConnectModeState{ what=131131 when=-19ms }
03-10 12:28:36.655 D/StateMachine(  643): processMsg: DriverStartedState
03-10 12:28:36.655 D/WifiStateMachine(  643): DriverStartedState{ what=131131 when=-27ms }
03-10 12:28:36.655 D/StateMachine(  643): processMsg: SupplicantStartedState
03-10 12:28:36.655 D/WifiStateMachine(  643): SupplicantStartedState{ what=131131 when=-29ms }
03-10 12:28:36.665 D/StateMachine(  643): handleMessage: X
03-10 12:28:36.685 W/ResourceType( 1876): Failure getting entry for 0x7f070084 (t=6 e=132) in package 0 (error -75)
03-10 12:28:36.695 W/Resources( 1876): Converting to string: TypedValue{t=0x1/d=0x7f070084 a=-1 r=0x7f070084}
03-10 12:28:38.557 D/SizeAdaptiveLayout(  981): com.android.internal.widget.SizeAdaptiveLayout@440d3ea0child view android.widget.RelativeLayout@440ea6e0 measured out of bounds at 189px clamped to 192px
03-10 12:28:38.998 I/WifiManager( 1876): Process .cm.wifiscanner requested a scan
03-10 12:28:38.998 D/StateMachine(  643): handleMessage: E msg.what=131143
03-10 12:28:39.008 D/StateMachine(  643): processMsg: ConnectedState
03-10 12:28:39.018 D/WifiStateMachine(  643): ConnectedState{ what=131143 when=-11ms arg1=2 }
03-10 12:28:39.018 D/StateMachine(  643): processMsg: L2ConnectedState
03-10 12:28:39.028 D/WifiStateMachine(  643): L2ConnectedState{ what=131143 when=-21ms arg1=2 }
03-10 12:28:39.028 E/WifiHW  (  643): wifi_send_command("AP_SCAN 2")
03-10 12:28:39.028 D/StateMachine(  643): processMsg: ConnectModeState
03-10 12:28:39.038 D/WifiStateMachine(  643): ConnectModeState{ what=131143 when=-34ms arg1=2 }
03-10 12:28:39.038 D/StateMachine(  643): processMsg: DriverStartedState
03-10 12:28:39.038 D/WifiStateMachine(  643): DriverStartedState{ what=131143 when=-37ms arg1=2 }
03-10 12:28:39.038 E/WifiHW  (  643): wifi_send_command("SCAN")
03-10 12:28:39.038 D/StateMachine(  643): handleMessage: X
03-10 12:28:39.288 D/StateMachine(  643): handleMessage: E msg.what=131155
03-10 12:28:39.288 D/StateMachine(  643): processMsg: ConnectedState
03-10 12:28:39.298 D/WifiStateMachine(  643): ConnectedState{ what=131155 when=-5ms arg1=285 }
03-10 12:28:39.298 D/StateMachine(  643): processMsg: L2ConnectedState
03-10 12:28:39.308 D/WifiStateMachine(  643): L2ConnectedState{ what=131155 when=-23ms arg1=285 }
03-10 12:28:39.308 E/WifiHW  (  643): wifi_send_command("SIGNAL_POLL")
03-10 12:28:39.318 D/StateMachine(  643): handleMessage: X
03-10 12:28:42.311 D/StateMachine(  643): handleMessage: E msg.what=131155
03-10 12:28:42.311 D/StateMachine(  643): processMsg: ConnectedState
03-10 12:28:42.321 D/WifiStateMachine(  643): ConnectedState{ what=131155 when=-15ms arg1=285 }
03-10 12:28:42.331 D/StateMachine(  643): processMsg: L2ConnectedState
03-10 12:28:42.341 D/WifiStateMachine(  643): L2ConnectedState{ what=131155 when=-29ms arg1=285 }
03-10 12:28:42.341 E/WifiHW  (  643): wifi_send_command("SIGNAL_POLL")
03-10 12:28:42.451 D/StateMachine(  643): handleMessage: X
03-10 12:28:42.742 D/StateMachine(  643): handleMessage: E msg.what=147461
03-10 12:28:42.742 D/StateMachine(  643): processMsg: ConnectedState
03-10 12:28:42.742 D/WifiStateMachine(  643): ConnectedState{ what=147461 when=-4ms }
03-10 12:28:42.752 D/StateMachine(  643): processMsg: L2ConnectedState
03-10 12:28:42.752 D/WifiStateMachine(  643): L2ConnectedState{ what=147461 when=-16ms }
03-10 12:28:42.762 D/StateMachine(  643): processMsg: ConnectModeState
03-10 12:28:42.762 D/WifiStateMachine(  643): ConnectModeState{ what=147461 when=-21ms }
03-10 12:28:42.762 E/WifiHW  (  643): wifi_send_command("AP_SCAN 1")
03-10 12:28:42.772 D/StateMachine(  643): processMsg: DriverStartedState
03-10 12:28:42.772 D/WifiStateMachine(  643): DriverStartedState{ what=147461 when=-33ms }
03-10 12:28:42.772 D/StateMachine(  643): processMsg: SupplicantStartedState
03-10 12:28:42.772 D/WifiStateMachine(  643): SupplicantStartedState{ what=147461 when=-36ms }
03-10 12:28:42.772 E/WifiHW  (  643): wifi_send_command("SCAN_RESULTS")
03-10 12:28:42.792 D/StateMachine(  643): handleMessage: X
03-10 12:28:42.792 D/StateMachine(  643): handleMessage: E msg.what=131131
03-10 12:28:42.792 D/StateMachine(  643): processMsg: ConnectedState
03-10 12:28:42.792 D/WifiStateMachine(  643): ConnectedState{ what=131131 when=-7ms }
03-10 12:28:42.792 D/StateMachine(  643): processMsg: L2ConnectedState
03-10 12:28:42.802 D/WifiStateMachine(  643): L2ConnectedState{ what=131131 when=-16ms }
03-10 12:28:42.802 D/StateMachine(  643): processMsg: ConnectModeState
03-10 12:28:42.802 D/WifiStateMachine(  643): ConnectModeState{ what=131131 when=-17ms }
03-10 12:28:42.802 D/StateMachine(  643): processMsg: DriverStartedState
03-10 12:28:42.802 D/WifiStateMachine(  643): DriverStartedState{ what=131131 when=-19ms }
03-10 12:28:42.812 D/StateMachine(  643): processMsg: SupplicantStartedState
03-10 12:28:42.812 D/WifiStateMachine(  643): SupplicantStartedState{ what=131131 when=-21ms }
03-10 12:28:42.812 D/PowerManagerService(  643): acquireWakeLock flags=0x1 tag=AlarmManager
03-10 12:28:42.822 D/PowerManagerService(  643): releaseWakeLock flags=0x1 tag=AlarmManager
03-10 12:28:42.832 D/StateMachine(  643): handleMessage: X
03-10 12:28:42.862 W/ResourceType( 1876): Failure getting entry for 0x7f070084 (t=6 e=132) in package 0 (error -75)
03-10 12:28:42.862 W/Resources( 1876): Converting to string: TypedValue{t=0x1/d=0x7f070084 a=-1 r=0x7f070084}
03-10 12:28:43.172 W/System.err( 1876): java.net.SocketTimeoutException
03-10 12:28:43.172 W/System.err( 1876): 	at java.net.PlainSocketImpl.read(PlainSocketImpl.java:492)
03-10 12:28:43.172 W/System.err( 1876): 	at java.net.PlainSocketImpl.access$000(PlainSocketImpl.java:46)
03-10 12:28:43.182 W/System.err( 1876): 	at java.net.PlainSocketImpl$PlainSocketInputStream.read(PlainSocketImpl.java:241)
03-10 12:28:43.182 W/System.err( 1876): 	at java.io.InputStream.read(InputStream.java:163)
03-10 12:28:43.202 W/System.err( 1876): 	at java.io.BufferedInputStream.fillbuf(BufferedInputStream.java:142)
03-10 12:28:43.202 W/System.err( 1876): 	at java.io.BufferedInputStream.read(BufferedInputStream.java:227)
03-10 12:28:43.202 W/System.err( 1876): 	at libcore.io.Streams.readAsciiLine(Streams.java:201)
03-10 12:28:43.212 W/System.err( 1876): 	at libcore.net.http.HttpEngine.readResponseHeaders(HttpEngine.java:560)
03-10 12:28:43.212 W/System.err( 1876): 	at libcore.net.http.HttpEngine.readResponse(HttpEngine.java:813)
03-10 12:28:43.212 W/System.err( 1876): 	at libcore.net.http.HttpURLConnectionImpl.getResponse(HttpURLConnectionImpl.java:274)
03-10 12:28:43.222 W/System.err( 1876): 	at libcore.net.http.HttpURLConnectionImpl.getResponseCode(HttpURLConnectionImpl.java:486)
03-10 12:28:43.222 W/System.err( 1876): 	at com.cm.wifiscanner.util.Utils.check591Server(Utils.java:114)
03-10 12:28:43.222 W/System.err( 1876): 	at com.cm.wifiscanner.wifi.WifiListActivity$WifiSecondCheckStatus.doInBackground(WifiListActivity.java:954)
03-10 12:28:43.232 W/System.err( 1876): 	at com.cm.wifiscanner.wifi.WifiListActivity$WifiSecondCheckStatus.doInBackground(WifiListActivity.java:1)
03-10 12:28:43.232 W/System.err( 1876): 	at android.os.AsyncTask$2.call(AsyncTask.java:287)
03-10 12:28:43.232 W/System.err( 1876): 	at java.util.concurrent.FutureTask$Sync.innerRun(FutureTask.java:305)
03-10 12:28:43.242 W/System.err( 1876): 	at java.util.concurrent.FutureTask.run(FutureTask.java:137)
03-10 12:28:43.242 W/System.err( 1876): 	at android.os.AsyncTask$SerialExecutor$1.run(AsyncTask.java:230)
03-10 12:28:43.242 W/System.err( 1876): 	at java.util.concurrent.ThreadPoolExecutor.runWorker(ThreadPoolExecutor.java:1076)
03-10 12:28:43.242 W/System.err( 1876): 	at java.util.concurrent.ThreadPoolExecutor$Worker.run(ThreadPoolExecutor.java:569)
03-10 12:28:43.252 W/System.err( 1876): 	at java.lang.Thread.run(Thread.java:856)
03-10 12:28:43.252 I/System.out( 1876): [WifiScanner]: WifiScannerActivity: WifiSecondCheckStatus: false
03-10 12:28:43.272 W/ResourceType( 1876): Failure getting entry for 0x7f070084 (t=6 e=132) in package 0 (error -75)
03-10 12:28:43.272 W/Resources( 1876): Converting to string: TypedValue{t=0x1/d=0x7f070084 a=-1 r=0x7f070084}
03-10 12:28:43.332 D/StatusBar.NetworkController(  981): refreshViews: Data not connected!! Set no data type icon
03-10 12:28:44.333 D/StatusBar.NetworkController(  981): refreshViews: Data not connected!! Set no data type icon
03-10 12:28:44.433 D/dalvikvm( 1656): WAIT_FOR_CONCURRENT_GC blocked 0ms
03-10 12:28:44.524 D/dalvikvm( 1656): GC_EXPLICIT freed 1356K, 53% free 22314K/46791K, paused 18ms+7ms, total 97ms
03-10 12:28:45.034 I/WifiManager( 1876): Process .cm.wifiscanner requested a scan
03-10 12:28:45.034 D/StateMachine(  643): handleMessage: E msg.what=131143
03-10 12:28:45.044 D/StateMachine(  643): processMsg: ConnectedState
03-10 12:28:45.044 D/WifiStateMachine(  643): ConnectedState{ what=131143 when=-12ms arg1=2 }
03-10 12:28:45.044 D/StateMachine(  643): processMsg: L2ConnectedState
03-10 12:28:45.044 D/WifiStateMachine(  643): L2ConnectedState{ what=131143 when=-15ms arg1=2 }
03-10 12:28:45.064 E/WifiHW  (  643): wifi_send_command("AP_SCAN 2")
03-10 12:28:45.074 D/StateMachine(  643): processMsg: ConnectModeState
03-10 12:28:45.074 D/WifiStateMachine(  643): ConnectModeState{ what=131143 when=-41ms arg1=2 }
03-10 12:28:45.074 D/StateMachine(  643): processMsg: DriverStartedState
03-10 12:28:45.074 D/WifiStateMachine(  643): DriverStartedState{ what=131143 when=-45ms arg1=2 }
03-10 12:28:45.074 E/WifiHW  (  643): wifi_send_command("SCAN")
03-10 12:28:45.074 D/StateMachine(  643): handleMessage: X
03-10 12:28:45.244 D/dalvikvm(  643): GC_CONCURRENT freed 6147K, 33% free 61497K/91527K, paused 35ms+13ms, total 196ms
03-10 12:28:45.454 D/StateMachine(  643): handleMessage: E msg.what=131155
03-10 12:28:45.454 D/StateMachine(  643): processMsg: ConnectedState
03-10 12:28:45.465 D/WifiStateMachine(  643): ConnectedState{ what=131155 when=-13ms arg1=285 }
03-10 12:28:45.465 D/StateMachine(  643): processMsg: L2ConnectedState
03-10 12:28:45.465 D/WifiStateMachine(  643): L2ConnectedState{ what=131155 when=-15ms arg1=285 }
03-10 12:28:45.475 E/WifiHW  (  643): wifi_send_command("SIGNAL_POLL")
03-10 12:28:45.485 D/StateMachine(  643): handleMessage: X
03-10 12:28:46.345 D/StatusBar.NetworkController(  981): refreshViews: Data not connected!! Set no data type icon
03-10 12:28:47.347 D/StatusBar.NetworkController(  981): refreshViews: Data not connected!! Set no data type icon
03-10 12:28:48.488 D/StateMachine(  643): handleMessage: E msg.what=131155
03-10 12:28:48.488 D/StateMachine(  643): processMsg: ConnectedState
03-10 12:28:48.488 D/WifiStateMachine(  643): ConnectedState{ what=131155 when=-4ms arg1=285 }
03-10 12:28:48.498 D/StateMachine(  643): processMsg: L2ConnectedState
03-10 12:28:48.508 D/WifiStateMachine(  643): L2ConnectedState{ what=131155 when=-19ms arg1=285 }
03-10 12:28:48.508 E/WifiHW  (  643): wifi_send_command("SIGNAL_POLL")
03-10 12:28:48.538 D/StateMachine(  643): handleMessage: X
03-10 12:28:48.718 D/PowerManagerService(  643): acquireWakeLock flags=0x1 tag=*vibrator*
03-10 12:28:48.748 D/StateMachine(  643): handleMessage: E msg.what=147461
03-10 12:28:48.748 D/StateMachine(  643): processMsg: ConnectedState
03-10 12:28:48.748 D/WifiStateMachine(  643): ConnectedState{ what=147461 when=-3ms }
03-10 12:28:48.748 D/StateMachine(  643): processMsg: L2ConnectedState
03-10 12:28:48.758 D/WifiStateMachine(  643): L2ConnectedState{ what=147461 when=-10ms }
03-10 12:28:48.758 D/StateMachine(  643): processMsg: ConnectModeState
03-10 12:28:48.758 D/WifiStateMachine(  643): ConnectModeState{ what=147461 when=-14ms }
03-10 12:28:48.758 E/WifiHW  (  643): wifi_send_command("AP_SCAN 1")
03-10 12:28:48.758 D/StateMachine(  643): processMsg: DriverStartedState
03-10 12:28:48.758 D/WifiStateMachine(  643): DriverStartedState{ what=147461 when=-17ms }
03-10 12:28:48.758 D/StateMachine(  643): processMsg: SupplicantStartedState
03-10 12:28:48.758 D/WifiStateMachine(  643): SupplicantStartedState{ what=147461 when=-18ms }
03-10 12:28:48.768 E/WifiHW  (  643): wifi_send_command("SCAN_RESULTS")
03-10 12:28:48.778 D/StateMachine(  643): handleMessage: X
03-10 12:28:48.778 D/StateMachine(  643): handleMessage: E msg.what=131131
03-10 12:28:48.778 D/StateMachine(  643): processMsg: ConnectedState
03-10 12:28:48.778 D/WifiStateMachine(  643): ConnectedState{ what=131131 when=-2ms }
03-10 12:28:48.778 D/StateMachine(  643): processMsg: L2ConnectedState
03-10 12:28:48.778 D/PowerManagerService(  643): releaseWakeLock flags=0x1 tag=*vibrator*
03-10 12:28:48.788 D/WifiStateMachine(  643): L2ConnectedState{ what=131131 when=-6ms }
03-10 12:28:48.788 D/StateMachine(  643): processMsg: ConnectModeState
03-10 12:28:48.788 D/WifiStateMachine(  643): ConnectModeState{ what=131131 when=-9ms }
03-10 12:28:48.788 D/StateMachine(  643): processMsg: DriverStartedState
03-10 12:28:48.788 D/WifiStateMachine(  643): DriverStartedState{ what=131131 when=-9ms }
03-10 12:28:48.788 D/StateMachine(  643): processMsg: SupplicantStartedState
03-10 12:28:48.788 D/WifiStateMachine(  643): SupplicantStartedState{ what=131131 when=-10ms }
03-10 12:28:48.798 D/StateMachine(  643): handleMessage: X
03-10 12:28:48.828 W/ResourceType( 1876): Failure getting entry for 0x7f070084 (t=6 e=132) in package 0 (error -75)
03-10 12:28:48.838 W/Resources( 1876): Converting to string: TypedValue{t=0x1/d=0x7f070084 a=-1 r=0x7f070084}
03-10 12:28:49.018 D/dalvikvm(  981): GC_CONCURRENT freed 17773K, 58% free 38010K/88519K, paused 4ms+4ms, total 33ms
03-10 12:28:49.018 D/dalvikvm(  981): WAIT_FOR_CONCURRENT_GC blocked 16ms
03-10 12:28:49.309 D/PowerManagerService(  643): acquireWakeLock flags=0x1 tag=*vibrator*
03-10 12:28:49.369 D/PowerManagerService(  643): releaseWakeLock flags=0x1 tag=*vibrator*
03-10 12:28:49.759 W/InputMethodManagerService(  643): Window already focused, ignoring focus gain of: com.android.internal.view.IInputMethodClient$Stub$Proxy@444a36e0 attribute=null
03-10 12:28:49.869 D/PowerManagerService(  643): acquireWakeLock flags=0x1 tag=*vibrator*
03-10 12:28:49.919 D/PowerManagerService(  643): releaseWakeLock flags=0x1 tag=*vibrator*
03-10 12:28:50.059 D/dalvikvm(  981): GC_CONCURRENT freed 10858K, 62% free 33936K/88519K, paused 14ms+6ms, total 89ms
03-10 12:28:50.210 D/dalvikvm(  981): GC_CONCURRENT freed 1191K, 55% free 40247K/88519K, paused 14ms+27ms, total 85ms
03-10 12:28:50.790 D/dalvikvm(  981): GC_CONCURRENT freed 1013K, 48% free 46098K/88519K, paused 3ms+4ms, total 33ms
03-10 12:28:51.060 I/WifiManager( 1876): Process .cm.wifiscanner requested a scan
03-10 12:28:51.060 D/StateMachine(  643): handleMessage: E msg.what=131143
03-10 12:28:51.060 D/StateMachine(  643): processMsg: ConnectedState
03-10 12:28:51.060 D/WifiStateMachine(  643): ConnectedState{ what=131143 when=-3ms arg1=2 }
03-10 12:28:51.060 D/StateMachine(  643): processMsg: L2ConnectedState
03-10 12:28:51.070 D/WifiStateMachine(  643): L2ConnectedState{ what=131143 when=-9ms arg1=2 }
03-10 12:28:51.070 E/WifiHW  (  643): wifi_send_command("AP_SCAN 2")
03-10 12:28:51.070 D/StateMachine(  643): processMsg: ConnectModeState
03-10 12:28:51.070 D/WifiStateMachine(  643): ConnectModeState{ what=131143 when=-14ms arg1=2 }
03-10 12:28:51.070 D/StateMachine(  643): processMsg: DriverStartedState
03-10 12:28:51.081 D/WifiStateMachine(  643): DriverStartedState{ what=131143 when=-17ms arg1=2 }
03-10 12:28:51.081 E/WifiHW  (  643): wifi_send_command("SCAN")
03-10 12:28:51.081 D/StateMachine(  643): handleMessage: X
03-10 12:28:51.191 D/PowerManagerService(  643): acquireWakeLock flags=0x1 tag=ActivityManager-Launch
03-10 12:28:51.211 I/System.out( 1876): [WifiScanner]: WiFiScanService: Service Create
03-10 12:28:51.241 I/Adreno200-C2D(29970): <c2d_wrapper_init:121>: C2D2 initializing a3xx version: libc2d2_a3xx.so
03-10 12:28:51.241 I/Adreno200-C2D(29970): <c2d_wrapper_init:183>: C2D2 wrapper initialized successfully
03-10 12:28:51.241 I/Adreno200-C2D(29970): <c2d_cmd_res_init:104>: Allocate CMD Buffer Address  0x6af26000 0x1009a000 
03-10 12:28:51.351 I/Adreno200-C2D( 1876): <c2d_driver_deinit:77>: C2D2 De-Init A3xx version
03-10 12:28:51.351 D/PowerManagerService(  643): releaseWakeLock flags=0x1 tag=ActivityManager-Launch
03-10 12:28:51.361 I/Adreno200-C2D( 1876): <c2d_cmd_res_deinit:157>: GPU DeAllocated Address 0x67c6b000 0x1009a000 
03-10 12:28:51.371 D/StatusBar.NetworkController(  981): refreshViews: Data not connected!! Set no data type icon
03-10 12:28:51.531 D/StateMachine(  643): handleMessage: E msg.what=131155
03-10 12:28:51.531 D/StateMachine(  643): processMsg: ConnectedState
03-10 12:28:51.531 D/WifiStateMachine(  643): ConnectedState{ what=131155 when=-2ms arg1=285 }
03-10 12:28:51.531 D/StateMachine(  643): processMsg: L2ConnectedState
03-10 12:28:51.531 D/WifiStateMachine(  643): L2ConnectedState{ what=131155 when=-3ms arg1=285 }
03-10 12:28:51.531 E/WifiHW  (  643): wifi_send_command("SIGNAL_POLL")
03-10 12:28:51.541 D/StateMachine(  643): handleMessage: X
03-10 12:28:51.641 E/OdekakeDcfFile(  258): ERROR[m_pOdekakeDcfDemuxer==NULL]
03-10 12:28:51.651 W/QComExtractorFactory(  259): Didn't match the sniff <=== status = 5 
03-10 12:28:51.651 W/QComExtractorFactory(  259): Didn't match the sniff <=== status = 1 
03-10 12:28:51.651 W/QComExtractorFactory(  259): Didn't match the sniff <=== status = 1 
03-10 12:28:51.651 W/QComExtractorFactory(  259): Didn't match the sniff <=== status = 1 
03-10 12:28:51.651 E/MM_OSAL (  259): ValidateAACFile failed
03-10 12:28:51.651 W/QComExtractorFactory(  259): Didn't match the sniff <=== status = 1 
03-10 12:28:51.651 W/QComExtractorFactory(  259): Didn't match the sniff <=== status = 1 
03-10 12:28:51.661 E/OdekakeDcfFile(  258): ERROR[m_pOdekakeDcfDemuxer==NULL]
03-10 12:28:51.681 E/OdekakeDcfFile(  258): ERROR[m_pOdekakeDcfDemuxer==NULL]
03-10 12:28:51.681 D/PhoneStatusBar(  981): addNotification score=0
03-10 12:28:51.701 W/QComExtractorFactory(  259): Didn't match the sniff <=== status = 5 
03-10 12:28:51.701 W/QComExtractorFactory(  259): Didn't match the sniff <=== status = 1 
03-10 12:28:51.701 W/QComExtractorFactory(  259): Didn't match the sniff <=== status = 1 
03-10 12:28:51.701 W/QComExtractorFactory(  259): Didn't match the sniff <=== status = 1 
03-10 12:28:51.701 E/MM_OSAL (  259): ValidateAACFile failed
03-10 12:28:51.701 W/QComExtractorFactory(  259): Didn't match the sniff <=== status = 1 
03-10 12:28:51.701 W/QComExtractorFactory(  259): Didn't match the sniff <=== status = 1 
03-10 12:28:51.701 E/OdekakeDcfFile(  258): ERROR[m_pOdekakeDcfDemuxer==NULL]
03-10 12:28:51.701 E/OdekakeDcfFile(  258): ERROR[m_pOdekakeDcfDemuxer==NULL]
03-10 12:28:51.731 W/QComExtractorFactory(  259): Didn't match the sniff <=== status = 5 
03-10 12:28:51.731 W/QComExtractorFactory(  259): Didn't match the sniff <=== status = 1 
03-10 12:28:51.731 W/QComExtractorFactory(  259): Didn't match the sniff <=== status = 1 
03-10 12:28:51.731 W/QComExtractorFactory(  259): Didn't match the sniff <=== status = 1 
03-10 12:28:51.731 E/MM_OSAL (  259): ValidateAACFile failed
03-10 12:28:51.731 W/QComExtractorFactory(  259): Didn't match the sniff <=== status = 1 
03-10 12:28:51.731 W/QComExtractorFactory(  259): Didn't match the sniff <=== status = 1 
03-10 12:28:51.731 E/OdekakeDcfFile(  258): ERROR[m_pOdekakeDcfDemuxer==NULL]
03-10 12:28:51.731 D/SizeAdaptiveLayout(  981): com.android.internal.widget.SizeAdaptiveLayout@44141278child view android.widget.NotificationFrameLayout@441427e8 measured out of bounds at 189px clamped to 192px
03-10 12:28:52.102 D/PowerManagerService(  643): acquireWakeLock flags=0x1 tag=AlarmManager
03-10 12:28:52.112 D/PowerManagerService(  643): releaseWakeLock flags=0x1 tag=AlarmManager
03-10 12:28:52.272 W/System.err(29970): java.io.IOException: java.net.URISyntaxException: Authority expected at index 7: http://
03-10 12:28:52.272 W/System.err(29970): 	at libcore.net.http.HttpEngine.<init>(HttpEngine.java:197)
03-10 12:28:52.272 W/System.err(29970): 	at libcore.net.http.HttpURLConnectionImpl.newHttpEngine(HttpURLConnectionImpl.java:256)
03-10 12:28:52.272 W/System.err(29970): 	at libcore.net.http.HttpURLConnectionImpl.initHttpEngine(HttpURLConnectionImpl.java:243)
03-10 12:28:52.282 W/System.err(29970): 	at libcore.net.http.HttpURLConnectionImpl.connect(HttpURLConnectionImpl.java:78)
03-10 12:28:52.282 W/System.err(29970): 	at com.example.netconnect.MainActivity$NetConnectkTask.doInBackground(MainActivity.java:68)
03-10 12:28:52.282 W/System.err(29970): 	at com.example.netconnect.MainActivity$NetConnectkTask.doInBackground(MainActivity.java:1)
03-10 12:28:52.302 W/System.err(29970): 	at android.os.AsyncTask$2.call(AsyncTask.java:287)
03-10 12:28:52.302 W/System.err(29970): 	at java.util.concurrent.FutureTask$Sync.innerRun(FutureTask.java:305)
03-10 12:28:52.312 W/System.err(29970): 	at java.util.concurrent.FutureTask.run(FutureTask.java:137)
03-10 12:28:52.312 W/System.err(29970): 	at android.os.AsyncTask$SerialExecutor$1.run(AsyncTask.java:230)
03-10 12:28:52.322 W/System.err(29970): 	at java.util.concurrent.ThreadPoolExecutor.runWorker(ThreadPoolExecutor.java:1076)
03-10 12:28:52.322 W/System.err(29970): 	at java.util.concurrent.ThreadPoolExecutor$Worker.run(ThreadPoolExecutor.java:569)
03-10 12:28:52.322 W/System.err(29970): 	at java.lang.Thread.run(Thread.java:856)
03-10 12:28:52.332 W/System.err(29970): Caused by: java.net.URISyntaxException: Authority expected at index 7: http://
03-10 12:28:52.332 W/System.err(29970): 	at java.net.URI.parseURI(URI.java:391)
03-10 12:28:52.332 W/System.err(29970): 	at java.net.URI.<init>(URI.java:204)
03-10 12:28:52.342 W/System.err(29970): 	at java.net.URL.toURILenient(URL.java:510)
03-10 12:28:52.342 W/System.err(29970): 	at libcore.net.http.HttpEngine.<init>(HttpEngine.java:195)
03-10 12:28:52.342 W/System.err(29970): 	... 12 more
03-10 12:28:52.352 D/StatusBar.NetworkController(  981): refreshViews: Data not connected!! Set no data type icon
03-10 12:28:52.812 D/PowerManagerService(  643): acquireWakeLock flags=0x1 tag=AlarmManager
03-10 12:28:52.842 D/PowerManagerService(  643): releaseWakeLock flags=0x1 tag=AlarmManager
03-10 12:28:54.004 D/PowerManagerService(  643): acquireWakeLock flags=0x1 tag=*vibrator*
03-10 12:28:54.054 D/PowerManagerService(  643): releaseWakeLock flags=0x1 tag=*vibrator*
03-10 12:28:54.264 W/QCNEJ   (  643): |CORE| mDefaultApnLinkProp is null
03-10 12:28:54.264 E/Parcel  (  377): Reading a NULL string not supported here.
03-10 12:28:54.264 E/Parcel  (  377): Reading a NULL string not supported here.
03-10 12:28:54.314 D/dalvikvm(  981): GC_CONCURRENT freed 15341K, 57% free 38122K/88519K, paused 13ms+7ms, total 77ms
03-10 12:28:54.314 D/dalvikvm(  981): WAIT_FOR_CONCURRENT_GC blocked 28ms
03-10 12:28:54.464 D/StatusBar.NetworkController(  981): refreshViews: Data not connected!! Set no data type icon
03-10 12:28:54.544 D/StateMachine(  643): handleMessage: E msg.what=131155
03-10 12:28:54.544 D/StateMachine(  643): processMsg: ConnectedState
03-10 12:28:54.544 D/WifiStateMachine(  643): ConnectedState{ what=131155 when=-3ms arg1=285 }
03-10 12:28:54.544 D/StateMachine(  643): processMsg: L2ConnectedState
03-10 12:28:54.544 D/WifiStateMachine(  643): L2ConnectedState{ what=131155 when=-4ms arg1=285 }
03-10 12:28:54.544 E/WifiHW  (  643): wifi_send_command("SIGNAL_POLL")
03-10 12:28:54.554 D/StateMachine(  643): handleMessage: X
03-10 12:28:54.704 D/StateMachine(  643): handleMessage: E msg.what=147461
03-10 12:28:54.704 D/StateMachine(  643): processMsg: ConnectedState
03-10 12:28:54.704 D/WifiStateMachine(  643): ConnectedState{ what=147461 when=-1ms }
03-10 12:28:54.704 D/StateMachine(  643): processMsg: L2ConnectedState
03-10 12:28:54.704 D/WifiStateMachine(  643): L2ConnectedState{ what=147461 when=-1ms }
03-10 12:28:54.704 D/StateMachine(  643): processMsg: ConnectModeState
03-10 12:28:54.704 D/WifiStateMachine(  643): ConnectModeState{ what=147461 when=-2ms }
03-10 12:28:54.704 E/WifiHW  (  643): wifi_send_command("AP_SCAN 1")
03-10 12:28:54.704 D/StateMachine(  643): processMsg: DriverStartedState
03-10 12:28:54.704 D/WifiStateMachine(  643): DriverStartedState{ what=147461 when=-3ms }
03-10 12:28:54.704 D/StateMachine(  643): processMsg: SupplicantStartedState
03-10 12:28:54.704 D/WifiStateMachine(  643): SupplicantStartedState{ what=147461 when=-3ms }
03-10 12:28:54.704 E/WifiHW  (  643): wifi_send_command("SCAN_RESULTS")
03-10 12:28:54.704 D/StateMachine(  643): handleMessage: X
03-10 12:28:54.955 D/dalvikvm(  981): GC_CONCURRENT freed 133K, 48% free 46180K/88519K, paused 13ms+4ms, total 53ms
03-10 12:28:55.585 D/PowerManagerService(  643): acquireWakeLock flags=0x1 tag=ActivityManager-Launch
03-10 12:28:55.645 I/Adreno200-C2D(30046): <c2d_wrapper_init:121>: C2D2 initializing a3xx version: libc2d2_a3xx.so
03-10 12:28:55.645 I/Adreno200-C2D(30046): <c2d_wrapper_init:183>: C2D2 wrapper initialized successfully
03-10 12:28:55.645 I/Adreno200-C2D(30046): <c2d_cmd_res_init:104>: Allocate CMD Buffer Address  0x680aa000 0x1009a000 
03-10 12:28:55.766 D/PowerManagerService(  643): releaseWakeLock flags=0x1 tag=ActivityManager-Launch
03-10 12:28:55.776 I/Adreno200-C2D(29970): <c2d_driver_deinit:77>: C2D2 De-Init A3xx version
03-10 12:28:55.786 I/Adreno200-C2D(29970): <c2d_cmd_res_deinit:157>: GPU DeAllocated Address 0x6af26000 0x1009a000 
03-10 12:28:55.966 W/IInputConnectionWrapper(29970): showStatusIcon on inactive InputConnection
03-10 12:28:56.016 E/OdekakeDcfFile(  258): ERROR[m_pOdekakeDcfDemuxer==NULL]
03-10 12:28:56.026 W/QComExtractorFactory(  259): Didn't match the sniff <=== status = 5 
03-10 12:28:56.026 W/QComExtractorFactory(  259): Didn't match the sniff <=== status = 1 
03-10 12:28:56.026 W/QComExtractorFactory(  259): Didn't match the sniff <=== status = 1 
03-10 12:28:56.026 W/QComExtractorFactory(  259): Didn't match the sniff <=== status = 1 
03-10 12:28:56.026 E/MM_OSAL (  259): ValidateAACFile failed
03-10 12:28:56.026 W/QComExtractorFactory(  259): Didn't match the sniff <=== status = 1 
03-10 12:28:56.026 W/QComExtractorFactory(  259): Didn't match the sniff <=== status = 1 
03-10 12:28:56.026 E/OdekakeDcfFile(  258): ERROR[m_pOdekakeDcfDemuxer==NULL]
03-10 12:28:56.046 E/OdekakeDcfFile(  258): ERROR[m_pOdekakeDcfDemuxer==NULL]
03-10 12:28:56.056 W/QComExtractorFactory(  259): Didn't match the sniff <=== status = 5 
03-10 12:28:56.056 W/QComExtractorFactory(  259): Didn't match the sniff <=== status = 1 
03-10 12:28:56.056 W/QComExtractorFactory(  259): Didn't match the sniff <=== status = 1 
03-10 12:28:56.056 W/QComExtractorFactory(  259): Didn't match the sniff <=== status = 1 
03-10 12:28:56.056 E/MM_OSAL (  259): ValidateAACFile failed
03-10 12:28:56.056 W/QComExtractorFactory(  259): Didn't match the sniff <=== status = 1 
03-10 12:28:56.056 W/QComExtractorFactory(  259): Didn't match the sniff <=== status = 1 
03-10 12:28:56.056 E/OdekakeDcfFile(  258): ERROR[m_pOdekakeDcfDemuxer==NULL]
03-10 12:28:56.056 E/OdekakeDcfFile(  258): ERROR[m_pOdekakeDcfDemuxer==NULL]
03-10 12:28:56.076 D/SizeAdaptiveLayout(  981): com.android.internal.widget.SizeAdaptiveLayout@44141278child view android.widget.NotificationFrameLayout@441427e8 measured out of bounds at 189px clamped to 192px
03-10 12:28:56.076 D/SizeAdaptiveLayout(  981): com.android.internal.widget.SizeAdaptiveLayout@44141278child view android.widget.NotificationFrameLayout@441427e8 measured out of bounds at 189px clamped to 192px
03-10 12:28:56.086 W/QComExtractorFactory(  259): Didn't match the sniff <=== status = 5 
03-10 12:28:56.086 W/QComExtractorFactory(  259): Didn't match the sniff <=== status = 1 
03-10 12:28:56.086 W/QComExtractorFactory(  259): Didn't match the sniff <=== status = 1 
03-10 12:28:56.086 W/QComExtractorFactory(  259): Didn't match the sniff <=== status = 1 
03-10 12:28:56.086 E/MM_OSAL (  259): ValidateAACFile failed
03-10 12:28:56.086 W/QComExtractorFactory(  259): Didn't match the sniff <=== status = 1 
03-10 12:28:56.086 W/QComExtractorFactory(  259): Didn't match the sniff <=== status = 1 
03-10 12:28:56.086 E/OdekakeDcfFile(  258): ERROR[m_pOdekakeDcfDemuxer==NULL]
03-10 12:28:56.476 D/NetworkTest(30046): address:10.1.0.1:3660
03-10 12:28:56.486 D/NetworkTest(30046): doInBackground: Start
03-10 12:28:56.486 D/NetworkTest(30046): doInBackground: CheckPoint 0
03-10 12:28:56.496 D/NetworkTest(30046): doInBackground: CheckPoint 1
03-10 12:28:56.526 D/NetworkTest(30046): responeCode: 200
03-10 12:28:56.536 D/NetworkTest(30046): doInBackground: CheckPoint 2
03-10 12:28:56.546 D/NetworkTest(30046): onPostExecute: Respone Code:200
03-10 12:28:56.546 D/NetworkTest(30046): InputStream:<!DOCTYPE HTML PUBLIC "-//W3C//DTD HTML 4.0 Transitional//EN">
03-10 12:28:56.546 D/NetworkTest(30046): <html>
03-10 12:28:56.546 D/NetworkTest(30046): <head>
03-10 12:28:56.546 D/NetworkTest(30046): <meta http-equiv="Pragma" CONTENT="no-cache">
03-10 12:28:56.546 D/NetworkTest(30046): <meta http-equiv="Expires" CONTENT="-1">
03-10 12:28:56.546 D/NetworkTest(30046): <meta http-equiv="Content-type" content="text/html; charset=GBK" />
03-10 12:28:56.546 D/NetworkTest(30046): <title>591wifi</title>
03-10 12:28:56.546 D/NetworkTest(30046): <!-- redirecting... either by meta tag or javascript -->
03-10 12:28:56.546 D/NetworkTest(30046): <script type="text/javascript" language="Javascript">
03-10 12:28:56.546 D/NetworkTest(30046): //<!--
03-10 12:28:56.546 D/NetworkTest(30046): function getURLParam(n) {
03-10 12:28:56.546 D/NetworkTest(30046):   var s = "";
03-10 12:28:56.546 D/NetworkTest(30046):   var href = window.location.href;
03-10 12:28:56.546 D/NetworkTest(30046):   var idx = href.indexOf("?");
03-10 12:28:56.546 D/NetworkTest(30046):   if (idx > -1) {
03-10 12:28:56.546 D/NetworkTest(30046):     var qs = href.substr(idx + 1);
03-10 12:28:56.546 D/NetworkTest(30046):     idx = qs.indexOf(n + "=");
03-10 12:28:56.546 D/NetworkTest(30046):     if (idx > -1) {
03-10 12:28:56.546 D/NetworkTest(30046):       s = qs.substr(idx + n.length + 1);
03-10 12:28:56.546 D/NetworkTest(30046):       if (s.charAt(4) == '%' || s.charAt(5) == '%') {
03-10 12:28:56.546 D/NetworkTest(30046):         s = s.replace(/%3a/g, ":");
03-10 12:28:56.546 D/NetworkTest(30046):         s = s.replace(/%2f/g, "/");
03-10 12:28:56.546 D/NetworkTest(30046):         s = s.replace(/%3f/g, "?");
03-10 12:28:56.546 D/NetworkTest(30046):         s = s.replace(/%3d/g, "=");
03-10 12:28:56.546 D/NetworkTest(30046):         s = s.replace(/%26/g, "&");
03-10 12:28:56.546 D/NetworkTest(30046):         s = s.replace(/%25/g, "%");
03-10 12:28:56.546 D/NetworkTest(30046):         s = s.replace(/\+/g, " ");
03-10 12:28:56.546 D/NetworkTest(30046):       }
03-10 12:28:56.546 D/NetworkTest(30046):       return s;
03-10 12:28:56.546 D/NetworkTest(30046):     }
03-10 12:28:56.546 D/NetworkTest(30046):   }
03-10 12:28:56.546 D/NetworkTest(30046): }
