03-10 12:30:11.356 D/StateMachine(  643): processMsg: ConnectedState
03-10 12:30:11.356 D/WifiStateMachine(  643): ConnectedState{ what=131143 when=-11ms arg1=2 }
03-10 12:30:11.356 D/StateMachine(  643): processMsg: L2ConnectedState
03-10 12:30:11.366 D/WifiStateMachine(  643): L2ConnectedState{ what=131143 when=-14ms arg1=2 }
03-10 12:30:11.366 E/WifiHW  (  643): wifi_send_command("AP_SCAN 2")
03-10 12:30:11.366 D/StateMachine(  643): processMsg: ConnectModeState
03-10 12:30:11.366 D/WifiStateMachine(  643): ConnectModeState{ what=131143 when=-21ms arg1=2 }
03-10 12:30:11.366 D/StateMachine(  643): processMsg: DriverStartedState
03-10 12:30:11.366 D/WifiStateMachine(  643): DriverStartedState{ what=131143 when=-24ms arg1=2 }
03-10 12:30:11.376 E/WifiHW  (  643): wifi_send_command("SCAN")
03-10 12:30:11.376 D/StateMachine(  643): handleMessage: X
03-10 12:30:12.818 D/PowerManagerService(  643): acquireWakeLock flags=0x1 tag=AlarmManager
03-10 12:30:12.848 D/PowerManagerService(  643): releaseWakeLock flags=0x1 tag=AlarmManager
03-10 12:30:13.799 D/PowerManagerService(  643): acquireWakeLock flags=0x1 tag=AlarmManager
03-10 12:30:13.819 D/PowerManagerService(  643): acquireWakeLock flags=0x1 tag=Event Log Handoff
03-10 12:30:13.839 D/PowerManagerService(  643): releaseWakeLock flags=0x1 tag=AlarmManager
03-10 12:30:13.839 D/PowerManagerService(  643): acquireWakeLock flags=0x1 tag=Event Log Service
03-10 12:30:13.849 D/PowerManagerService(  643): releaseWakeLock flags=0x1 tag=Event Log Handoff
03-10 12:30:13.859 I/EventLogService(23348): Aggregate from 1362888013749 (log), 1362888013749 (data)
03-10 12:30:13.899 D/StateMachine(  643): handleMessage: E msg.what=131155
03-10 12:30:13.899 D/StateMachine(  643): processMsg: ConnectedState
03-10 12:30:13.899 D/WifiStateMachine(  643): ConnectedState{ what=131155 when=-5ms arg1=285 }
03-10 12:30:13.909 D/StateMachine(  643): processMsg: L2ConnectedState
03-10 12:30:13.909 D/WifiStateMachine(  643): L2ConnectedState{ what=131155 when=-10ms arg1=285 }
03-10 12:30:13.909 E/WifiHW  (  643): wifi_send_command("SIGNAL_POLL")
03-10 12:30:13.939 D/PowerManagerService(  643): releaseWakeLock flags=0x1 tag=Event Log Service
03-10 12:30:13.959 D/StateMachine(  643): handleMessage: X
03-10 12:30:15.090 D/StateMachine(  643): handleMessage: E msg.what=147461
03-10 12:30:15.090 D/StateMachine(  643): processMsg: ConnectedState
03-10 12:30:15.090 D/WifiStateMachine(  643): ConnectedState{ what=147461 when=-3ms }
03-10 12:30:15.090 D/StateMachine(  643): processMsg: L2ConnectedState
03-10 12:30:15.100 D/WifiStateMachine(  643): L2ConnectedState{ what=147461 when=-8ms }
03-10 12:30:15.100 D/StateMachine(  643): processMsg: ConnectModeState
03-10 12:30:15.100 D/WifiStateMachine(  643): ConnectModeState{ what=147461 when=-12ms }
03-10 12:30:15.100 E/WifiHW  (  643): wifi_send_command("AP_SCAN 1")
03-10 12:30:15.100 D/StateMachine(  643): processMsg: DriverStartedState
03-10 12:30:15.100 D/WifiStateMachine(  643): DriverStartedState{ what=147461 when=-16ms }
03-10 12:30:15.100 D/StateMachine(  643): processMsg: SupplicantStartedState
03-10 12:30:15.100 D/WifiStateMachine(  643): SupplicantStartedState{ what=147461 when=-17ms }
03-10 12:30:15.100 E/WifiHW  (  643): wifi_send_command("SCAN_RESULTS")
03-10 12:30:15.110 D/StateMachine(  643): handleMessage: X
03-10 12:30:15.120 D/StateMachine(  643): handleMessage: E msg.what=131131
03-10 12:30:15.120 D/StateMachine(  643): processMsg: ConnectedState
03-10 12:30:15.120 D/WifiStateMachine(  643): ConnectedState{ what=131131 when=-2ms }
03-10 12:30:15.120 D/StateMachine(  643): processMsg: L2ConnectedState
03-10 12:30:15.130 D/WifiStateMachine(  643): L2ConnectedState{ what=131131 when=-5ms }
03-10 12:30:15.130 D/StateMachine(  643): processMsg: ConnectModeState
03-10 12:30:15.130 D/WifiStateMachine(  643): ConnectModeState{ what=131131 when=-6ms }
03-10 12:30:15.130 D/StateMachine(  643): processMsg: DriverStartedState
03-10 12:30:15.130 D/WifiStateMachine(  643): DriverStartedState{ what=131131 when=-7ms }
03-10 12:30:15.130 D/StateMachine(  643): processMsg: SupplicantStartedState
03-10 12:30:15.130 D/WifiStateMachine(  643): SupplicantStartedState{ what=131131 when=-7ms }
03-10 12:30:15.140 D/StateMachine(  643): handleMessage: X
03-10 12:30:15.150 W/ResourceType( 1876): Failure getting entry for 0x7f070084 (t=6 e=132) in package 0 (error -75)
03-10 12:30:15.150 W/Resources( 1876): Converting to string: TypedValue{t=0x1/d=0x7f070084 a=-1 r=0x7f070084}
03-10 12:30:16.572 W/QCNEJ   (  643): |CORE| mDefaultApnLinkProp is null
03-10 12:30:16.572 E/Parcel  (  377): Reading a NULL string not supported here.
03-10 12:30:16.572 E/Parcel  (  377): Reading a NULL string not supported here.
03-10 12:30:16.572 D/StatusBar.NetworkController(  981): refreshViews: Data not connected!! Set no data type icon
03-10 12:30:16.952 D/StateMachine(  643): handleMessage: E msg.what=131155
03-10 12:30:16.952 D/StateMachine(  643): processMsg: ConnectedState
03-10 12:30:16.952 D/WifiStateMachine(  643): ConnectedState{ what=131155 when=-6ms arg1=285 }
03-10 12:30:16.962 D/StateMachine(  643): processMsg: L2ConnectedState
03-10 12:30:16.962 D/WifiStateMachine(  643): L2ConnectedState{ what=131155 when=-17ms arg1=285 }
03-10 12:30:16.962 E/WifiHW  (  643): wifi_send_command("SIGNAL_POLL")
03-10 12:30:16.982 D/StatusBar.NetworkController(  981): refreshViews: Data not connected!! Set no data type icon
03-10 12:30:17.012 D/StateMachine(  643): handleMessage: X
03-10 12:30:17.373 I/WifiManager( 1876): Process .cm.wifiscanner requested a scan
03-10 12:30:17.373 D/StateMachine(  643): handleMessage: E msg.what=131143
03-10 12:30:17.373 D/StateMachine(  643): processMsg: ConnectedState
03-10 12:30:17.383 D/WifiStateMachine(  643): ConnectedState{ what=131143 when=-14ms arg1=2 }
03-10 12:30:17.383 D/StateMachine(  643): processMsg: L2ConnectedState
03-10 12:30:17.383 D/WifiStateMachine(  643): L2ConnectedState{ what=131143 when=-17ms arg1=2 }
03-10 12:30:17.383 E/WifiHW  (  643): wifi_send_command("AP_SCAN 2")
03-10 12:30:17.393 D/StateMachine(  643): processMsg: ConnectModeState
03-10 12:30:17.393 D/WifiStateMachine(  643): ConnectModeState{ what=131143 when=-25ms arg1=2 }
03-10 12:30:17.393 D/StateMachine(  643): processMsg: DriverStartedState
03-10 12:30:17.393 D/WifiStateMachine(  643): DriverStartedState{ what=131143 when=-26ms arg1=2 }
03-10 12:30:17.393 E/WifiHW  (  643): wifi_send_command("SCAN")
03-10 12:30:17.393 D/StateMachine(  643): handleMessage: X
03-10 12:30:18.724 D/SizeAdaptiveLayout(  981): com.android.internal.widget.SizeAdaptiveLayout@440d3ea0child view android.widget.RelativeLayout@440ea6e0 measured out of bounds at 189px clamped to 192px
03-10 12:30:18.924 W/QCNEJ   (  643): |CORE| mDefaultApnLinkProp is null
03-10 12:30:18.924 E/Parcel  (  377): Reading a NULL string not supported here.
03-10 12:30:18.924 E/Parcel  (  377): Reading a NULL string not supported here.
03-10 12:30:18.934 D/StatusBar.NetworkController(  981): refreshViews: Data not connected!! Set no data type icon
03-10 12:30:20.015 D/StateMachine(  643): handleMessage: E msg.what=131155
03-10 12:30:20.015 D/StateMachine(  643): processMsg: ConnectedState
03-10 12:30:20.025 D/WifiStateMachine(  643): ConnectedState{ what=131155 when=-6ms arg1=285 }
03-10 12:30:20.025 D/StateMachine(  643): processMsg: L2ConnectedState
03-10 12:30:20.025 D/WifiStateMachine(  643): L2ConnectedState{ what=131155 when=-16ms arg1=285 }
03-10 12:30:20.025 E/WifiHW  (  643): wifi_send_command("SIGNAL_POLL")
03-10 12:30:20.075 D/StatusBar.NetworkController(  981): refreshViews: Data not connected!! Set no data type icon
03-10 12:30:20.095 D/StateMachine(  643): handleMessage: X
03-10 12:30:20.296 D/dalvikvm(  643): GC_CONCURRENT freed 6905K, 33% free 61450K/91527K, paused 29ms+13ms, total 184ms
03-10 12:30:20.296 D/dalvikvm(  643): WAIT_FOR_CONCURRENT_GC blocked 155ms
03-10 12:30:21.047 D/StateMachine(  643): handleMessage: E msg.what=147461
03-10 12:30:21.047 D/StateMachine(  643): processMsg: ConnectedState
03-10 12:30:21.057 D/WifiStateMachine(  643): ConnectedState{ what=147461 when=-5ms }
03-10 12:30:21.057 D/StateMachine(  643): processMsg: L2ConnectedState
03-10 12:30:21.057 D/WifiStateMachine(  643): L2ConnectedState{ what=147461 when=-16ms }
03-10 12:30:21.057 D/StateMachine(  643): processMsg: ConnectModeState
03-10 12:30:21.067 D/WifiStateMachine(  643): ConnectModeState{ what=147461 when=-19ms }
03-10 12:30:21.067 E/WifiHW  (  643): wifi_send_command("AP_SCAN 1")
03-10 12:30:21.067 D/StateMachine(  643): processMsg: DriverStartedState
03-10 12:30:21.067 D/WifiStateMachine(  643): DriverStartedState{ what=147461 when=-24ms }
03-10 12:30:21.067 D/StateMachine(  643): processMsg: SupplicantStartedState
03-10 12:30:21.077 D/WifiStateMachine(  643): SupplicantStartedState{ what=147461 when=-28ms }
03-10 12:30:21.077 E/WifiHW  (  643): wifi_send_command("SCAN_RESULTS")
03-10 12:30:21.097 D/StateMachine(  643): handleMessage: X
03-10 12:30:21.097 D/StateMachine(  643): handleMessage: E msg.what=131131
03-10 12:30:21.097 D/StateMachine(  643): processMsg: ConnectedState
03-10 12:30:21.107 D/WifiStateMachine(  643): ConnectedState{ what=131131 when=-7ms }
03-10 12:30:21.107 D/StateMachine(  643): processMsg: L2ConnectedState
03-10 12:30:21.107 D/WifiStateMachine(  643): L2ConnectedState{ what=131131 when=-9ms }
03-10 12:30:21.107 D/StateMachine(  643): processMsg: ConnectModeState
03-10 12:30:21.107 D/WifiStateMachine(  643): ConnectModeState{ what=131131 when=-12ms }
03-10 12:30:21.107 D/StateMachine(  643): processMsg: DriverStartedState
03-10 12:30:21.107 D/WifiStateMachine(  643): DriverStartedState{ what=131131 when=-13ms }
03-10 12:30:21.107 D/StateMachine(  643): processMsg: SupplicantStartedState
03-10 12:30:21.117 D/WifiStateMachine(  643): SupplicantStartedState{ what=131131 when=-14ms }
03-10 12:30:21.117 D/StateMachine(  643): handleMessage: X
03-10 12:30:21.147 W/ResourceType( 1876): Failure getting entry for 0x7f070084 (t=6 e=132) in package 0 (error -75)
03-10 12:30:21.147 W/Resources( 1876): Converting to string: TypedValue{t=0x1/d=0x7f070084 a=-1 r=0x7f070084}
03-10 12:30:22.818 D/PowerManagerService(  643): acquireWakeLock flags=0x1 tag=AlarmManager
03-10 12:30:22.848 D/PowerManagerService(  643): releaseWakeLock flags=0x1 tag=AlarmManager
03-10 12:30:23.099 D/StateMachine(  643): handleMessage: E msg.what=131155
03-10 12:30:23.099 D/StateMachine(  643): processMsg: ConnectedState
03-10 12:30:23.099 D/WifiStateMachine(  643): ConnectedState{ what=131155 when=-5ms arg1=285 }
03-10 12:30:23.109 D/StateMachine(  643): processMsg: L2ConnectedState
03-10 12:30:23.109 D/WifiStateMachine(  643): L2ConnectedState{ what=131155 when=-16ms arg1=285 }
03-10 12:30:23.119 E/WifiHW  (  643): wifi_send_command("SIGNAL_POLL")
03-10 12:30:23.129 D/StateMachine(  643): handleMessage: X
03-10 12:30:23.399 I/WifiManager( 1876): Process .cm.wifiscanner requested a scan
03-10 12:30:23.399 D/StateMachine(  643): handleMessage: E msg.what=131143
03-10 12:30:23.409 D/StateMachine(  643): processMsg: ConnectedState
03-10 12:30:23.419 D/WifiStateMachine(  643): ConnectedState{ what=131143 when=-12ms arg1=2 }
03-10 12:30:23.419 D/StateMachine(  643): processMsg: L2ConnectedState
03-10 12:30:23.419 D/WifiStateMachine(  643): L2ConnectedState{ what=131143 when=-15ms arg1=2 }
03-10 12:30:23.419 E/WifiHW  (  643): wifi_send_command("AP_SCAN 2")
03-10 12:30:23.419 D/StateMachine(  643): processMsg: ConnectModeState
03-10 12:30:23.419 D/WifiStateMachine(  643): ConnectModeState{ what=131143 when=-21ms arg1=2 }
03-10 12:30:23.419 D/StateMachine(  643): processMsg: DriverStartedState
03-10 12:30:23.429 D/WifiStateMachine(  643): DriverStartedState{ what=131143 when=-25ms arg1=2 }
03-10 12:30:23.429 E/WifiHW  (  643): wifi_send_command("SCAN")
03-10 12:30:23.439 D/StateMachine(  643): handleMessage: X
03-10 12:30:26.132 D/StateMachine(  643): handleMessage: E msg.what=131155
03-10 12:30:26.132 D/StateMachine(  643): processMsg: ConnectedState
03-10 12:30:26.132 D/WifiStateMachine(  643): ConnectedState{ what=131155 when=-15ms arg1=285 }
03-10 12:30:26.132 D/StateMachine(  643): processMsg: L2ConnectedState
03-10 12:30:26.132 D/WifiStateMachine(  643): L2ConnectedState{ what=131155 when=-17ms arg1=285 }
03-10 12:30:26.142 E/WifiHW  (  643): wifi_send_command("SIGNAL_POLL")
03-10 12:30:26.172 D/StateMachine(  643): handleMessage: X
03-10 12:30:27.153 D/StateMachine(  643): handleMessage: E msg.what=147461
03-10 12:30:27.153 D/StateMachine(  643): processMsg: ConnectedState
03-10 12:30:27.163 D/WifiStateMachine(  643): ConnectedState{ what=147461 when=-13ms }
03-10 12:30:27.163 D/StateMachine(  643): processMsg: L2ConnectedState
03-10 12:30:27.163 D/WifiStateMachine(  643): L2ConnectedState{ what=147461 when=-15ms }
03-10 12:30:27.163 D/StateMachine(  643): processMsg: ConnectModeState
03-10 12:30:27.173 D/WifiStateMachine(  643): ConnectModeState{ what=147461 when=-18ms }
03-10 12:30:27.173 E/WifiHW  (  643): wifi_send_command("AP_SCAN 1")
03-10 12:30:27.173 D/StateMachine(  643): processMsg: DriverStartedState
03-10 12:30:27.173 D/WifiStateMachine(  643): DriverStartedState{ what=147461 when=-23ms }
03-10 12:30:27.173 D/StateMachine(  643): processMsg: SupplicantStartedState
03-10 12:30:27.173 D/WifiStateMachine(  643): SupplicantStartedState{ what=147461 when=-25ms }
03-10 12:30:27.183 E/WifiHW  (  643): wifi_send_command("SCAN_RESULTS")
03-10 12:30:27.193 D/StateMachine(  643): handleMessage: X
03-10 12:30:27.193 D/StateMachine(  643): handleMessage: E msg.what=131131
03-10 12:30:27.203 D/StateMachine(  643): processMsg: ConnectedState
03-10 12:30:27.203 D/WifiStateMachine(  643): ConnectedState{ what=131131 when=-7ms }
03-10 12:30:27.203 D/StateMachine(  643): processMsg: L2ConnectedState
03-10 12:30:27.203 D/WifiStateMachine(  643): L2ConnectedState{ what=131131 when=-10ms }
03-10 12:30:27.203 D/StateMachine(  643): processMsg: ConnectModeState
03-10 12:30:27.213 D/WifiStateMachine(  643): ConnectModeState{ what=131131 when=-13ms }
03-10 12:30:27.213 D/StateMachine(  643): processMsg: DriverStartedState
03-10 12:30:27.213 D/WifiStateMachine(  643): DriverStartedState{ what=131131 when=-15ms }
03-10 12:30:27.213 D/StateMachine(  643): processMsg: SupplicantStartedState
03-10 12:30:27.213 D/WifiStateMachine(  643): SupplicantStartedState{ what=131131 when=-16ms }
03-10 12:30:27.223 D/StateMachine(  643): handleMessage: X
03-10 12:30:27.243 W/ResourceType( 1876): Failure getting entry for 0x7f070084 (t=6 e=132) in package 0 (error -75)
03-10 12:30:27.243 W/Resources( 1876): Converting to string: TypedValue{t=0x1/d=0x7f070084 a=-1 r=0x7f070084}
03-10 12:30:29.175 D/StateMachine(  643): handleMessage: E msg.what=131155
03-10 12:30:29.175 D/StateMachine(  643): processMsg: ConnectedState
03-10 12:30:29.185 D/WifiStateMachine(  643): ConnectedState{ what=131155 when=-6ms arg1=285 }
03-10 12:30:29.185 D/StateMachine(  643): processMsg: L2ConnectedState
03-10 12:30:29.195 D/WifiStateMachine(  643): L2ConnectedState{ what=131155 when=-19ms arg1=285 }
03-10 12:30:29.195 E/WifiHW  (  643): wifi_send_command("SIGNAL_POLL")
03-10 12:30:29.205 D/StateMachine(  643): handleMessage: X
03-10 12:30:29.425 I/WifiManager( 1876): Process .cm.wifiscanner requested a scan
03-10 12:30:29.425 D/StateMachine(  643): handleMessage: E msg.what=131143
03-10 12:30:29.435 D/StateMachine(  643): processMsg: ConnectedState
03-10 12:30:29.435 D/WifiStateMachine(  643): ConnectedState{ what=131143 when=-12ms arg1=2 }
03-10 12:30:29.445 D/StateMachine(  643): processMsg: L2ConnectedState
03-10 12:30:29.445 D/WifiStateMachine(  643): L2ConnectedState{ what=131143 when=-20ms arg1=2 }
03-10 12:30:29.445 E/WifiHW  (  643): wifi_send_command("AP_SCAN 2")
03-10 12:30:29.455 D/StateMachine(  643): processMsg: ConnectModeState
03-10 12:30:29.455 D/WifiStateMachine(  643): ConnectModeState{ what=131143 when=-27ms arg1=2 }
03-10 12:30:29.455 D/StateMachine(  643): processMsg: DriverStartedState
03-10 12:30:29.455 D/WifiStateMachine(  643): DriverStartedState{ what=131143 when=-29ms arg1=2 }
03-10 12:30:29.455 E/WifiHW  (  643): wifi_send_command("SCAN")
03-10 12:30:29.455 D/StateMachine(  643): handleMessage: X
03-10 12:30:30.657 D/SomcTransmitPowerBroadcastReceiver( 1137): Battery changed with Voltage: 3943 mV
03-10 12:30:30.657 D/SomcTransmitPowerBroadcastReceiver( 1137): Old PowerLevel: 3, current PowerLevel: 3
03-10 12:30:31.588 D/StatusBar.NetworkController(  981): refreshViews: Data not connected!! Set no data type icon
03-10 12:30:32.208 D/StateMachine(  643): handleMessage: E msg.what=131155
03-10 12:30:32.208 D/StateMachine(  643): processMsg: ConnectedState
03-10 12:30:32.218 D/WifiStateMachine(  643): ConnectedState{ what=131155 when=-6ms arg1=285 }
03-10 12:30:32.218 D/StateMachine(  643): processMsg: L2ConnectedState
03-10 12:30:32.218 D/WifiStateMachine(  643): L2ConnectedState{ what=131155 when=-17ms arg1=285 }
03-10 12:30:32.228 E/WifiHW  (  643): wifi_send_command("SIGNAL_POLL")
03-10 12:30:32.288 D/StateMachine(  643): handleMessage: X
03-10 12:30:32.599 D/StatusBar.NetworkController(  981): refreshViews: Data not connected!! Set no data type icon
03-10 12:30:32.819 D/PowerManagerService(  643): acquireWakeLock flags=0x1 tag=AlarmManager
03-10 12:30:32.849 D/PowerManagerService(  643): releaseWakeLock flags=0x1 tag=AlarmManager
03-10 12:30:33.139 D/StateMachine(  643): handleMessage: E msg.what=147461
03-10 12:30:33.139 D/StateMachine(  643): processMsg: ConnectedState
03-10 12:30:33.139 D/WifiStateMachine(  643): ConnectedState{ what=147461 when=-5ms }
03-10 12:30:33.149 D/StateMachine(  643): processMsg: L2ConnectedState
03-10 12:30:33.149 D/WifiStateMachine(  643): L2ConnectedState{ what=147461 when=-16ms }
03-10 12:30:33.149 D/StateMachine(  643): processMsg: ConnectModeState
03-10 12:30:33.159 D/WifiStateMachine(  643): ConnectModeState{ what=147461 when=-20ms }
03-10 12:30:33.159 E/WifiHW  (  643): wifi_send_command("AP_SCAN 1")
03-10 12:30:33.159 D/StateMachine(  643): processMsg: DriverStartedState
03-10 12:30:33.169 D/WifiStateMachine(  643): DriverStartedState{ what=147461 when=-28ms }
03-10 12:30:33.169 D/StateMachine(  643): processMsg: SupplicantStartedState
03-10 12:30:33.169 D/WifiStateMachine(  643): SupplicantStartedState{ what=147461 when=-33ms }
03-10 12:30:33.169 E/WifiHW  (  643): wifi_send_command("SCAN_RESULTS")
03-10 12:30:33.179 D/StateMachine(  643): handleMessage: X
03-10 12:30:33.179 D/StateMachine(  643): handleMessage: E msg.what=131131
03-10 12:30:33.179 D/StateMachine(  643): processMsg: ConnectedState
03-10 12:30:33.189 D/WifiStateMachine(  643): ConnectedState{ what=131131 when=-6ms }
03-10 12:30:33.189 D/StateMachine(  643): processMsg: L2ConnectedState
03-10 12:30:33.189 D/WifiStateMachine(  643): L2ConnectedState{ what=131131 when=-10ms }
03-10 12:30:33.189 D/StateMachine(  643): processMsg: ConnectModeState
03-10 12:30:33.189 D/WifiStateMachine(  643): ConnectModeState{ what=131131 when=-12ms }
03-10 12:30:33.189 D/StateMachine(  643): processMsg: DriverStartedState
03-10 12:30:33.199 D/WifiStateMachine(  643): DriverStartedState{ what=131131 when=-18ms }
03-10 12:30:33.199 D/StateMachine(  643): processMsg: SupplicantStartedState
03-10 12:30:33.199 D/WifiStateMachine(  643): SupplicantStartedState{ what=131131 when=-19ms }
03-10 12:30:33.199 D/StateMachine(  643): handleMessage: X
03-10 12:30:33.219 W/ResourceType( 1876): Failure getting entry for 0x7f070084 (t=6 e=132) in package 0 (error -75)
03-10 12:30:33.219 W/Resources( 1876): Converting to string: TypedValue{t=0x1/d=0x7f070084 a=-1 r=0x7f070084}
03-10 12:30:35.282 D/StateMachine(  643): handleMessage: E msg.what=131155
03-10 12:30:35.282 D/StateMachine(  643): processMsg: ConnectedState
03-10 12:30:35.292 D/WifiStateMachine(  643): ConnectedState{ what=131155 when=-7ms arg1=285 }
03-10 12:30:35.292 D/StateMachine(  643): processMsg: L2ConnectedState
03-10 12:30:35.302 D/WifiStateMachine(  643): L2ConnectedState{ what=131155 when=-17ms arg1=285 }
03-10 12:30:35.302 E/WifiHW  (  643): wifi_send_command("SIGNAL_POLL")
03-10 12:30:35.312 D/StateMachine(  643): handleMessage: X
03-10 12:30:35.452 I/WifiManager( 1876): Process .cm.wifiscanner requested a scan
03-10 12:30:35.452 D/StateMachine(  643): handleMessage: E msg.what=131143
03-10 12:30:35.462 D/StateMachine(  643): processMsg: ConnectedState
03-10 12:30:35.462 D/WifiStateMachine(  643): ConnectedState{ what=131143 when=-10ms arg1=2 }
03-10 12:30:35.462 D/StateMachine(  643): processMsg: L2ConnectedState
03-10 12:30:35.472 D/WifiStateMachine(  643): L2ConnectedState{ what=131143 when=-14ms arg1=2 }
03-10 12:30:35.472 E/WifiHW  (  643): wifi_send_command("AP_SCAN 2")
03-10 12:30:35.472 D/StateMachine(  643): processMsg: ConnectModeState
03-10 12:30:35.472 D/WifiStateMachine(  643): ConnectModeState{ what=131143 when=-22ms arg1=2 }
03-10 12:30:35.482 D/StateMachine(  643): processMsg: DriverStartedState
03-10 12:30:35.482 D/WifiStateMachine(  643): DriverStartedState{ what=131143 when=-26ms arg1=2 }
03-10 12:30:35.482 E/WifiHW  (  643): wifi_send_command("SCAN")
03-10 12:30:35.482 D/StateMachine(  643): handleMessage: X
03-10 12:30:36.603 D/StatusBar.NetworkController(  981): refreshViews: Data not connected!! Set no data type icon
03-10 12:30:37.604 D/StatusBar.NetworkController(  981): refreshViews: Data not connected!! Set no data type icon
03-10 12:30:38.315 D/StateMachine(  643): handleMessage: E msg.what=131155
03-10 12:30:38.315 D/StateMachine(  643): processMsg: ConnectedState
03-10 12:30:38.315 D/WifiStateMachine(  643): ConnectedState{ what=131155 when=-5ms arg1=285 }
03-10 12:30:38.335 D/StateMachine(  643): processMsg: L2ConnectedState
03-10 12:30:38.335 D/WifiStateMachine(  643): L2ConnectedState{ what=131155 when=-19ms arg1=285 }
03-10 12:30:38.335 E/WifiHW  (  643): wifi_send_command("SIGNAL_POLL")
03-10 12:30:38.355 D/StateMachine(  643): handleMessage: X
03-10 12:30:38.755 D/SizeAdaptiveLayout(  981): com.android.internal.widget.SizeAdaptiveLayout@440d3ea0child view android.widget.RelativeLayout@440ea6e0 measured out of bounds at 189px clamped to 192px
03-10 12:30:39.216 D/StateMachine(  643): handleMessage: E msg.what=147461
03-10 12:30:39.216 D/StateMachine(  643): processMsg: ConnectedState
03-10 12:30:39.216 D/WifiStateMachine(  643): ConnectedState{ what=147461 when=-3ms }
03-10 12:30:39.226 D/StateMachine(  643): processMsg: L2ConnectedState
03-10 12:30:39.226 D/WifiStateMachine(  643): L2ConnectedState{ what=147461 when=-15ms }
03-10 12:30:39.226 D/StateMachine(  643): processMsg: ConnectModeState
03-10 12:30:39.236 D/WifiStateMachine(  643): ConnectModeState{ what=147461 when=-20ms }
03-10 12:30:39.236 E/WifiHW  (  643): wifi_send_command("AP_SCAN 1")
03-10 12:30:39.236 D/StateMachine(  643): processMsg: DriverStartedState
03-10 12:30:39.236 D/WifiStateMachine(  643): DriverStartedState{ what=147461 when=-24ms }
03-10 12:30:39.236 D/StateMachine(  643): processMsg: SupplicantStartedState
03-10 12:30:39.246 D/WifiStateMachine(  643): SupplicantStartedState{ what=147461 when=-32ms }
03-10 12:30:39.246 E/WifiHW  (  643): wifi_send_command("SCAN_RESULTS")
03-10 12:30:39.256 D/StateMachine(  643): handleMessage: X
03-10 12:30:39.256 D/StateMachine(  643): handleMessage: E msg.what=131131
03-10 12:30:39.256 D/StateMachine(  643): processMsg: ConnectedState
03-10 12:30:39.266 D/WifiStateMachine(  643): ConnectedState{ what=131131 when=-7ms }
03-10 12:30:39.266 D/StateMachine(  643): processMsg: L2ConnectedState
03-10 12:30:39.266 D/WifiStateMachine(  643): L2ConnectedState{ what=131131 when=-10ms }
03-10 12:30:39.266 D/StateMachine(  643): processMsg: ConnectModeState
03-10 12:30:39.266 D/WifiStateMachine(  643): ConnectModeState{ what=131131 when=-12ms }
03-10 12:30:39.266 D/StateMachine(  643): processMsg: DriverStartedState
03-10 12:30:39.266 D/WifiStateMachine(  643): DriverStartedState{ what=131131 when=-13ms }
03-10 12:30:39.266 D/StateMachine(  643): processMsg: SupplicantStartedState
03-10 12:30:39.276 D/WifiStateMachine(  643): SupplicantStartedState{ what=131131 when=-19ms }
03-10 12:30:39.286 D/StateMachine(  643): handleMessage: X
03-10 12:30:39.306 W/ResourceType( 1876): Failure getting entry for 0x7f070084 (t=6 e=132) in package 0 (error -75)
03-10 12:30:39.306 W/Resources( 1876): Converting to string: TypedValue{t=0x1/d=0x7f070084 a=-1 r=0x7f070084}
03-10 12:30:41.358 D/StateMachine(  643): handleMessage: E msg.what=131155
03-10 12:30:41.358 D/StateMachine(  643): processMsg: ConnectedState
03-10 12:30:41.368 D/WifiStateMachine(  643): ConnectedState{ what=131155 when=-16ms arg1=285 }
03-10 12:30:41.368 D/StateMachine(  643): processMsg: L2ConnectedState
03-10 12:30:41.388 D/WifiStateMachine(  643): L2ConnectedState{ what=131155 when=-35ms arg1=285 }
03-10 12:30:41.388 E/WifiHW  (  643): wifi_send_command("SIGNAL_POLL")
03-10 12:30:41.408 D/StateMachine(  643): handleMessage: X
03-10 12:30:41.478 I/WifiManager( 1876): Process .cm.wifiscanner requested a scan
03-10 12:30:41.478 D/StateMachine(  643): handleMessage: E msg.what=131143
03-10 12:30:41.478 D/StateMachine(  643): processMsg: ConnectedState
03-10 12:30:41.478 D/WifiStateMachine(  643): ConnectedState{ what=131143 when=-6ms arg1=2 }
03-10 12:30:41.488 D/StateMachine(  643): processMsg: L2ConnectedState
03-10 12:30:41.488 D/WifiStateMachine(  643): L2ConnectedState{ what=131143 when=-14ms arg1=2 }
03-10 12:30:41.488 E/WifiHW  (  643): wifi_send_command("AP_SCAN 2")
03-10 12:30:41.488 D/StateMachine(  643): processMsg: ConnectModeState
03-10 12:30:41.498 D/WifiStateMachine(  643): ConnectModeState{ what=131143 when=-18ms arg1=2 }
03-10 12:30:41.498 D/StateMachine(  643): processMsg: DriverStartedState
03-10 12:30:41.498 D/WifiStateMachine(  643): DriverStartedState{ what=131143 when=-23ms arg1=2 }
03-10 12:30:41.498 E/WifiHW  (  643): wifi_send_command("SCAN")
03-10 12:30:41.508 D/StateMachine(  643): handleMessage: X
03-10 12:30:42.780 D/PowerManagerService(  643): acquireWakeLock flags=0x1 tag=AlarmManager
03-10 12:30:42.800 D/StateMachine(  643): handleMessage: E msg.what=196612
03-10 12:30:42.800 D/StateMachine(  643): processMsg: ConnectedState
03-10 12:30:42.800 D/PowerManagerService(  643): acquireWakeLock flags=0x1 tag=DHCP
03-10 12:30:42.810 D/WifiStateMachine(  643): ConnectedState{ what=196612 when=-13ms }
03-10 12:30:42.810 D/StateMachine(  643): processMsg: L2ConnectedState
03-10 12:30:42.810 D/WifiStateMachine(  643): L2ConnectedState{ what=196612 when=-15ms }
03-10 12:30:42.820 E/WifiHW  (  643): wifi_send_command("DRIVER BTCOEXMODE 1")
03-10 12:30:42.820 E/WifiHW  (  643): wifi_send_command("SET ps 0")
03-10 12:30:42.840 D/PowerManagerService(  643): releaseWakeLock flags=0x1 tag=AlarmManager
03-10 12:30:42.880 D/StateMachine(  643): handleMessage: X
03-10 12:30:43.290 D/StateMachine(  643): handleMessage: E msg.what=196613
03-10 12:30:43.290 D/StateMachine(  643): processMsg: ConnectedState
03-10 12:30:43.290 D/WifiStateMachine(  643): ConnectedState{ what=196613 when=-3ms arg1=1 obj=addr: 10.1.0.216/24 mRoutes: 0.0.0.0/0 -> 10.1.0.1 |  dns: 219.232.48.61,219.141.136.10 dhcpServer: 10.1.0.1 leaseDuration: 600 domainName:  }
03-10 12:30:43.290 D/PowerManagerService(  643): releaseWakeLock flags=0x1 tag=DHCP
03-10 12:30:43.290 D/StateMachine(  643): processMsg: L2ConnectedState
03-10 12:30:43.290 D/WifiStateMachine(  643): L2ConnectedState{ what=196613 when=-13ms arg1=1 obj=addr: 10.1.0.216/24 mRoutes: 0.0.0.0/0 -> 10.1.0.1 |  dns: 219.232.48.61,219.141.136.10 dhcpServer: 10.1.0.1 leaseDuration: 600 domainName:  }
03-10 12:30:43.290 E/WifiHW  (  643): wifi_send_command("SET ps 1")
03-10 12:30:43.300 E/WifiHW  (  643): wifi_send_command("DRIVER BTCOEXMODE 2")
03-10 12:30:43.300 D/WifiStateMachine(  643): DHCP successful
03-10 12:30:43.300 D/DhcpInfoInternal(  643): makeLinkProperties with empty domainName!
03-10 12:30:43.310 D/DhcpInfoInternal(  643): makeLinkProperties with empty domainName!
03-10 12:30:43.310 D/StateMachine(  643): transitionTo: destState=VerifyingLinkState
03-10 12:30:43.310 D/StateMachine(  643): handleMessage: new destination call exit
03-10 12:30:43.310 D/StateMachine(  643): setupTempStateStackWithStatesToEnter: X mTempStateStackCount=1,curStateInfo: state=L2ConnectedState,active=true,parent=ConnectModeState
03-10 12:30:43.310 D/StateMachine(  643): invokeExitMethods: ConnectedState
03-10 12:30:43.310 D/PowerManagerService(  643): acquireWakeLock flags=0x1 tag=ConnectivityService
03-10 12:30:43.320 D/StateMachine(  643): moveTempStackToStateStack: i=0,j=5
03-10 12:30:43.320 D/StateMachine(  643): moveTempStackToStateStack: X mStateStackTop=5,startingIndex=5,Top=VerifyingLinkState
03-10 12:30:43.320 D/StateMachine(  643): invokeEnterMethods: VerifyingLinkState
03-10 12:30:43.320 D/WifiStateMachine(  643): VerifyingLinkState
03-10 12:30:43.320 D/WifiStateMachine(  643): setDetailed state, old =CONNECTED and new state=VERIFYING_POOR_LINK
03-10 12:30:43.330 D/StatusBar.NetworkController(  981): refreshViews: Data not connected!! Set no data type icon
03-10 12:30:43.340 D/ConnectivityService(  643): Actual State: DefaultConnectivityState, Current State: DefaultConnectivityState.processMessage what=1
03-10 12:30:43.340 D/ConnectivityService(  643): ConnectivityChange for WIFI: CONNECTING/VERIFYING_POOR_LINK
03-10 12:30:43.340 D/ConnectivityService(  643): Actual State: DefaultConnectivityState, Current State: DefaultConnectivityState.processMessage what=1
03-10 12:30:43.340 D/ConnectivityService(  643): ConnectivityChange for WIFI: CONNECTING/VERIFYING_POOR_LINK
03-10 12:30:43.380 D/StateMachine(  643): handleMessage: X
03-10 12:30:43.380 D/StateMachine(  643): handleMessage: E msg.what=135190
03-10 12:30:43.380 D/StateMachine(  643): processMsg: VerifyingLinkState
03-10 12:30:43.390 D/WifiStateMachine(  643): setDetailed state, old =VERIFYING_POOR_LINK and new state=CONNECTED
03-10 12:30:43.410 D/StateMachine(  643): transitionTo: destState=ConnectedState
03-10 12:30:43.410 D/StateMachine(  643): handleMessage: new destination call exit
03-10 12:30:43.410 D/StateMachine(  643): setupTempStateStackWithStatesToEnter: X mTempStateStackCount=1,curStateInfo: state=L2ConnectedState,active=true,parent=ConnectModeState
03-10 12:30:43.410 D/StateMachine(  643): invokeExitMethods: VerifyingLinkState
03-10 12:30:43.410 D/StateMachine(  643): moveTempStackToStateStack: i=0,j=5
03-10 12:30:43.420 D/StateMachine(  643): moveTempStackToStateStack: X mStateStackTop=5,startingIndex=5,Top=ConnectedState
03-10 12:30:43.420 D/StateMachine(  643): invokeEnterMethods: ConnectedState
03-10 12:30:43.420 D/WifiStateMachine(  643): ConnectedState
03-10 12:30:43.420 D/StateMachine(  643): handleMessage: X
03-10 12:30:43.430 W/ResourceType( 1876): Failure getting entry for 0x7f070084 (t=6 e=132) in package 0 (error -75)
03-10 12:30:43.430 W/Resources( 1876): Converting to string: TypedValue{t=0x1/d=0x7f070084 a=-1 r=0x7f070084}
03-10 12:30:43.440 D/SemcDlna: ( 7415): DlnaDmsServerConnectionService: WifiManager.NETWORK_STATE_CHANGED _ACTION(VERIFYING_POOR_LINK)
03-10 12:30:43.440 D/StatusBar.NetworkController(  981): refreshViews: Data not connected!! Set no data type icon
03-10 12:30:43.450 D/SemcDlna: ( 7415): DlnaDmsServerConnectionService: WifiManager.NETWORK_STATE_CHANGED _ACTION(CONNECTED)
03-10 12:30:43.460 D/ConnectivityService(  643): Actual State: DefaultConnectivityState, Current State: DefaultConnectivityState.processMessage what=1
03-10 12:30:43.470 D/ConnectivityService(  643): ConnectivityChange for WIFI: CONNECTED/CONNECTED
03-10 12:30:43.470 D/StatusBar.NetworkController(  981): refreshViews: Data not connected!! Set no data type icon
03-10 12:30:43.470 D/ConnectivityService(  643): Actual State: DefaultConnectivityState, Current State: DefaultConnectivityState.processMessage what=5001
03-10 12:30:43.470 D/ConnectivityService(  643): Setting TCP values: [524288,1048576,2097152,262144,524288,1048576] which comes from [net.tcp.buffersize.wifi]
03-10 12:30:43.480 D/Utils   ( 1876): Check baidu
03-10 12:30:43.490 I/MTP-usbux.Class( 1090): Action = android.net.wifi.STATE_CHANGE
03-10 12:30:43.490 D/ConnectivityService(  643): handleConnectivityChange: changed linkProperty[1]: doReset=false resetMask=0
03-10 12:30:43.490 D/ConnectivityService(  643):    curLp=InterfaceName: wlan0 LinkAddresses: [10.1.0.216/24,] Routes: [0.0.0.0/0 -> 10.1.0.1,] DnsAddresses: [219.232.48.61,219.141.136.10,] HttpProxy: [ProxyProperties.mHost == null] 
03-10 12:30:43.490 D/ConnectivityService(  643):    newLp=InterfaceName: wlan0 LinkAddresses: [10.1.0.216/24,] Routes: [0.0.0.0/0 -> 10.1.0.1,] DnsAddresses: [219.232.48.61,219.141.136.10,] HttpProxy: [ProxyProperties.mHost == null] 
03-10 12:30:43.490 D/ConnectivityService(  643): handleConnectivityChange: address are the same reset per doReset linkProperty[1]: resetMask=0
03-10 12:30:43.490 D/ConnectivityService(  643): sendStickyBroadcast: action=android.net.conn.CONNECTIVITY_CHANGE_IMMEDIATE
03-10 12:30:43.490 D/ConnectivityService(  643): sendStickyBroadcastDelayed: delayMs=3000, action=android.net.conn.CONNECTIVITY_CHANGE
03-10 12:30:43.490 D/PowerManagerService(  643): acquireWakeLock flags=0x1 tag=NetworkStats
03-10 12:30:43.490 D/ConnectivityService(  643): Actual State: DefaultConnectivityState, Current State: DefaultConnectivityState.processMessage what=1
03-10 12:30:43.490 D/ConnectivityService(  643): ConnectivityChange for WIFI: CONNECTED/CONNECTED
03-10 12:30:43.500 D/ConnectivityService(  643): Actual State: DefaultConnectivityState, Current State: DefaultConnectivityState.processMessage what=5001
03-10 12:30:43.510 W/ResourceType( 1876): Failure getting entry for 0x7f070084 (t=6 e=132) in package 0 (error -75)
03-10 12:30:43.510 W/Resources( 1876): Converting to string: TypedValue{t=0x1/d=0x7f070084 a=-1 r=0x7f070084}
03-10 12:30:43.510 D/ConnectivityService(  643): Setting TCP values: [524288,1048576,2097152,262144,524288,1048576] which comes from [net.tcp.buffersize.wifi]
03-10 12:30:43.520 D/ConnectivityService(  643): handleConnectivityChange: changed linkProperty[1]: doReset=false resetMask=0
03-10 12:30:43.520 D/ConnectivityService(  643):    curLp=InterfaceName: wlan0 LinkAddresses: [10.1.0.216/24,] Routes: [0.0.0.0/0 -> 10.1.0.1,] DnsAddresses: [219.232.48.61,219.141.136.10,] HttpProxy: [ProxyProperties.mHost == null] 
03-10 12:30:43.520 D/ConnectivityService(  643):    newLp=InterfaceName: wlan0 LinkAddresses: [10.1.0.216/24,] Routes: [0.0.0.0/0 -> 10.1.0.1,] DnsAddresses: [219.232.48.61,219.141.136.10,] HttpProxy: [ProxyProperties.mHost == null] 
03-10 12:30:43.520 D/ConnectivityService(  643): handleConnectivityChange: address are the same reset per doReset linkProperty[1]: resetMask=0
03-10 12:30:43.520 D/ConnectivityService(  643): sendStickyBroadcast: action=android.net.conn.CONNECTIVITY_CHANGE_IMMEDIATE
03-10 12:30:43.520 D/ConnectivityService(  643): sendStickyBroadcastDelayed: delayMs=3000, action=android.net.conn.CONNECTIVITY_CHANGE
03-10 12:30:43.520 D/ConnectivityService(  643): Actual State: DefaultConnectivityState, Current State: DefaultConnectivityState.processMessage what=113
03-10 12:30:43.520 D/ConnectivityService(  643): Actual State: DefaultConnectivityState, Current State: DefaultConnectivityState.processMessage what=113
03-10 12:30:43.530 I/MTP-usbux.Class( 1090): Action = android.net.wifi.STATE_CHANGE
03-10 12:30:43.530 I/SuperStamina-WifiAnalyzer(  643): WiFi connected to AP.
03-10 12:30:43.541 W/QCNEJ   (  643): |CORE| UNKOWN Unsolicited Event 5
03-10 12:30:43.541 D/dalvikvm( 7415): GC_CONCURRENT freed 1750K, 35% free 19048K/29123K, paused 13ms+31ms, total 75ms
03-10 12:30:43.551 D/PowerManagerService(  643): releaseWakeLock flags=0x1 tag=NetworkStats
03-10 12:30:43.551 D/PowerManagerService(  643): acquireWakeLock flags=0x1 tag=NetworkStats
03-10 12:30:43.551 D/ConnectivityService(  643): Actual State: DefaultConnectivityState, Current State: DefaultConnectivityState.processMessage what=113
03-10 12:30:43.551 D/ConnectivityService(  643): Actual State: DefaultConnectivityState, Current State: DefaultConnectivityState.processMessage what=113
03-10 12:30:43.561 D/ConnectivityService(  643): Actual State: DefaultConnectivityState, Current State: DefaultConnectivityState.processMessage what=113
03-10 12:30:43.561 D/ConnectivityService(  643): Actual State: DefaultConnectivityState, Current State: DefaultConnectivityState.processMessage what=113
03-10 12:30:43.571 D/PowerManagerService(  643): releaseWakeLock flags=0x1 tag=NetworkStats
03-10 12:30:43.581 D/SemcDlna: NetworkUtil( 7415): [isWifiDirectConnected] ret : false
03-10 12:30:43.581 D/SemcDlna: NetworkUtil( 7415): [getConnectedInterface] ret : wlan0
03-10 12:30:43.581 E/SemcDlna: ( 7415): DmsUtil: canStartServer in
03-10 12:30:43.581 E/SemcDlna: ( 7415): DmsUtil: canStartServer out(false_2)
03-10 12:30:43.581 D/SemcDlna: NetworkUtil( 7415): [isWifiDirectConnected] ret : false
03-10 12:30:43.581 D/ConnectivityService(  643): Actual State: DefaultConnectivityState, Current State: DefaultConnectivityState.processMessage what=113
03-10 12:30:43.581 D/ConnectivityService(  643): Actual State: DefaultConnectivityState, Current State: DefaultConnectivityState.processMessage what=113
03-10 12:30:43.591 D/SemcDlna: DlnaNfcHandoverProxy( 7415): ServerStateReceiver.onReceive(),intent=Intent { act=com.sonyericsson.dlna.server.intent.action.STATE_CHANGED flg=0x10 (has extras) }
03-10 12:30:43.591 D/SemcDlna: DlnaNfcHandoverProxy( 7415): Server state:0
03-10 12:30:44.401 D/StateMachine(  643): handleMessage: E msg.what=131155
03-10 12:30:44.401 D/StateMachine(  643): processMsg: ConnectedState
03-10 12:30:44.411 D/WifiStateMachine(  643): ConnectedState{ what=131155 when=-13ms arg1=285 }
03-10 12:30:44.411 D/StateMachine(  643): processMsg: L2ConnectedState
03-10 12:30:44.411 D/WifiStateMachine(  643): L2ConnectedState{ what=131155 when=-15ms arg1=285 }
03-10 12:30:44.411 E/WifiHW  (  643): wifi_send_command("SIGNAL_POLL")
03-10 12:30:44.471 D/StatusBar.NetworkController(  981): refreshViews: Data not connected!! Set no data type icon
03-10 12:30:44.482 D/ConnectivityService(  643): Actual State: DefaultConnectivityState, Current State: DefaultConnectivityState.processMessage what=108
03-10 12:30:44.482 D/PowerManagerService(  643): releaseWakeLock flags=0x1 tag=ConnectivityService
03-10 12:30:44.492 D/ConnectivityService(  643): NetTransition Wakelock for WifiStateMachine released by timeout
03-10 12:30:44.512 D/ConnectivityService(  643): Actual State: DefaultConnectivityState, Current State: DefaultConnectivityState.processMessage what=108
03-10 12:30:44.542 D/StateMachine(  643): handleMessage: X
03-10 12:30:44.572 D/StatusBar.NetworkController(  981): refreshViews: Data not connected!! Set no data type icon
03-10 12:30:45.042 D/StateMachine(  643): handleMessage: E msg.what=147461
03-10 12:30:45.042 D/StateMachine(  643): processMsg: ConnectedState
03-10 12:30:45.052 D/WifiStateMachine(  643): ConnectedState{ what=147461 when=-13ms }
03-10 12:30:45.062 D/StateMachine(  643): processMsg: L2ConnectedState
03-10 12:30:45.062 D/WifiStateMachine(  643): L2ConnectedState{ what=147461 when=-26ms }
03-10 12:30:45.072 D/StateMachine(  643): processMsg: ConnectModeState
03-10 12:30:45.072 D/WifiStateMachine(  643): ConnectModeState{ what=147461 when=-31ms }
03-10 12:30:45.072 E/WifiHW  (  643): wifi_send_command("AP_SCAN 1")
03-10 12:30:45.072 D/StateMachine(  643): processMsg: DriverStartedState
03-10 12:30:45.072 D/WifiStateMachine(  643): DriverStartedState{ what=147461 when=-38ms }
03-10 12:30:45.082 D/StateMachine(  643): processMsg: SupplicantStartedState
03-10 12:30:45.082 D/WifiStateMachine(  643): SupplicantStartedState{ what=147461 when=-41ms }
03-10 12:30:45.082 E/WifiHW  (  643): wifi_send_command("SCAN_RESULTS")
03-10 12:30:45.092 D/StateMachine(  643): handleMessage: X
03-10 12:30:45.092 D/StateMachine(  643): handleMessage: E msg.what=131131
03-10 12:30:45.102 D/StateMachine(  643): processMsg: ConnectedState
03-10 12:30:45.102 D/WifiStateMachine(  643): ConnectedState{ what=131131 when=-7ms }
03-10 12:30:45.102 D/StateMachine(  643): processMsg: L2ConnectedState
03-10 12:30:45.102 D/WifiStateMachine(  643): L2ConnectedState{ what=131131 when=-9ms }
03-10 12:30:45.102 D/StateMachine(  643): processMsg: ConnectModeState
03-10 12:30:45.102 D/WifiStateMachine(  643): ConnectModeState{ what=131131 when=-11ms }
03-10 12:30:45.112 D/StateMachine(  643): processMsg: DriverStartedState
03-10 12:30:45.112 D/WifiStateMachine(  643): DriverStartedState{ what=131131 when=-12ms }
03-10 12:30:45.112 D/StateMachine(  643): processMsg: SupplicantStartedState
03-10 12:30:45.112 D/WifiStateMachine(  643): SupplicantStartedState{ what=131131 when=-14ms }
03-10 12:30:45.122 D/StateMachine(  643): handleMessage: X
03-10 12:30:45.142 W/ResourceType( 1876): Failure getting entry for 0x7f070084 (t=6 e=132) in package 0 (error -75)
03-10 12:30:45.142 W/Resources( 1876): Converting to string: TypedValue{t=0x1/d=0x7f070084 a=-1 r=0x7f070084}
03-10 12:30:46.484 D/StatusBar.NetworkController(  981): refreshViews: Data not connected!! Set no data type icon
03-10 12:30:46.504 D/ConnectivityService(  643): Actual State: DefaultConnectivityState, Current State: DefaultConnectivityState.processMessage what=112
03-10 12:30:46.504 D/ConnectivityService(  643): sendStickyBroadcast: action=android.net.conn.CONNECTIVITY_CHANGE
03-10 12:30:46.514 D/Tethering(  643): MasterInitialState.processMessage what=3
03-10 12:30:46.534 D/PowerManagerService(  643): acquireWakeLock flags=0x1 tag=GpsLocationProvider
03-10 12:30:46.534 D/ConnectivityService(  643): Actual State: DefaultConnectivityState, Current State: DefaultConnectivityState.processMessage what=112
03-10 12:30:46.544 D/ConnectivityService(  643): sendStickyBroadcast: action=android.net.conn.CONNECTIVITY_CHANGE
03-10 12:30:46.554 D/GpsLocationProvider(  643): Gps MessageHandler. msg.what 4 msg.arg1:2 msg.arg2: 0
03-10 12:30:46.564 D/StatusBar.NetworkController(  981): refreshViews: Data not connected!! Set no data type icon
03-10 12:30:46.584 D/Tethering(  643): MasterInitialState.processMessage what=3
03-10 12:30:46.584 D/PowerManagerService(  643): acquireWakeLock flags=0x1 tag=GpsLocationProvider
03-10 12:30:46.604 D/PowerManagerService(  643): acquireWakeLock flags=0x1 tag=SyncLoopWakeLock
03-10 12:30:46.614 D/ConnectivityService(  643): reportNetworkCondition(1, 100)
03-10 12:30:46.614 D/StatusBar.NetworkController(  981): refreshViews: Data not connected!! Set no data type icon
03-10 12:30:46.614 D/ConnectivityService(  643): Actual State: DefaultConnectivityState, Current State: DefaultConnectivityState.processMessage what=104
03-10 12:30:46.624 D/ConnectivityService(  643): Actual State: DefaultConnectivityState, Current State: DefaultConnectivityState.processMessage what=5006
03-10 12:30:46.624 D/ConnectivityService(  643): handleInetConditionChange: net=1, condition=100,mActiveDefaultNetwork=1
03-10 12:30:46.624 D/ConnectivityService(  643): handleInetConditionChange: starting a change hold
03-10 12:30:46.634 D/PowerManagerService(  643): releaseWakeLock flags=0x1 tag=SyncLoopWakeLock
03-10 12:30:46.634 D/PowerManagerService(  643): acquireWakeLock flags=0x1 tag=SyncLoopWakeLock
03-10 12:30:46.634 D/ConnectivityService(  643): reportNetworkCondition(1, 100)
03-10 12:30:46.644 D/ConnectivityService(  643): Actual State: DefaultConnectivityState, Current State: DefaultConnectivityState.processMessage what=104
03-10 12:30:46.644 D/ConnectivityService(  643): Actual State: DefaultConnectivityState, Current State: DefaultConnectivityState.processMessage what=5006
03-10 12:30:46.644 D/ConnectivityService(  643): handleInetConditionChange: net=1, condition=100,mActiveDefaultNetwork=1
03-10 12:30:46.644 D/ConnectivityService(  643): handleInetConditionChange: currently in hold - not setting new end evt
03-10 12:30:46.654 D/GpsLocationProvider(  643): Gps MessageHandler. msg.what 4 msg.arg1:2 msg.arg2: 0
03-10 12:30:46.654 D/PowerManagerService(  643): acquireWakeLock flags=0x1 tag=Initial BaseService
03-10 12:30:46.654 D/PowerManagerService(  643): releaseWakeLock flags=0x1 tag=GpsLocationProvider
03-10 12:30:46.654 D/PowerManagerService(  643): releaseWakeLock flags=0x1 tag=SyncLoopWakeLock
03-10 12:30:46.664 D/PowerManagerService(  643): releaseWakeLock flags=0x1 tag=Initial BaseService
03-10 12:30:46.664 W/ActivityManager(  643): Unable to start service Intent { cmp=com.anydo/.service.AnydoSyncService }: not found
03-10 12:30:46.694 D/PowerManagerService(  643): acquireWakeLock flags=0x1 tag=Checkin Handoff
03-10 12:30:46.704 D/PowerManagerService(  643): acquireWakeLock flags=0x1 tag=Checkin Service
03-10 12:30:46.704 D/PowerManagerService(  643): releaseWakeLock flags=0x1 tag=Checkin Handoff
03-10 12:30:46.724 D/PowerManagerService(  643): releaseWakeLock flags=0x1 tag=Checkin Service
03-10 12:30:46.734 D/PicasaUploaderSyncManager( 3596): active network: NetworkInfo: type: WIFI[], state: CONNECTED/CONNECTED, reason: (unspecified), extra: (none), roaming: false, failover: false, isAvailable: true
03-10 12:30:46.734 D/PicasaUploaderSyncManager( 3596): background data: true
03-10 12:30:46.764 D/gp.PicasaSyncManager(24070): active network: NetworkInfo: type: WIFI[], state: CONNECTED/CONNECTED, reason: (unspecified), extra: (none), roaming: false, failover: false, isAvailable: true
03-10 12:30:46.764 D/gp.PicasaSyncManager(24070): background data: true
03-10 12:30:46.834 D/PowerManagerService(  643): acquireWakeLock flags=0x1 tag=MicroMsg.MMWakerLock
03-10 12:30:46.904 I/ActivityManager(  643): Start proc com.youdao.dict:yddictpush for broadcast com.youdao.dict/.backend.AwakeReceiver: pid=2703 uid=10195 gids={3003, 1015, 1006, 1028}
03-10 12:30:46.944 D/ActivityThread( 2703): setTargetHeapUtilization:0.25
03-10 12:30:46.944 D/ActivityThread( 2703): setTargetHeapIdealFree:8388608
03-10 12:30:46.944 D/ActivityThread( 2703): setTargetHeapConcurrentStart:2097152
03-10 12:30:47.124 D/ConnectivityService(  643): Actual State: DefaultConnectivityState, Current State: DefaultConnectivityState.processMessage what=105
03-10 12:30:47.124 D/ConnectivityService(  643): Actual State: DefaultConnectivityState, Current State: DefaultConnectivityState.processMessage what=5007
03-10 12:30:47.124 D/ConnectivityService(  643): handleInetConditionHoldEnd: net=1, condition=100, published condition=0
03-10 12:30:47.124 D/ConnectivityService(  643): sendStickyBroadcast: action=android.net.conn.INET_CONDITION_ACTION
03-10 12:30:47.124 D/StatusBar.NetworkController(  981): refreshViews: Data not connected!! Set no data type icon
03-10 12:30:47.194 D/RunTimeStatHelper( 2703): create application use : 195
03-10 12:30:47.264 I/SyncReceiver(24285): ====> SyncReceiver.onReceive Action=android.net.conn.CONNECTIVITY_CHANGE
03-10 12:30:47.305 W/ActivityManager(  643): Unable to start service Intent { cmp=com.anydo/.service.AnydoSyncService }: not found
03-10 12:30:47.355 D/PowerManagerService(  643): acquireWakeLock flags=0x1 tag=Checkin Handoff
03-10 12:30:47.355 I/ActivityManager(  643): Process com.youdao.dict:yddictpush (pid 2703) has died.
03-10 12:30:47.365 D/PowerManagerService(  643): acquireWakeLock flags=0x1 tag=Initial BaseService
03-10 12:30:47.365 D/PowerManagerService(  643): releaseWakeLock flags=0x1 tag=Initial BaseService
03-10 12:30:47.375 D/PowerManagerService(  643): acquireWakeLock flags=0x1 tag=Checkin Service
03-10 12:30:47.385 D/PowerManagerService(  643): releaseWakeLock flags=0x1 tag=Checkin Handoff
03-10 12:30:47.405 D/PowerManagerService(  643): releaseWakeLock flags=0x1 tag=Checkin Service
03-10 12:30:47.415 D/PicasaUploaderSyncManager( 3596): active network: NetworkInfo: type: WIFI[], state: CONNECTED/CONNECTED, reason: (unspecified), extra: (none), roaming: false, failover: false, isAvailable: true
03-10 12:30:47.415 D/PicasaUploaderSyncManager( 3596): background data: true
03-10 12:30:47.445 D/gp.PicasaSyncManager(24070): active network: NetworkInfo: type: WIFI[], state: CONNECTED/CONNECTED, reason: (unspecified), extra: (none), roaming: false, failover: false, isAvailable: true
03-10 12:30:47.445 D/gp.PicasaSyncManager(24070): background data: true
03-10 12:30:47.475 I/WifiManager( 1876): Process .cm.wifiscanner requested a scan
03-10 12:30:47.475 D/StateMachine(  643): handleMessage: E msg.what=131143
03-10 12:30:47.475 D/StateMachine(  643): processMsg: ConnectedState
03-10 12:30:47.475 D/WifiStateMachine(  643): ConnectedState{ what=131143 when=-2ms arg1=2 }
03-10 12:30:47.475 D/StateMachine(  643): processMsg: L2ConnectedState
03-10 12:30:47.485 D/WifiStateMachine(  643): L2ConnectedState{ what=131143 when=-5ms arg1=2 }
03-10 12:30:47.485 E/WifiHW  (  643): wifi_send_command("AP_SCAN 2")
03-10 12:30:47.485 D/StateMachine(  643): processMsg: ConnectModeState
03-10 12:30:47.485 D/WifiStateMachine(  643): ConnectModeState{ what=131143 when=-7ms arg1=2 }
03-10 12:30:47.485 D/StateMachine(  643): processMsg: DriverStartedState
03-10 12:30:47.485 D/WifiStateMachine(  643): DriverStartedState{ what=131143 when=-8ms arg1=2 }
03-10 12:30:47.485 E/WifiHW  (  643): wifi_send_command("SCAN")
03-10 12:30:47.485 D/StateMachine(  643): handleMessage: X
03-10 12:30:47.485 D/StatusBar.NetworkController(  981): refreshViews: Data not connected!! Set no data type icon
03-10 12:30:47.545 D/StateMachine(  643): handleMessage: E msg.what=131155
03-10 12:30:47.545 D/StateMachine(  643): processMsg: ConnectedState
03-10 12:30:47.545 D/WifiStateMachine(  643): ConnectedState{ what=131155 when=-1ms arg1=285 }
03-10 12:30:47.545 D/StateMachine(  643): processMsg: L2ConnectedState
03-10 12:30:47.545 D/WifiStateMachine(  643): L2ConnectedState{ what=131155 when=-2ms arg1=285 }
03-10 12:30:47.545 E/WifiHW  (  643): wifi_send_command("SIGNAL_POLL")
