03-10 12:29:25.858 D/PowerManagerService(  643): acquireWakeLock flags=0x1 tag=ActivityManager-Launch
03-10 12:29:25.868 I/System.out( 1876): [WifiScanner]: WiFiScanService: Service Create
03-10 12:29:25.898 I/Adreno200-C2D( 1294): <c2d_wrapper_init:121>: C2D2 initializing a3xx version: libc2d2_a3xx.so
03-10 12:29:25.908 I/Adreno200-C2D( 1294): <c2d_wrapper_init:183>: C2D2 wrapper initialized successfully
03-10 12:29:25.918 I/Adreno200-C2D( 1294): <c2d_cmd_res_init:104>: Allocate CMD Buffer Address  0x69c8a000 0x1009a000 
03-10 12:29:26.038 D/PowerManagerService(  643): releaseWakeLock flags=0x1 tag=ActivityManager-Launch
03-10 12:29:26.048 I/Adreno200-C2D( 1876): <c2d_driver_deinit:77>: C2D2 De-Init A3xx version
03-10 12:29:26.068 E/OdekakeDcfFile(  258): ERROR[m_pOdekakeDcfDemuxer==NULL]
03-10 12:29:26.078 D/dalvikvm(  981): GC_FOR_ALLOC freed 16388K, 65% free 31743K/88519K, paused 48ms, total 48ms
03-10 12:29:26.088 W/QComExtractorFactory(  259): Didn't match the sniff <=== status = 5 
03-10 12:29:26.088 W/QComExtractorFactory(  259): Didn't match the sniff <=== status = 1 
03-10 12:29:26.088 W/QComExtractorFactory(  259): Didn't match the sniff <=== status = 1 
03-10 12:29:26.088 W/QComExtractorFactory(  259): Didn't match the sniff <=== status = 1 
03-10 12:29:26.088 E/MM_OSAL (  259): ValidateAACFile failed
03-10 12:29:26.088 W/QComExtractorFactory(  259): Didn't match the sniff <=== status = 1 
03-10 12:29:26.088 W/QComExtractorFactory(  259): Didn't match the sniff <=== status = 1 
03-10 12:29:26.088 E/OdekakeDcfFile(  258): ERROR[m_pOdekakeDcfDemuxer==NULL]
03-10 12:29:26.108 E/OdekakeDcfFile(  258): ERROR[m_pOdekakeDcfDemuxer==NULL]
03-10 12:29:26.118 I/Adreno200-C2D( 1876): <c2d_cmd_res_deinit:157>: GPU DeAllocated Address 0x6a171000 0x1009a000 
03-10 12:29:26.118 W/QComExtractorFactory(  259): Didn't match the sniff <=== status = 5 
03-10 12:29:26.118 W/QComExtractorFactory(  259): Didn't match the sniff <=== status = 1 
03-10 12:29:26.118 W/QComExtractorFactory(  259): Didn't match the sniff <=== status = 1 
03-10 12:29:26.118 W/QComExtractorFactory(  259): Didn't match the sniff <=== status = 1 
03-10 12:29:26.118 E/MM_OSAL (  259): ValidateAACFile failed
03-10 12:29:26.118 W/QComExtractorFactory(  259): Didn't match the sniff <=== status = 1 
03-10 12:29:26.118 W/QComExtractorFactory(  259): Didn't match the sniff <=== status = 1 
03-10 12:29:26.118 E/OdekakeDcfFile(  258): ERROR[m_pOdekakeDcfDemuxer==NULL]
03-10 12:29:26.148 I/System.out( 1876): [WifiScanner]: WifiScannerActivity: onDestroy
03-10 12:29:26.148 D/dalvikvm(  981): GC_CONCURRENT freed 4K, 46% free 47939K/88519K, paused 26ms+8ms, total 65ms
03-10 12:29:26.408 D/dalvikvm(18595): GC_CONCURRENT freed 1387K, 34% free 19486K/29123K, paused 2ms+3ms, total 29ms
03-10 12:29:26.799 I/Choreographer(  981): Skipped 46 frames!  The application may be doing too much work on its main thread.
03-10 12:29:26.809 I/ActivityManager(  643): START {act=android.intent.action.MAIN cat=[android.intent.category.LAUNCHER] flg=0x10200000 cmp=com.cm.wifiscanner/.LoadingActivity bnds=[792,1140][1044,1428] u=0} from pid 1294
03-10 12:29:26.849 D/PowerManagerService(  643): acquireWakeLock flags=0x1 tag=ActivityManager-Launch
03-10 12:29:26.939 I/Adreno200-C2D( 1876): <c2d_wrapper_init:121>: C2D2 initializing a3xx version: libc2d2_a3xx.so
03-10 12:29:26.939 I/Adreno200-C2D( 1876): <c2d_wrapper_init:183>: C2D2 wrapper initialized successfully
03-10 12:29:26.939 I/Adreno200-C2D( 1876): <c2d_cmd_res_init:104>: Allocate CMD Buffer Address  0x6a613000 0x1009a000 
03-10 12:29:26.979 I/Adreno200-C2D( 1294): <c2d_driver_deinit:77>: C2D2 De-Init A3xx version
03-10 12:29:26.989 I/Adreno200-C2D( 1294): <c2d_cmd_res_deinit:157>: GPU DeAllocated Address 0x69c8a000 0x1009a000 
03-10 12:29:27.009 W/InputMethodManagerService(  643): Starting input on non-focused client com.android.internal.view.IInputMethodClient$Stub$Proxy@448ef2c8 (uid=10025 pid=1294)
03-10 12:29:27.029 D/PowerManagerService(  643): releaseWakeLock flags=0x1 tag=ActivityManager-Launch
03-10 12:29:27.049 I/ActivityManager(  643): Displayed com.cm.wifiscanner/.LoadingActivity: +172ms
03-10 12:29:27.059 E/OdekakeDcfFile(  258): ERROR[m_pOdekakeDcfDemuxer==NULL]
03-10 12:29:27.069 W/QComExtractorFactory(  259): Didn't match the sniff <=== status = 5 
03-10 12:29:27.069 W/QComExtractorFactory(  259): Didn't match the sniff <=== status = 1 
03-10 12:29:27.069 W/QComExtractorFactory(  259): Didn't match the sniff <=== status = 1 
03-10 12:29:27.069 W/QComExtractorFactory(  259): Didn't match the sniff <=== status = 1 
03-10 12:29:27.069 E/MM_OSAL (  259): ValidateAACFile failed
03-10 12:29:27.069 W/QComExtractorFactory(  259): Didn't match the sniff <=== status = 1 
03-10 12:29:27.069 W/QComExtractorFactory(  259): Didn't match the sniff <=== status = 1 
03-10 12:29:27.069 E/OdekakeDcfFile(  258): ERROR[m_pOdekakeDcfDemuxer==NULL]
03-10 12:29:27.079 E/OdekakeDcfFile(  258): ERROR[m_pOdekakeDcfDemuxer==NULL]
03-10 12:29:27.089 W/QComExtractorFactory(  259): Didn't match the sniff <=== status = 5 
03-10 12:29:27.089 W/QComExtractorFactory(  259): Didn't match the sniff <=== status = 1 
03-10 12:29:27.089 W/QComExtractorFactory(  259): Didn't match the sniff <=== status = 1 
03-10 12:29:27.089 W/QComExtractorFactory(  259): Didn't match the sniff <=== status = 1 
03-10 12:29:27.089 E/MM_OSAL (  259): ValidateAACFile failed
03-10 12:29:27.089 W/QComExtractorFactory(  259): Didn't match the sniff <=== status = 1 
03-10 12:29:27.089 W/QComExtractorFactory(  259): Didn't match the sniff <=== status = 1 
03-10 12:29:27.099 E/OdekakeDcfFile(  258): ERROR[m_pOdekakeDcfDemuxer==NULL]
03-10 12:29:27.199 D/StateMachine(  643): handleMessage: E msg.what=147461
03-10 12:29:27.199 D/StateMachine(  643): processMsg: ConnectedState
03-10 12:29:27.199 D/WifiStateMachine(  643): ConnectedState{ what=147461 when=0 }
03-10 12:29:27.199 D/StateMachine(  643): processMsg: L2ConnectedState
03-10 12:29:27.209 D/WifiStateMachine(  643): L2ConnectedState{ what=147461 when=-1ms }
03-10 12:29:27.209 D/StateMachine(  643): processMsg: ConnectModeState
03-10 12:29:27.209 D/WifiStateMachine(  643): ConnectModeState{ what=147461 when=-3ms }
03-10 12:29:27.209 E/WifiHW  (  643): wifi_send_command("AP_SCAN 1")
03-10 12:29:27.209 D/StateMachine(  643): processMsg: DriverStartedState
03-10 12:29:27.209 D/WifiStateMachine(  643): DriverStartedState{ what=147461 when=-3ms }
03-10 12:29:27.209 D/StateMachine(  643): processMsg: SupplicantStartedState
03-10 12:29:27.209 D/WifiStateMachine(  643): SupplicantStartedState{ what=147461 when=-4ms }
03-10 12:29:27.209 E/WifiHW  (  643): wifi_send_command("SCAN_RESULTS")
03-10 12:29:27.209 D/StateMachine(  643): handleMessage: X
03-10 12:29:27.950 D/StateMachine(  643): handleMessage: E msg.what=131155
03-10 12:29:27.950 D/StateMachine(  643): processMsg: ConnectedState
03-10 12:29:27.960 D/WifiStateMachine(  643): ConnectedState{ what=131155 when=-5ms arg1=285 }
03-10 12:29:27.960 D/StateMachine(  643): processMsg: L2ConnectedState
03-10 12:29:27.970 D/WifiStateMachine(  643): L2ConnectedState{ what=131155 when=-18ms arg1=285 }
03-10 12:29:27.980 E/WifiHW  (  643): wifi_send_command("SIGNAL_POLL")
03-10 12:29:28.000 D/StateMachine(  643): handleMessage: X
03-10 12:29:28.881 I/ActivityManager(  643): START {cmp=com.cm.wifiscanner/.WifiScannerActivity u=0} from pid 1876
03-10 12:29:28.921 D/PowerManagerService(  643): acquireWakeLock flags=0x1 tag=ActivityManager-Launch
03-10 12:29:28.961 I/System.out( 1876): [WifiScanner]: DownloadUpdateService: PATH: /storage/sdcard0
03-10 12:29:28.961 I/System.out( 1876): [WifiScanner]: WifiScannerActivity: Avail Memory: 2473766912
03-10 12:29:28.981 W/Resources( 1876): Converting to string: TypedValue{t=0x10/d=0x0 a=-1}
03-10 12:29:29.001 I/System.out( 1876): [WifiScanner]: WifiScannerActivity: OnResume: falsemIsResumed:false
03-10 12:29:29.001 D/Utils   ( 1876): Check baidu
03-10 12:29:29.011 D/StateMachine(  643): handleMessage: E msg.what=131131
03-10 12:29:29.011 D/StateMachine(  643): processMsg: ConnectedState
03-10 12:29:29.011 D/WifiStateMachine(  643): ConnectedState{ what=131131 when=-1ms }
03-10 12:29:29.021 D/StateMachine(  643): processMsg: L2ConnectedState
03-10 12:29:29.021 D/WifiStateMachine(  643): L2ConnectedState{ what=131131 when=-7ms }
03-10 12:29:29.021 D/StateMachine(  643): processMsg: ConnectModeState
03-10 12:29:29.021 D/WifiStateMachine(  643): ConnectModeState{ what=131131 when=-11ms }
03-10 12:29:29.031 D/StateMachine(  643): processMsg: DriverStartedState
03-10 12:29:29.031 D/WifiStateMachine(  643): DriverStartedState{ what=131131 when=-15ms }
03-10 12:29:29.031 D/StateMachine(  643): processMsg: SupplicantStartedState
03-10 12:29:29.031 D/WifiStateMachine(  643): SupplicantStartedState{ what=131131 when=-17ms }
03-10 12:29:29.031 D/StateMachine(  643): handleMessage: X
03-10 12:29:29.041 I/System.out( 1876): [WifiScanner]: WiFiScanService: onDestroy
03-10 12:29:29.101 I/System.out( 1876): [WifiScanner]: Utils: Have connected
03-10 12:29:29.131 W/ResourceType( 1876): Failure getting entry for 0x7f070084 (t=6 e=132) in package 0 (error -75)
03-10 12:29:29.131 W/Resources( 1876): Converting to string: TypedValue{t=0x1/d=0x7f070084 a=-1 r=0x7f070084}
03-10 12:29:29.141 I/WifiManager( 1876): Process .cm.wifiscanner requested a scan
03-10 12:29:29.141 D/StateMachine(  643): handleMessage: E msg.what=131143
03-10 12:29:29.141 D/StateMachine(  643): processMsg: ConnectedState
03-10 12:29:29.141 D/WifiStateMachine(  643): ConnectedState{ what=131143 when=-5ms arg1=2 }
03-10 12:29:29.141 D/StateMachine(  643): processMsg: L2ConnectedState
03-10 12:29:29.141 D/WifiStateMachine(  643): L2ConnectedState{ what=131143 when=-8ms arg1=2 }
03-10 12:29:29.151 E/WifiHW  (  643): wifi_send_command("AP_SCAN 2")
03-10 12:29:29.151 D/StateMachine(  643): processMsg: ConnectModeState
03-10 12:29:29.151 D/WifiStateMachine(  643): ConnectModeState{ what=131143 when=-14ms arg1=2 }
03-10 12:29:29.151 D/StateMachine(  643): processMsg: DriverStartedState
03-10 12:29:29.151 D/WifiStateMachine(  643): DriverStartedState{ what=131143 when=-18ms arg1=2 }
03-10 12:29:29.161 E/WifiHW  (  643): wifi_send_command("SCAN")
03-10 12:29:29.161 D/StateMachine(  643): handleMessage: X
03-10 12:29:29.171 W/ResourceType( 1876): Failure getting entry for 0x7f070084 (t=6 e=132) in package 0 (error -75)
03-10 12:29:29.171 W/Resources( 1876): Converting to string: TypedValue{t=0x1/d=0x7f070084 a=-1 r=0x7f070084}
03-10 12:29:29.271 I/ActivityManager(  643): Displayed com.cm.wifiscanner/.WifiScannerActivity: +332ms
03-10 12:29:29.281 I/System.out( 1876): [WifiScanner]: WifiScannerActivity: WifiFirstCheckStatus: 9
03-10 12:29:29.281 I/System.out( 1876): [WifiScanner]: Utils: Check591 Server
03-10 12:29:29.281 I/System.out( 1876): [WifiScanner]: Utils: URL: http://10.1.0.1:3660
03-10 12:29:29.321 W/ResourceType( 1876): Failure getting entry for 0x7f070084 (t=6 e=132) in package 0 (error -75)
03-10 12:29:29.321 W/Resources( 1876): Converting to string: TypedValue{t=0x1/d=0x7f070084 a=-1 r=0x7f070084}
03-10 12:29:29.401 D/PowerManagerService(  643): releaseWakeLock flags=0x1 tag=ActivityManager-Launch
03-10 12:29:29.431 E/OdekakeDcfFile(  258): ERROR[m_pOdekakeDcfDemuxer==NULL]
03-10 12:29:29.441 D/StatusBar.NetworkController(  981): refreshViews: Data not connected!! Set no data type icon
03-10 12:29:29.451 W/QComExtractorFactory(  259): Didn't match the sniff <=== status = 5 
03-10 12:29:29.451 W/QComExtractorFactory(  259): Didn't match the sniff <=== status = 1 
03-10 12:29:29.451 W/QComExtractorFactory(  259): Didn't match the sniff <=== status = 1 
03-10 12:29:29.451 W/QComExtractorFactory(  259): Didn't match the sniff <=== status = 1 
03-10 12:29:29.451 E/MM_OSAL (  259): ValidateAACFile failed
03-10 12:29:29.471 W/QComExtractorFactory(  259): Didn't match the sniff <=== status = 1 
03-10 12:29:29.471 W/QComExtractorFactory(  259): Didn't match the sniff <=== status = 1 
03-10 12:29:29.481 E/OdekakeDcfFile(  258): ERROR[m_pOdekakeDcfDemuxer==NULL]
03-10 12:29:29.481 E/OdekakeDcfFile(  258): ERROR[m_pOdekakeDcfDemuxer==NULL]
03-10 12:29:29.502 W/QComExtractorFactory(  259): Didn't match the sniff <=== status = 5 
03-10 12:29:29.502 W/QComExtractorFactory(  259): Didn't match the sniff <=== status = 1 
03-10 12:29:29.502 W/QComExtractorFactory(  259): Didn't match the sniff <=== status = 1 
03-10 12:29:29.502 W/QComExtractorFactory(  259): Didn't match the sniff <=== status = 1 
03-10 12:29:29.502 E/MM_OSAL (  259): ValidateAACFile failed
03-10 12:29:29.502 W/QComExtractorFactory(  259): Didn't match the sniff <=== status = 1 
03-10 12:29:29.502 W/QComExtractorFactory(  259): Didn't match the sniff <=== status = 1 
03-10 12:29:29.502 E/OdekakeDcfFile(  258): ERROR[m_pOdekakeDcfDemuxer==NULL]
03-10 12:29:30.453 D/StatusBar.NetworkController(  981): refreshViews: Data not connected!! Set no data type icon
03-10 12:29:30.643 D/SomcTransmitPowerBroadcastReceiver( 1137): Battery changed with Voltage: 3931 mV
03-10 12:29:30.653 D/SomcTransmitPowerBroadcastReceiver( 1137): Old PowerLevel: 3, current PowerLevel: 3
03-10 12:29:30.993 D/StateMachine(  643): handleMessage: E msg.what=131155
03-10 12:29:30.993 D/StateMachine(  643): processMsg: ConnectedState
03-10 12:29:31.003 D/WifiStateMachine(  643): ConnectedState{ what=131155 when=-6ms arg1=285 }
03-10 12:29:31.003 D/StateMachine(  643): processMsg: L2ConnectedState
03-10 12:29:31.013 D/WifiStateMachine(  643): L2ConnectedState{ what=131155 when=-21ms arg1=285 }
03-10 12:29:31.013 E/WifiHW  (  643): wifi_send_command("SIGNAL_POLL")
03-10 12:29:31.033 D/StateMachine(  643): handleMessage: X
03-10 12:29:32.745 D/StateMachine(  643): handleMessage: E msg.what=147461
03-10 12:29:32.745 D/StateMachine(  643): processMsg: ConnectedState
03-10 12:29:32.755 D/WifiStateMachine(  643): ConnectedState{ what=147461 when=-5ms }
03-10 12:29:32.755 D/StateMachine(  643): processMsg: L2ConnectedState
03-10 12:29:32.765 D/WifiStateMachine(  643): L2ConnectedState{ what=147461 when=-27ms }
03-10 12:29:32.765 D/StateMachine(  643): processMsg: ConnectModeState
03-10 12:29:32.775 D/WifiStateMachine(  643): ConnectModeState{ what=147461 when=-33ms }
03-10 12:29:32.785 E/WifiHW  (  643): wifi_send_command("AP_SCAN 1")
03-10 12:29:32.785 D/StateMachine(  643): processMsg: DriverStartedState
03-10 12:29:32.785 D/WifiStateMachine(  643): DriverStartedState{ what=147461 when=-44ms }
03-10 12:29:32.785 D/StateMachine(  643): processMsg: SupplicantStartedState
03-10 12:29:32.795 D/WifiStateMachine(  643): SupplicantStartedState{ what=147461 when=-49ms }
03-10 12:29:32.795 E/WifiHW  (  643): wifi_send_command("SCAN_RESULTS")
03-10 12:29:32.805 D/StateMachine(  643): handleMessage: X
03-10 12:29:32.805 D/StateMachine(  643): handleMessage: E msg.what=131131
03-10 12:29:32.805 D/StateMachine(  643): processMsg: ConnectedState
03-10 12:29:32.815 D/PowerManagerService(  643): acquireWakeLock flags=0x1 tag=AlarmManager
03-10 12:29:32.825 D/PowerManagerService(  643): releaseWakeLock flags=0x1 tag=AlarmManager
03-10 12:29:32.835 D/WifiStateMachine(  643): ConnectedState{ what=131131 when=-23ms }
03-10 12:29:32.835 D/StateMachine(  643): processMsg: L2ConnectedState
03-10 12:29:32.835 D/WifiStateMachine(  643): L2ConnectedState{ what=131131 when=-23ms }
03-10 12:29:32.835 D/StateMachine(  643): processMsg: ConnectModeState
03-10 12:29:32.835 D/WifiStateMachine(  643): ConnectModeState{ what=131131 when=-23ms }
03-10 12:29:32.835 D/StateMachine(  643): processMsg: DriverStartedState
03-10 12:29:32.835 D/WifiStateMachine(  643): DriverStartedState{ what=131131 when=-24ms }
03-10 12:29:32.835 D/StateMachine(  643): processMsg: SupplicantStartedState
03-10 12:29:32.835 D/WifiStateMachine(  643): SupplicantStartedState{ what=131131 when=-24ms }
03-10 12:29:32.835 D/StateMachine(  643): handleMessage: X
03-10 12:29:32.855 W/ResourceType( 1876): Failure getting entry for 0x7f070084 (t=6 e=132) in package 0 (error -75)
03-10 12:29:32.855 W/Resources( 1876): Converting to string: TypedValue{t=0x1/d=0x7f070084 a=-1 r=0x7f070084}
03-10 12:29:34.036 D/StateMachine(  643): handleMessage: E msg.what=131155
03-10 12:29:34.036 D/StateMachine(  643): processMsg: ConnectedState
03-10 12:29:34.036 D/WifiStateMachine(  643): ConnectedState{ what=131155 when=-3ms arg1=285 }
03-10 12:29:34.036 D/StateMachine(  643): processMsg: L2ConnectedState
03-10 12:29:34.046 D/WifiStateMachine(  643): L2ConnectedState{ what=131155 when=-9ms arg1=285 }
03-10 12:29:34.046 E/WifiHW  (  643): wifi_send_command("SIGNAL_POLL")
03-10 12:29:34.056 D/StateMachine(  643): handleMessage: X
03-10 12:29:34.197 W/QCNEJ   (  643): |CORE| mDefaultApnLinkProp is null
03-10 12:29:34.207 E/Parcel  (  377): Reading a NULL string not supported here.
03-10 12:29:34.207 E/Parcel  (  377): Reading a NULL string not supported here.
03-10 12:29:34.227 D/StatusBar.NetworkController(  981): refreshViews: Data not connected!! Set no data type icon
03-10 12:29:35.168 I/WifiManager( 1876): Process .cm.wifiscanner requested a scan
03-10 12:29:35.168 D/StateMachine(  643): handleMessage: E msg.what=131143
03-10 12:29:35.178 D/StateMachine(  643): processMsg: ConnectedState
03-10 12:29:35.188 D/WifiStateMachine(  643): ConnectedState{ what=131143 when=-13ms arg1=2 }
03-10 12:29:35.188 D/StateMachine(  643): processMsg: L2ConnectedState
03-10 12:29:35.188 D/WifiStateMachine(  643): L2ConnectedState{ what=131143 when=-16ms arg1=2 }
03-10 12:29:35.188 E/WifiHW  (  643): wifi_send_command("AP_SCAN 2")
03-10 12:29:35.198 D/StateMachine(  643): processMsg: ConnectModeState
03-10 12:29:35.198 D/WifiStateMachine(  643): ConnectModeState{ what=131143 when=-27ms arg1=2 }
03-10 12:29:35.198 D/StateMachine(  643): processMsg: DriverStartedState
03-10 12:29:35.198 D/WifiStateMachine(  643): DriverStartedState{ what=131143 when=-31ms arg1=2 }
03-10 12:29:35.208 E/WifiHW  (  643): wifi_send_command("SCAN")
03-10 12:29:35.208 D/StateMachine(  643): handleMessage: X
03-10 12:29:37.060 D/StateMachine(  643): handleMessage: E msg.what=131155
03-10 12:29:37.060 D/StateMachine(  643): processMsg: ConnectedState
03-10 12:29:37.060 D/WifiStateMachine(  643): ConnectedState{ what=131155 when=-13ms arg1=285 }
03-10 12:29:37.060 D/StateMachine(  643): processMsg: L2ConnectedState
03-10 12:29:37.060 D/WifiStateMachine(  643): L2ConnectedState{ what=131155 when=-15ms arg1=285 }
03-10 12:29:37.070 E/WifiHW  (  643): wifi_send_command("SIGNAL_POLL")
03-10 12:29:37.190 D/StateMachine(  643): handleMessage: X
03-10 12:29:38.681 D/SizeAdaptiveLayout(  981): com.android.internal.widget.SizeAdaptiveLayout@440d3ea0child view android.widget.RelativeLayout@440ea6e0 measured out of bounds at 189px clamped to 192px
03-10 12:29:38.902 D/StateMachine(  643): handleMessage: E msg.what=147461
03-10 12:29:38.902 D/StateMachine(  643): processMsg: ConnectedState
03-10 12:29:38.902 D/WifiStateMachine(  643): ConnectedState{ what=147461 when=-5ms }
03-10 12:29:38.912 D/StateMachine(  643): processMsg: L2ConnectedState
03-10 12:29:38.912 D/WifiStateMachine(  643): L2ConnectedState{ what=147461 when=-16ms }
03-10 12:29:38.912 D/StateMachine(  643): processMsg: ConnectModeState
03-10 12:29:38.912 D/WifiStateMachine(  643): ConnectModeState{ what=147461 when=-19ms }
03-10 12:29:38.922 E/WifiHW  (  643): wifi_send_command("AP_SCAN 1")
03-10 12:29:38.922 D/StateMachine(  643): processMsg: DriverStartedState
03-10 12:29:38.922 D/WifiStateMachine(  643): DriverStartedState{ what=147461 when=-24ms }
03-10 12:29:38.922 D/StateMachine(  643): processMsg: SupplicantStartedState
03-10 12:29:38.922 D/WifiStateMachine(  643): SupplicantStartedState{ what=147461 when=-27ms }
03-10 12:29:38.922 E/WifiHW  (  643): wifi_send_command("SCAN_RESULTS")
03-10 12:29:38.942 D/StateMachine(  643): handleMessage: X
03-10 12:29:38.942 D/StateMachine(  643): handleMessage: E msg.what=131131
03-10 12:29:38.952 D/StateMachine(  643): processMsg: ConnectedState
03-10 12:29:38.952 D/WifiStateMachine(  643): ConnectedState{ what=131131 when=-9ms }
03-10 12:29:38.962 D/StateMachine(  643): processMsg: L2ConnectedState
03-10 12:29:38.962 D/WifiStateMachine(  643): L2ConnectedState{ what=131131 when=-15ms }
03-10 12:29:38.962 D/StateMachine(  643): processMsg: ConnectModeState
03-10 12:29:38.962 D/WifiStateMachine(  643): ConnectModeState{ what=131131 when=-17ms }
03-10 12:29:38.962 D/StateMachine(  643): processMsg: DriverStartedState
03-10 12:29:38.962 D/WifiStateMachine(  643): DriverStartedState{ what=131131 when=-18ms }
03-10 12:29:38.962 D/StateMachine(  643): processMsg: SupplicantStartedState
03-10 12:29:38.962 D/WifiStateMachine(  643): SupplicantStartedState{ what=131131 when=-20ms }
03-10 12:29:38.962 D/StateMachine(  643): handleMessage: X
03-10 12:29:39.002 W/ResourceType( 1876): Failure getting entry for 0x7f070084 (t=6 e=132) in package 0 (error -75)
03-10 12:29:39.002 W/Resources( 1876): Converting to string: TypedValue{t=0x1/d=0x7f070084 a=-1 r=0x7f070084}
03-10 12:29:39.112 D/dalvikvm( 1876): GC_CONCURRENT freed 3077K, 19% free 23780K/29123K, paused 14ms+33ms, total 98ms
03-10 12:29:39.302 W/System.err( 1876): java.net.SocketTimeoutException
03-10 12:29:39.302 W/System.err( 1876): 	at java.net.PlainSocketImpl.read(PlainSocketImpl.java:492)
03-10 12:29:39.312 W/System.err( 1876): 	at java.net.PlainSocketImpl.access$000(PlainSocketImpl.java:46)
03-10 12:29:39.312 W/System.err( 1876): 	at java.net.PlainSocketImpl$PlainSocketInputStream.read(PlainSocketImpl.java:241)
03-10 12:29:39.312 W/System.err( 1876): 	at java.io.InputStream.read(InputStream.java:163)
03-10 12:29:39.312 W/System.err( 1876): 	at java.io.BufferedInputStream.fillbuf(BufferedInputStream.java:142)
03-10 12:29:39.322 W/System.err( 1876): 	at java.io.BufferedInputStream.read(BufferedInputStream.java:227)
03-10 12:29:39.322 W/System.err( 1876): 	at libcore.io.Streams.readAsciiLine(Streams.java:201)
03-10 12:29:39.322 W/System.err( 1876): 	at libcore.net.http.HttpEngine.readResponseHeaders(HttpEngine.java:560)
03-10 12:29:39.322 W/System.err( 1876): 	at libcore.net.http.HttpEngine.readResponse(HttpEngine.java:813)
03-10 12:29:39.322 W/System.err( 1876): 	at libcore.net.http.HttpURLConnectionImpl.getResponse(HttpURLConnectionImpl.java:274)
03-10 12:29:39.322 W/System.err( 1876): 	at libcore.net.http.HttpURLConnectionImpl.getResponseCode(HttpURLConnectionImpl.java:486)
03-10 12:29:39.332 W/System.err( 1876): 	at com.cm.wifiscanner.util.Utils.check591Server(Utils.java:114)
03-10 12:29:39.332 W/System.err( 1876): 	at com.cm.wifiscanner.wifi.WifiListActivity$WifiSecondCheckStatus.doInBackground(WifiListActivity.java:954)
03-10 12:29:39.332 W/System.err( 1876): 	at com.cm.wifiscanner.wifi.WifiListActivity$WifiSecondCheckStatus.doInBackground(WifiListActivity.java:1)
03-10 12:29:39.332 W/System.err( 1876): 	at android.os.AsyncTask$2.call(AsyncTask.java:287)
03-10 12:29:39.332 W/System.err( 1876): 	at java.util.concurrent.FutureTask$Sync.innerRun(FutureTask.java:305)
03-10 12:29:39.332 W/System.err( 1876): 	at java.util.concurrent.FutureTask.run(FutureTask.java:137)
03-10 12:29:39.332 W/System.err( 1876): 	at android.os.AsyncTask$SerialExecutor$1.run(AsyncTask.java:230)
03-10 12:29:39.342 W/System.err( 1876): 	at java.util.concurrent.ThreadPoolExecutor.runWorker(ThreadPoolExecutor.java:1076)
03-10 12:29:39.342 W/System.err( 1876): 	at java.util.concurrent.ThreadPoolExecutor$Worker.run(ThreadPoolExecutor.java:569)
03-10 12:29:39.342 W/System.err( 1876): 	at java.lang.Thread.run(Thread.java:856)
03-10 12:29:39.342 I/System.out( 1876): [WifiScanner]: WifiScannerActivity: WifiSecondCheckStatus: false
03-10 12:29:39.372 W/ResourceType( 1876): Failure getting entry for 0x7f070084 (t=6 e=132) in package 0 (error -75)
03-10 12:29:39.372 W/Resources( 1876): Converting to string: TypedValue{t=0x1/d=0x7f070084 a=-1 r=0x7f070084}
03-10 12:29:39.472 D/StatusBar.NetworkController(  981): refreshViews: Data not connected!! Set no data type icon
03-10 12:29:40.193 D/StateMachine(  643): handleMessage: E msg.what=131155
03-10 12:29:40.193 D/StateMachine(  643): processMsg: ConnectedState
03-10 12:29:40.203 D/WifiStateMachine(  643): ConnectedState{ what=131155 when=-5ms arg1=285 }
03-10 12:29:40.203 D/StateMachine(  643): processMsg: L2ConnectedState
03-10 12:29:40.203 D/WifiStateMachine(  643): L2ConnectedState{ what=131155 when=-15ms arg1=285 }
03-10 12:29:40.203 E/WifiHW  (  643): wifi_send_command("SIGNAL_POLL")
03-10 12:29:40.213 D/StateMachine(  643): handleMessage: X
03-10 12:29:40.473 D/StatusBar.NetworkController(  981): refreshViews: Data not connected!! Set no data type icon
03-10 12:29:41.194 I/WifiManager( 1876): Process .cm.wifiscanner requested a scan
03-10 12:29:41.194 D/StateMachine(  643): handleMessage: E msg.what=131143
03-10 12:29:41.214 D/StateMachine(  643): processMsg: ConnectedState
03-10 12:29:41.214 D/WifiStateMachine(  643): ConnectedState{ what=131143 when=-14ms arg1=2 }
03-10 12:29:41.214 D/StateMachine(  643): processMsg: L2ConnectedState
03-10 12:29:41.214 D/WifiStateMachine(  643): L2ConnectedState{ what=131143 when=-20ms arg1=2 }
03-10 12:29:41.224 E/WifiHW  (  643): wifi_send_command("AP_SCAN 2")
03-10 12:29:41.224 D/StateMachine(  643): processMsg: ConnectModeState
03-10 12:29:41.224 D/WifiStateMachine(  643): ConnectModeState{ what=131143 when=-26ms arg1=2 }
03-10 12:29:41.224 D/StateMachine(  643): processMsg: DriverStartedState
03-10 12:29:41.234 D/WifiStateMachine(  643): DriverStartedState{ what=131143 when=-33ms arg1=2 }
03-10 12:29:41.234 E/WifiHW  (  643): wifi_send_command("SCAN")
03-10 12:29:41.234 D/StateMachine(  643): handleMessage: X
03-10 12:29:41.254 W/QCNEJ   (  643): |CORE| mDefaultApnLinkProp is null
03-10 12:29:41.264 E/Parcel  (  377): Reading a NULL string not supported here.
03-10 12:29:41.264 E/Parcel  (  377): Reading a NULL string not supported here.
03-10 12:29:41.264 D/StatusBar.NetworkController(  981): refreshViews: Data not connected!! Set no data type icon
03-10 12:29:42.816 D/PowerManagerService(  643): acquireWakeLock flags=0x1 tag=AlarmManager
03-10 12:29:42.846 D/PowerManagerService(  643): releaseWakeLock flags=0x1 tag=AlarmManager
03-10 12:29:43.226 D/StateMachine(  643): handleMessage: E msg.what=131155
03-10 12:29:43.226 D/StateMachine(  643): processMsg: ConnectedState
03-10 12:29:43.236 D/WifiStateMachine(  643): ConnectedState{ what=131155 when=-7ms arg1=285 }
03-10 12:29:43.236 D/StateMachine(  643): processMsg: L2ConnectedState
03-10 12:29:43.236 D/WifiStateMachine(  643): L2ConnectedState{ what=131155 when=-17ms arg1=285 }
03-10 12:29:43.236 E/WifiHW  (  643): wifi_send_command("SIGNAL_POLL")
03-10 12:29:43.356 D/StateMachine(  643): handleMessage: X
03-10 12:29:43.486 D/StatusBar.NetworkController(  981): refreshViews: Data not connected!! Set no data type icon
03-10 12:29:44.487 D/StatusBar.NetworkController(  981): refreshViews: Data not connected!! Set no data type icon
03-10 12:29:44.988 D/StateMachine(  643): handleMessage: E msg.what=147461
03-10 12:29:44.988 D/StateMachine(  643): processMsg: ConnectedState
03-10 12:29:44.998 D/WifiStateMachine(  643): ConnectedState{ what=147461 when=-14ms }
03-10 12:29:44.998 D/StateMachine(  643): processMsg: L2ConnectedState
03-10 12:29:44.998 D/WifiStateMachine(  643): L2ConnectedState{ what=147461 when=-18ms }
03-10 12:29:45.008 D/StateMachine(  643): processMsg: ConnectModeState
03-10 12:29:45.008 D/WifiStateMachine(  643): ConnectModeState{ what=147461 when=-21ms }
03-10 12:29:45.008 E/WifiHW  (  643): wifi_send_command("AP_SCAN 1")
03-10 12:29:45.008 D/StateMachine(  643): processMsg: DriverStartedState
03-10 12:29:45.008 D/WifiStateMachine(  643): DriverStartedState{ what=147461 when=-25ms }
03-10 12:29:45.008 D/StateMachine(  643): processMsg: SupplicantStartedState
03-10 12:29:45.008 D/WifiStateMachine(  643): SupplicantStartedState{ what=147461 when=-28ms }
03-10 12:29:45.018 E/WifiHW  (  643): wifi_send_command("SCAN_RESULTS")
03-10 12:29:45.028 D/StateMachine(  643): handleMessage: X
03-10 12:29:45.038 D/StateMachine(  643): handleMessage: E msg.what=131131
03-10 12:29:45.038 D/StateMachine(  643): processMsg: ConnectedState
03-10 12:29:45.038 D/WifiStateMachine(  643): ConnectedState{ what=131131 when=-9ms }
03-10 12:29:45.048 D/StateMachine(  643): processMsg: L2ConnectedState
03-10 12:29:45.048 D/WifiStateMachine(  643): L2ConnectedState{ what=131131 when=-14ms }
03-10 12:29:45.048 D/StateMachine(  643): processMsg: ConnectModeState
03-10 12:29:45.048 D/WifiStateMachine(  643): ConnectModeState{ what=131131 when=-16ms }
03-10 12:29:45.048 D/StateMachine(  643): processMsg: DriverStartedState
03-10 12:29:45.048 D/WifiStateMachine(  643): DriverStartedState{ what=131131 when=-17ms }
03-10 12:29:45.048 D/StateMachine(  643): processMsg: SupplicantStartedState
03-10 12:29:45.048 D/WifiStateMachine(  643): SupplicantStartedState{ what=131131 when=-18ms }
03-10 12:29:45.058 D/StateMachine(  643): handleMessage: X
03-10 12:29:45.078 W/ResourceType( 1876): Failure getting entry for 0x7f070084 (t=6 e=132) in package 0 (error -75)
03-10 12:29:45.078 W/Resources( 1876): Converting to string: TypedValue{t=0x1/d=0x7f070084 a=-1 r=0x7f070084}
03-10 12:29:46.359 D/StateMachine(  643): handleMessage: E msg.what=131155
03-10 12:29:46.359 D/StateMachine(  643): processMsg: ConnectedState
03-10 12:29:46.370 D/WifiStateMachine(  643): ConnectedState{ what=131155 when=-6ms arg1=285 }
03-10 12:29:46.370 D/StateMachine(  643): processMsg: L2ConnectedState
03-10 12:29:46.370 D/WifiStateMachine(  643): L2ConnectedState{ what=131155 when=-15ms arg1=285 }
03-10 12:29:46.370 E/WifiHW  (  643): wifi_send_command("SIGNAL_POLL")
03-10 12:29:46.380 D/StateMachine(  643): handleMessage: X
03-10 12:29:47.220 I/WifiManager( 1876): Process .cm.wifiscanner requested a scan
03-10 12:29:47.220 D/StateMachine(  643): handleMessage: E msg.what=131143
03-10 12:29:47.240 D/StateMachine(  643): processMsg: ConnectedState
03-10 12:29:47.240 D/WifiStateMachine(  643): ConnectedState{ what=131143 when=-13ms arg1=2 }
03-10 12:29:47.240 D/StateMachine(  643): processMsg: L2ConnectedState
03-10 12:29:47.240 D/WifiStateMachine(  643): L2ConnectedState{ what=131143 when=-18ms arg1=2 }
03-10 12:29:47.240 E/WifiHW  (  643): wifi_send_command("AP_SCAN 2")
03-10 12:29:47.240 D/StateMachine(  643): processMsg: ConnectModeState
03-10 12:29:47.250 D/WifiStateMachine(  643): ConnectModeState{ what=131143 when=-24ms arg1=2 }
03-10 12:29:47.250 D/StateMachine(  643): processMsg: DriverStartedState
03-10 12:29:47.250 D/WifiStateMachine(  643): DriverStartedState{ what=131143 when=-26ms arg1=2 }
03-10 12:29:47.250 E/WifiHW  (  643): wifi_send_command("SCAN")
03-10 12:29:47.250 D/StateMachine(  643): handleMessage: X
03-10 12:29:49.383 D/StateMachine(  643): handleMessage: E msg.what=131155
03-10 12:29:49.383 D/StateMachine(  643): processMsg: ConnectedState
03-10 12:29:49.393 D/WifiStateMachine(  643): ConnectedState{ what=131155 when=-5ms arg1=285 }
03-10 12:29:49.393 D/StateMachine(  643): processMsg: L2ConnectedState
03-10 12:29:49.393 D/WifiStateMachine(  643): L2ConnectedState{ what=131155 when=-15ms arg1=285 }
03-10 12:29:49.393 E/WifiHW  (  643): wifi_send_command("SIGNAL_POLL")
03-10 12:29:49.443 D/StateMachine(  643): handleMessage: X
03-10 12:29:50.324 D/PowerManagerService(  643): acquireWakeLock flags=0x1 tag=AlarmManager
03-10 12:29:50.354 D/PowerManagerService(  643): releaseWakeLock flags=0x1 tag=AlarmManager
03-10 12:29:50.674 W/QCNEJ   (  643): |CORE| mDefaultApnLinkProp is null
03-10 12:29:50.684 E/Parcel  (  377): Reading a NULL string not supported here.
03-10 12:29:50.684 E/Parcel  (  377): Reading a NULL string not supported here.
03-10 12:29:50.684 D/StatusBar.NetworkController(  981): refreshViews: Data not connected!! Set no data type icon
03-10 12:29:50.984 D/StateMachine(  643): handleMessage: E msg.what=147461
03-10 12:29:50.984 D/StateMachine(  643): processMsg: ConnectedState
03-10 12:29:50.984 D/WifiStateMachine(  643): ConnectedState{ what=147461 when=-4ms }
03-10 12:29:50.994 D/StateMachine(  643): processMsg: L2ConnectedState
03-10 12:29:50.994 D/WifiStateMachine(  643): L2ConnectedState{ what=147461 when=-14ms }
03-10 12:29:50.994 D/StateMachine(  643): processMsg: ConnectModeState
03-10 12:29:50.994 D/WifiStateMachine(  643): ConnectModeState{ what=147461 when=-17ms }
03-10 12:29:51.004 E/WifiHW  (  643): wifi_send_command("AP_SCAN 1")
03-10 12:29:51.004 D/StateMachine(  643): processMsg: DriverStartedState
03-10 12:29:51.004 D/WifiStateMachine(  643): DriverStartedState{ what=147461 when=-22ms }
03-10 12:29:51.004 D/StateMachine(  643): processMsg: SupplicantStartedState
03-10 12:29:51.004 D/WifiStateMachine(  643): SupplicantStartedState{ what=147461 when=-28ms }
03-10 12:29:51.014 E/WifiHW  (  643): wifi_send_command("SCAN_RESULTS")
03-10 12:29:51.034 D/StateMachine(  643): handleMessage: X
03-10 12:29:51.034 D/StateMachine(  643): handleMessage: E msg.what=131131
03-10 12:29:51.034 D/StateMachine(  643): processMsg: ConnectedState
03-10 12:29:51.034 D/WifiStateMachine(  643): ConnectedState{ what=131131 when=-6ms }
03-10 12:29:51.044 D/StateMachine(  643): processMsg: L2ConnectedState
03-10 12:29:51.044 D/WifiStateMachine(  643): L2ConnectedState{ what=131131 when=-11ms }
03-10 12:29:51.044 D/StateMachine(  643): processMsg: ConnectModeState
03-10 12:29:51.044 D/WifiStateMachine(  643): ConnectModeState{ what=131131 when=-12ms }
03-10 12:29:51.044 D/StateMachine(  643): processMsg: DriverStartedState
03-10 12:29:51.044 D/WifiStateMachine(  643): DriverStartedState{ what=131131 when=-14ms }
03-10 12:29:51.044 D/StateMachine(  643): processMsg: SupplicantStartedState
03-10 12:29:51.044 D/WifiStateMachine(  643): SupplicantStartedState{ what=131131 when=-15ms }
03-10 12:29:51.054 D/StateMachine(  643): handleMessage: X
03-10 12:29:51.075 W/ResourceType( 1876): Failure getting entry for 0x7f070084 (t=6 e=132) in package 0 (error -75)
03-10 12:29:51.075 W/Resources( 1876): Converting to string: TypedValue{t=0x1/d=0x7f070084 a=-1 r=0x7f070084}
03-10 12:29:52.126 D/PowerManagerService(  643): acquireWakeLock flags=0x1 tag=AlarmManager
03-10 12:29:52.146 D/PowerManagerService(  643): releaseWakeLock flags=0x1 tag=AlarmManager
03-10 12:29:52.456 D/StateMachine(  643): handleMessage: E msg.what=131155
03-10 12:29:52.456 D/StateMachine(  643): processMsg: ConnectedState
03-10 12:29:52.456 D/WifiStateMachine(  643): ConnectedState{ what=131155 when=-6ms arg1=285 }
03-10 12:29:52.466 D/StateMachine(  643): processMsg: L2ConnectedState
03-10 12:29:52.466 D/WifiStateMachine(  643): L2ConnectedState{ what=131155 when=-16ms arg1=285 }
03-10 12:29:52.466 E/WifiHW  (  643): wifi_send_command("SIGNAL_POLL")
03-10 12:29:52.476 D/StateMachine(  643): handleMessage: X
03-10 12:29:52.816 D/PowerManagerService(  643): acquireWakeLock flags=0x1 tag=AlarmManager
03-10 12:29:52.846 D/PowerManagerService(  643): releaseWakeLock flags=0x1 tag=AlarmManager
03-10 12:29:53.257 I/WifiManager( 1876): Process .cm.wifiscanner requested a scan
03-10 12:29:53.257 D/StateMachine(  643): handleMessage: E msg.what=131143
03-10 12:29:53.267 D/StateMachine(  643): processMsg: ConnectedState
03-10 12:29:53.277 D/WifiStateMachine(  643): ConnectedState{ what=131143 when=-12ms arg1=2 }
03-10 12:29:53.277 D/StateMachine(  643): processMsg: L2ConnectedState
03-10 12:29:53.277 D/WifiStateMachine(  643): L2ConnectedState{ what=131143 when=-17ms arg1=2 }
03-10 12:29:53.277 E/WifiHW  (  643): wifi_send_command("AP_SCAN 2")
03-10 12:29:53.277 D/StateMachine(  643): processMsg: ConnectModeState
03-10 12:29:53.277 D/WifiStateMachine(  643): ConnectModeState{ what=131143 when=-22ms arg1=2 }
03-10 12:29:53.287 D/StateMachine(  643): processMsg: DriverStartedState
03-10 12:29:53.287 D/WifiStateMachine(  643): DriverStartedState{ what=131143 when=-25ms arg1=2 }
03-10 12:29:53.287 E/WifiHW  (  643): wifi_send_command("SCAN")
03-10 12:29:53.287 D/StateMachine(  643): handleMessage: X
03-10 12:29:55.479 D/StateMachine(  643): handleMessage: E msg.what=131155
03-10 12:29:55.479 D/StateMachine(  643): processMsg: ConnectedState
03-10 12:29:55.499 D/WifiStateMachine(  643): ConnectedState{ what=131155 when=-8ms arg1=285 }
03-10 12:29:55.499 D/StateMachine(  643): processMsg: L2ConnectedState
03-10 12:29:55.499 D/WifiStateMachine(  643): L2ConnectedState{ what=131155 when=-19ms arg1=285 }
03-10 12:29:55.499 E/WifiHW  (  643): wifi_send_command("SIGNAL_POLL")
03-10 12:29:55.619 D/StateMachine(  643): handleMessage: X
03-10 12:29:57.061 D/StateMachine(  643): handleMessage: E msg.what=147461
03-10 12:29:57.061 D/StateMachine(  643): processMsg: ConnectedState
03-10 12:29:57.061 D/WifiStateMachine(  643): ConnectedState{ what=147461 when=-5ms }
03-10 12:29:57.071 D/StateMachine(  643): processMsg: L2ConnectedState
03-10 12:29:57.071 D/WifiStateMachine(  643): L2ConnectedState{ what=147461 when=-15ms }
03-10 12:29:57.071 D/StateMachine(  643): processMsg: ConnectModeState
03-10 12:29:57.071 D/WifiStateMachine(  643): ConnectModeState{ what=147461 when=-18ms }
03-10 12:29:57.081 E/WifiHW  (  643): wifi_send_command("AP_SCAN 1")
03-10 12:29:57.081 D/StateMachine(  643): processMsg: DriverStartedState
03-10 12:29:57.081 D/WifiStateMachine(  643): DriverStartedState{ what=147461 when=-24ms }
03-10 12:29:57.081 D/StateMachine(  643): processMsg: SupplicantStartedState
03-10 12:29:57.081 D/WifiStateMachine(  643): SupplicantStartedState{ what=147461 when=-26ms }
03-10 12:29:57.081 E/WifiHW  (  643): wifi_send_command("SCAN_RESULTS")
03-10 12:29:57.101 D/StateMachine(  643): handleMessage: X
03-10 12:29:57.101 D/StateMachine(  643): handleMessage: E msg.what=131131
03-10 12:29:57.111 D/StateMachine(  643): processMsg: ConnectedState
03-10 12:29:57.111 D/WifiStateMachine(  643): ConnectedState{ what=131131 when=-7ms }
03-10 12:29:57.121 D/StateMachine(  643): processMsg: L2ConnectedState
03-10 12:29:57.121 D/WifiStateMachine(  643): L2ConnectedState{ what=131131 when=-14ms }
03-10 12:29:57.121 D/StateMachine(  643): processMsg: ConnectModeState
03-10 12:29:57.121 D/WifiStateMachine(  643): ConnectModeState{ what=131131 when=-16ms }
03-10 12:29:57.121 D/StateMachine(  643): processMsg: DriverStartedState
03-10 12:29:57.121 D/WifiStateMachine(  643): DriverStartedState{ what=131131 when=-18ms }
03-10 12:29:57.121 D/StateMachine(  643): processMsg: SupplicantStartedState
03-10 12:29:57.121 D/WifiStateMachine(  643): SupplicantStartedState{ what=131131 when=-19ms }
03-10 12:29:57.131 D/StateMachine(  643): handleMessage: X
03-10 12:29:57.161 W/ResourceType( 1876): Failure getting entry for 0x7f070084 (t=6 e=132) in package 0 (error -75)
03-10 12:29:57.161 W/Resources( 1876): Converting to string: TypedValue{t=0x1/d=0x7f070084 a=-1 r=0x7f070084}
03-10 12:29:58.613 D/StateMachine(  643): handleMessage: E msg.what=131155
03-10 12:29:58.613 D/StateMachine(  643): processMsg: ConnectedState
03-10 12:29:58.623 D/WifiStateMachine(  643): ConnectedState{ what=131155 when=-6ms arg1=285 }
03-10 12:29:58.623 D/StateMachine(  643): processMsg: L2ConnectedState
03-10 12:29:58.633 D/WifiStateMachine(  643): L2ConnectedState{ what=131155 when=-20ms arg1=285 }
03-10 12:29:58.633 E/WifiHW  (  643): wifi_send_command("SIGNAL_POLL")
03-10 12:29:58.643 D/StateMachine(  643): handleMessage: X
03-10 12:29:58.693 D/SizeAdaptiveLayout(  981): com.android.internal.widget.SizeAdaptiveLayout@440d3ea0child view android.widget.RelativeLayout@440ea6e0 measured out of bounds at 189px clamped to 192px
03-10 12:29:59.283 I/WifiManager( 1876): Process .cm.wifiscanner requested a scan
03-10 12:29:59.283 D/StateMachine(  643): handleMessage: E msg.what=131143
03-10 12:29:59.293 D/StateMachine(  643): processMsg: ConnectedState
03-10 12:29:59.293 D/WifiStateMachine(  643): ConnectedState{ what=131143 when=-12ms arg1=2 }
03-10 12:29:59.293 D/StateMachine(  643): processMsg: L2ConnectedState
03-10 12:29:59.293 D/WifiStateMachine(  643): L2ConnectedState{ what=131143 when=-17ms arg1=2 }
03-10 12:29:59.303 E/WifiHW  (  643): wifi_send_command("AP_SCAN 2")
03-10 12:29:59.303 D/StateMachine(  643): processMsg: ConnectModeState
03-10 12:29:59.313 D/WifiStateMachine(  643): ConnectModeState{ what=131143 when=-26ms arg1=2 }
03-10 12:29:59.313 D/StateMachine(  643): processMsg: DriverStartedState
03-10 12:29:59.313 D/WifiStateMachine(  643): DriverStartedState{ what=131143 when=-34ms arg1=2 }
03-10 12:29:59.313 E/WifiHW  (  643): wifi_send_command("SCAN")
03-10 12:29:59.313 D/StateMachine(  643): handleMessage: X
03-10 12:29:59.994 D/PowerManagerService(  643): acquireWakeLock flags=0x1 tag=AlarmManager
03-10 12:30:00.114 D/PowerManagerService(  643): releaseWakeLock flags=0x1 tag=AlarmManager
03-10 12:30:00.655 D/SomcTransmitPowerBroadcastReceiver( 1137): Battery changed with Voltage: 3944 mV
03-10 12:30:00.655 D/SomcTransmitPowerBroadcastReceiver( 1137): Old PowerLevel: 3, current PowerLevel: 3
03-10 12:30:00.665 V/SuperStamina-XssmReminder(  643): onBatteryChanged: plugged=true
03-10 12:30:00.665 V/SuperStamina-PowerSaveReminder(  643): onBatteryChanged: level=73 plugged=true
03-10 12:30:00.675 V/SuperStamina-PowerSaveReminder(  643): ... state: enabled=false mPlugged=true mUnpluggedTime=0 mUnpluggedLevel=0
03-10 12:30:00.905 D/PowerManagerService(  643): acquireWakeLock flags=0x1 tag=AlarmManager
03-10 12:30:00.905 D/PowerManagerService(  643): releaseWakeLock flags=0x1 tag=AlarmManager
03-10 12:30:01.045 D/dalvikvm(23492): GC_CONCURRENT freed 4873K, 30% free 20901K/29639K, paused 12ms+2ms, total 46ms
03-10 12:30:01.396 D/dalvikvm( 1294): GC_CONCURRENT freed 7318K, 25% free 45041K/60039K, paused 12ms+18ms, total 87ms
03-10 12:30:01.646 D/StateMachine(  643): handleMessage: E msg.what=131155
03-10 12:30:01.646 D/StateMachine(  643): processMsg: ConnectedState
03-10 12:30:01.666 D/WifiStateMachine(  643): ConnectedState{ what=131155 when=-17ms arg1=285 }
03-10 12:30:01.666 D/StateMachine(  643): processMsg: L2ConnectedState
03-10 12:30:01.676 D/WifiStateMachine(  643): L2ConnectedState{ what=131155 when=-23ms arg1=285 }
03-10 12:30:01.676 E/WifiHW  (  643): wifi_send_command("SIGNAL_POLL")
03-10 12:30:01.746 D/StateMachine(  643): handleMessage: X
03-10 12:30:02.817 D/PowerManagerService(  643): acquireWakeLock flags=0x1 tag=AlarmManager
03-10 12:30:02.847 D/PowerManagerService(  643): releaseWakeLock flags=0x1 tag=AlarmManager
03-10 12:30:03.017 D/StateMachine(  643): handleMessage: E msg.what=147461
03-10 12:30:03.017 D/StateMachine(  643): processMsg: ConnectedState
03-10 12:30:03.027 D/WifiStateMachine(  643): ConnectedState{ what=147461 when=-12ms }
03-10 12:30:03.027 D/StateMachine(  643): processMsg: L2ConnectedState
03-10 12:30:03.037 D/WifiStateMachine(  643): L2ConnectedState{ what=147461 when=-23ms }
03-10 12:30:03.037 D/StateMachine(  643): processMsg: ConnectModeState
03-10 12:30:03.047 D/WifiStateMachine(  643): ConnectModeState{ what=147461 when=-30ms }
03-10 12:30:03.047 E/WifiHW  (  643): wifi_send_command("AP_SCAN 1")
03-10 12:30:03.047 D/StateMachine(  643): processMsg: DriverStartedState
03-10 12:30:03.047 D/WifiStateMachine(  643): DriverStartedState{ what=147461 when=-37ms }
03-10 12:30:03.057 D/StateMachine(  643): processMsg: SupplicantStartedState
03-10 12:30:03.057 D/WifiStateMachine(  643): SupplicantStartedState{ what=147461 when=-45ms }
03-10 12:30:03.067 E/WifiHW  (  643): wifi_send_command("SCAN_RESULTS")
03-10 12:30:03.077 D/StateMachine(  643): handleMessage: X
03-10 12:30:03.077 D/StateMachine(  643): handleMessage: E msg.what=131131
03-10 12:30:03.077 D/StateMachine(  643): processMsg: ConnectedState
03-10 12:30:03.087 D/WifiStateMachine(  643): ConnectedState{ what=131131 when=-11ms }
03-10 12:30:03.087 D/StateMachine(  643): processMsg: L2ConnectedState
03-10 12:30:03.087 D/WifiStateMachine(  643): L2ConnectedState{ what=131131 when=-14ms }
03-10 12:30:03.097 D/StateMachine(  643): processMsg: ConnectModeState
03-10 12:30:03.097 D/WifiStateMachine(  643): ConnectModeState{ what=131131 when=-20ms }
03-10 12:30:03.097 D/StateMachine(  643): processMsg: DriverStartedState
03-10 12:30:03.097 D/WifiStateMachine(  643): DriverStartedState{ what=131131 when=-22ms }
03-10 12:30:03.097 D/StateMachine(  643): processMsg: SupplicantStartedState
03-10 12:30:03.097 D/WifiStateMachine(  643): SupplicantStartedState{ what=131131 when=-26ms }
03-10 12:30:03.107 D/StateMachine(  643): handleMessage: X
03-10 12:30:03.137 W/ResourceType( 1876): Failure getting entry for 0x7f070084 (t=6 e=132) in package 0 (error -75)
03-10 12:30:03.137 W/Resources( 1876): Converting to string: TypedValue{t=0x1/d=0x7f070084 a=-1 r=0x7f070084}
03-10 12:30:04.749 D/StateMachine(  643): handleMessage: E msg.what=131155
03-10 12:30:04.749 D/StateMachine(  643): processMsg: ConnectedState
03-10 12:30:04.749 D/WifiStateMachine(  643): ConnectedState{ what=131155 when=-6ms arg1=285 }
03-10 12:30:04.759 D/StateMachine(  643): processMsg: L2ConnectedState
03-10 12:30:04.769 D/WifiStateMachine(  643): L2ConnectedState{ what=131155 when=-20ms arg1=285 }
03-10 12:30:04.769 E/WifiHW  (  643): wifi_send_command("SIGNAL_POLL")
03-10 12:30:04.769 D/StateMachine(  643): handleMessage: X
03-10 12:30:05.310 I/WifiManager( 1876): Process .cm.wifiscanner requested a scan
03-10 12:30:05.320 D/StateMachine(  643): handleMessage: E msg.what=131143
03-10 12:30:05.320 D/StateMachine(  643): processMsg: ConnectedState
03-10 12:30:05.320 D/WifiStateMachine(  643): ConnectedState{ what=131143 when=-12ms arg1=2 }
03-10 12:30:05.330 D/StateMachine(  643): processMsg: L2ConnectedState
03-10 12:30:05.330 D/WifiStateMachine(  643): L2ConnectedState{ what=131143 when=-18ms arg1=2 }
03-10 12:30:05.330 E/WifiHW  (  643): wifi_send_command("AP_SCAN 2")
03-10 12:30:05.330 D/StateMachine(  643): processMsg: ConnectModeState
03-10 12:30:05.330 D/WifiStateMachine(  643): ConnectModeState{ what=131143 when=-24ms arg1=2 }
03-10 12:30:05.340 D/StateMachine(  643): processMsg: DriverStartedState
03-10 12:30:05.340 D/WifiStateMachine(  643): DriverStartedState{ what=131143 when=-30ms arg1=2 }
03-10 12:30:05.340 E/WifiHW  (  643): wifi_send_command("SCAN")
03-10 12:30:05.350 D/StateMachine(  643): handleMessage: X
03-10 12:30:07.772 D/StateMachine(  643): handleMessage: E msg.what=131155
03-10 12:30:07.772 D/StateMachine(  643): processMsg: ConnectedState
03-10 12:30:07.782 D/WifiStateMachine(  643): ConnectedState{ what=131155 when=-14ms arg1=285 }
03-10 12:30:07.782 D/StateMachine(  643): processMsg: L2ConnectedState
03-10 12:30:07.782 D/WifiStateMachine(  643): L2ConnectedState{ what=131155 when=-18ms arg1=285 }
03-10 12:30:07.792 E/WifiHW  (  643): wifi_send_command("SIGNAL_POLL")
03-10 12:30:07.862 D/StateMachine(  643): handleMessage: X
03-10 12:30:08.984 D/StateMachine(  643): handleMessage: E msg.what=147461
03-10 12:30:08.984 D/StateMachine(  643): processMsg: ConnectedState
03-10 12:30:08.994 D/WifiStateMachine(  643): ConnectedState{ what=147461 when=-4ms }
03-10 12:30:08.994 D/StateMachine(  643): processMsg: L2ConnectedState
03-10 12:30:09.004 D/WifiStateMachine(  643): L2ConnectedState{ what=147461 when=-16ms }
03-10 12:30:09.004 D/StateMachine(  643): processMsg: ConnectModeState
03-10 12:30:09.004 D/WifiStateMachine(  643): ConnectModeState{ what=147461 when=-26ms }
03-10 12:30:09.014 E/WifiHW  (  643): wifi_send_command("AP_SCAN 1")
03-10 12:30:09.014 D/StateMachine(  643): processMsg: DriverStartedState
03-10 12:30:09.014 D/WifiStateMachine(  643): DriverStartedState{ what=147461 when=-36ms }
03-10 12:30:09.024 D/StateMachine(  643): processMsg: SupplicantStartedState
03-10 12:30:09.024 D/WifiStateMachine(  643): SupplicantStartedState{ what=147461 when=-44ms }
03-10 12:30:09.024 E/WifiHW  (  643): wifi_send_command("SCAN_RESULTS")
03-10 12:30:09.044 D/StateMachine(  643): handleMessage: X
03-10 12:30:09.044 D/StateMachine(  643): handleMessage: E msg.what=131131
03-10 12:30:09.044 D/StateMachine(  643): processMsg: ConnectedState
03-10 12:30:09.044 D/WifiStateMachine(  643): ConnectedState{ what=131131 when=-7ms }
03-10 12:30:09.054 D/StateMachine(  643): processMsg: L2ConnectedState
03-10 12:30:09.054 D/WifiStateMachine(  643): L2ConnectedState{ what=131131 when=-15ms }
03-10 12:30:09.054 D/StateMachine(  643): processMsg: ConnectModeState
03-10 12:30:09.054 D/WifiStateMachine(  643): ConnectModeState{ what=131131 when=-18ms }
03-10 12:30:09.054 D/StateMachine(  643): processMsg: DriverStartedState
03-10 12:30:09.064 D/WifiStateMachine(  643): DriverStartedState{ what=131131 when=-19ms }
03-10 12:30:09.064 D/StateMachine(  643): processMsg: SupplicantStartedState
03-10 12:30:09.064 D/WifiStateMachine(  643): SupplicantStartedState{ what=131131 when=-23ms }
03-10 12:30:09.064 D/StateMachine(  643): handleMessage: X
03-10 12:30:09.084 W/ResourceType( 1876): Failure getting entry for 0x7f070084 (t=6 e=132) in package 0 (error -75)
03-10 12:30:09.084 W/Resources( 1876): Converting to string: TypedValue{t=0x1/d=0x7f070084 a=-1 r=0x7f070084}
03-10 12:30:09.995 D/PowerManagerService(  643): acquireWakeLock flags=0x1 tag=AlarmManager
03-10 12:30:10.025 D/PowerManagerService(  643): releaseWakeLock flags=0x1 tag=AlarmManager
03-10 12:30:10.866 D/StateMachine(  643): handleMessage: E msg.what=131155
03-10 12:30:10.866 D/StateMachine(  643): processMsg: ConnectedState
03-10 12:30:10.866 D/WifiStateMachine(  643): ConnectedState{ what=131155 when=-6ms arg1=285 }
03-10 12:30:10.876 D/StateMachine(  643): processMsg: L2ConnectedState
03-10 12:30:10.886 D/WifiStateMachine(  643): L2ConnectedState{ what=131155 when=-19ms arg1=285 }
03-10 12:30:10.886 E/WifiHW  (  643): wifi_send_command("SIGNAL_POLL")
03-10 12:30:10.896 D/StateMachine(  643): handleMessage: X
03-10 12:30:11.346 I/WifiManager( 1876): Process .cm.wifiscanner requested a scan
03-10 12:30:11.346 D/StateMachine(  643): handleMessage: E msg.what=131143
