03-10 12:30:47.555 I/ActivityManager(  643): Start proc com.youdao.dict:yddictpush for broadcast com.youdao.dict/.backend.AwakeReceiver: pid=2756 uid=10195 gids={3003, 1015, 1006, 1028}
03-10 12:30:47.565 E/jdwp    ( 2756): Failed sending reply to debugger: Broken pipe
03-10 12:30:47.575 D/ActivityThread( 2756): setTargetHeapUtilization:0.25
03-10 12:30:47.575 D/ActivityThread( 2756): setTargetHeapIdealFree:8388608
03-10 12:30:47.575 D/ActivityThread( 2756): setTargetHeapConcurrentStart:2097152
03-10 12:30:47.585 D/StateMachine(  643): handleMessage: X
03-10 12:30:48.486 D/StatusBar.NetworkController(  981): refreshViews: Data not connected!! Set no data type icon
03-10 12:30:49.767 D/RunTimeStatHelper( 2756): create application use : 2115
03-10 12:30:49.827 I/SyncReceiver(24285): ====> SyncReceiver.onReceive Action=android.net.conn.CONNECTIVITY_CHANGE
03-10 12:30:49.847 I/ActivityManager(  643): Process com.youdao.dict:yddictpush (pid 2756) has died.
03-10 12:30:50.588 D/StateMachine(  643): handleMessage: E msg.what=131155
03-10 12:30:50.588 D/StateMachine(  643): processMsg: ConnectedState
03-10 12:30:50.588 D/WifiStateMachine(  643): ConnectedState{ what=131155 when=-7ms arg1=285 }
03-10 12:30:50.598 D/StateMachine(  643): processMsg: L2ConnectedState
03-10 12:30:50.598 D/WifiStateMachine(  643): L2ConnectedState{ what=131155 when=-18ms arg1=285 }
03-10 12:30:50.608 E/WifiHW  (  643): wifi_send_command("SIGNAL_POLL")
03-10 12:30:50.688 D/StateMachine(  643): handleMessage: X
03-10 12:30:51.119 D/StateMachine(  643): handleMessage: E msg.what=147461
03-10 12:30:51.119 D/StateMachine(  643): processMsg: ConnectedState
03-10 12:30:51.129 D/WifiStateMachine(  643): ConnectedState{ what=147461 when=-4ms }
03-10 12:30:51.129 D/StateMachine(  643): processMsg: L2ConnectedState
03-10 12:30:51.139 D/WifiStateMachine(  643): L2ConnectedState{ what=147461 when=-17ms }
03-10 12:30:51.139 D/StateMachine(  643): processMsg: ConnectModeState
03-10 12:30:51.139 D/WifiStateMachine(  643): ConnectModeState{ what=147461 when=-21ms }
03-10 12:30:51.139 E/WifiHW  (  643): wifi_send_command("AP_SCAN 1")
03-10 12:30:51.139 D/StateMachine(  643): processMsg: DriverStartedState
03-10 12:30:51.139 D/WifiStateMachine(  643): DriverStartedState{ what=147461 when=-27ms }
03-10 12:30:51.149 D/StateMachine(  643): processMsg: SupplicantStartedState
03-10 12:30:51.149 D/WifiStateMachine(  643): SupplicantStartedState{ what=147461 when=-33ms }
03-10 12:30:51.149 E/WifiHW  (  643): wifi_send_command("SCAN_RESULTS")
03-10 12:30:51.169 D/StateMachine(  643): handleMessage: X
03-10 12:30:51.169 D/StateMachine(  643): handleMessage: E msg.what=131131
03-10 12:30:51.169 D/StateMachine(  643): processMsg: ConnectedState
03-10 12:30:51.179 D/WifiStateMachine(  643): ConnectedState{ what=131131 when=-6ms }
03-10 12:30:51.179 D/StateMachine(  643): processMsg: L2ConnectedState
03-10 12:30:51.179 D/WifiStateMachine(  643): L2ConnectedState{ what=131131 when=-11ms }
03-10 12:30:51.179 D/StateMachine(  643): processMsg: ConnectModeState
03-10 12:30:51.179 D/WifiStateMachine(  643): ConnectModeState{ what=131131 when=-13ms }
03-10 12:30:51.179 D/StateMachine(  643): processMsg: DriverStartedState
03-10 12:30:51.179 D/WifiStateMachine(  643): DriverStartedState{ what=131131 when=-14ms }
03-10 12:30:51.179 D/StateMachine(  643): processMsg: SupplicantStartedState
03-10 12:30:51.189 D/WifiStateMachine(  643): SupplicantStartedState{ what=131131 when=-15ms }
03-10 12:30:51.199 D/StateMachine(  643): handleMessage: X
03-10 12:30:51.219 W/ResourceType( 1876): Failure getting entry for 0x7f070084 (t=6 e=132) in package 0 (error -75)
03-10 12:30:51.219 W/Resources( 1876): Converting to string: TypedValue{t=0x1/d=0x7f070084 a=-1 r=0x7f070084}
03-10 12:30:51.489 D/StatusBar.NetworkController(  981): refreshViews: Data not connected!! Set no data type icon
03-10 12:30:52.150 D/PowerManagerService(  643): acquireWakeLock flags=0x1 tag=AlarmManager
03-10 12:30:52.170 D/PowerManagerService(  643): releaseWakeLock flags=0x1 tag=AlarmManager
03-10 12:30:52.810 D/PowerManagerService(  643): acquireWakeLock flags=0x1 tag=AlarmManager
03-10 12:30:52.840 D/PowerManagerService(  643): releaseWakeLock flags=0x1 tag=AlarmManager
03-10 12:30:53.481 I/WifiManager( 1876): Process .cm.wifiscanner requested a scan
03-10 12:30:53.481 D/StateMachine(  643): handleMessage: E msg.what=131143
03-10 12:30:53.481 D/StateMachine(  643): processMsg: ConnectedState
03-10 12:30:53.491 D/WifiStateMachine(  643): ConnectedState{ what=131143 when=-15ms arg1=2 }
03-10 12:30:53.501 D/StateMachine(  643): processMsg: L2ConnectedState
03-10 12:30:53.501 D/WifiStateMachine(  643): L2ConnectedState{ what=131143 when=-20ms arg1=2 }
03-10 12:30:53.501 E/WifiHW  (  643): wifi_send_command("AP_SCAN 2")
03-10 12:30:53.511 D/StateMachine(  643): processMsg: ConnectModeState
03-10 12:30:53.511 D/WifiStateMachine(  643): ConnectModeState{ what=131143 when=-30ms arg1=2 }
03-10 12:30:53.511 D/StateMachine(  643): processMsg: DriverStartedState
03-10 12:30:53.511 D/WifiStateMachine(  643): DriverStartedState{ what=131143 when=-32ms arg1=2 }
03-10 12:30:53.511 E/WifiHW  (  643): wifi_send_command("SCAN")
03-10 12:30:53.511 D/StateMachine(  643): handleMessage: X
03-10 12:30:53.681 D/StateMachine(  643): handleMessage: E msg.what=131155
03-10 12:30:53.691 D/StateMachine(  643): processMsg: ConnectedState
03-10 12:30:53.701 D/WifiStateMachine(  643): ConnectedState{ what=131155 when=-5ms arg1=285 }
03-10 12:30:53.701 D/StateMachine(  643): processMsg: L2ConnectedState
03-10 12:30:53.701 D/WifiStateMachine(  643): L2ConnectedState{ what=131155 when=-19ms arg1=285 }
03-10 12:30:53.711 E/WifiHW  (  643): wifi_send_command("SIGNAL_POLL")
03-10 12:30:53.731 D/StateMachine(  643): handleMessage: X
03-10 12:30:54.502 D/StatusBar.NetworkController(  981): refreshViews: Data not connected!! Set no data type icon
03-10 12:30:54.662 I/System.out( 1876): [WifiScanner]: Utils: Have connected
03-10 12:30:54.662 I/System.out( 1876): [WifiScanner]: WifiScannerActivity: WifiFirstCheckStatus: 9
03-10 12:30:54.672 I/System.out( 1876): [WifiScanner]: Utils: Check591 Server
03-10 12:30:54.672 I/System.out( 1876): [WifiScanner]: Utils: URL: http://10.1.0.1:3660
03-10 12:30:54.692 W/ResourceType( 1876): Failure getting entry for 0x7f070084 (t=6 e=132) in package 0 (error -75)
03-10 12:30:54.702 W/Resources( 1876): Converting to string: TypedValue{t=0x1/d=0x7f070084 a=-1 r=0x7f070084}
03-10 12:30:55.503 D/StatusBar.NetworkController(  981): refreshViews: Data not connected!! Set no data type icon
03-10 12:30:56.504 D/StatusBar.NetworkController(  981): refreshViews: Data not connected!! Set no data type icon
03-10 12:30:56.735 D/StateMachine(  643): handleMessage: E msg.what=131155
03-10 12:30:56.735 D/StateMachine(  643): processMsg: ConnectedState
03-10 12:30:56.735 D/WifiStateMachine(  643): ConnectedState{ what=131155 when=-4ms arg1=285 }
03-10 12:30:56.735 D/StateMachine(  643): processMsg: L2ConnectedState
03-10 12:30:56.735 D/WifiStateMachine(  643): L2ConnectedState{ what=131155 when=-5ms arg1=285 }
03-10 12:30:56.735 E/WifiHW  (  643): wifi_send_command("SIGNAL_POLL")
03-10 12:30:56.805 D/StateMachine(  643): handleMessage: X
03-10 12:30:57.165 D/StateMachine(  643): handleMessage: E msg.what=147461
03-10 12:30:57.165 D/StateMachine(  643): processMsg: ConnectedState
03-10 12:30:57.175 D/WifiStateMachine(  643): ConnectedState{ what=147461 when=-3ms }
03-10 12:30:57.175 D/StateMachine(  643): processMsg: L2ConnectedState
03-10 12:30:57.175 D/WifiStateMachine(  643): L2ConnectedState{ what=147461 when=-7ms }
03-10 12:30:57.175 D/StateMachine(  643): processMsg: ConnectModeState
03-10 12:30:57.175 D/WifiStateMachine(  643): ConnectModeState{ what=147461 when=-10ms }
03-10 12:30:57.185 E/WifiHW  (  643): wifi_send_command("AP_SCAN 1")
03-10 12:30:57.185 D/StateMachine(  643): processMsg: DriverStartedState
03-10 12:30:57.185 D/WifiStateMachine(  643): DriverStartedState{ what=147461 when=-13ms }
03-10 12:30:57.185 D/StateMachine(  643): processMsg: SupplicantStartedState
03-10 12:30:57.185 D/WifiStateMachine(  643): SupplicantStartedState{ what=147461 when=-14ms }
03-10 12:30:57.185 E/WifiHW  (  643): wifi_send_command("SCAN_RESULTS")
03-10 12:30:57.185 D/StateMachine(  643): handleMessage: X
03-10 12:30:57.205 D/StateMachine(  643): handleMessage: E msg.what=131131
03-10 12:30:57.205 D/StateMachine(  643): processMsg: ConnectedState
03-10 12:30:57.205 D/WifiStateMachine(  643): ConnectedState{ what=131131 when=-1ms }
03-10 12:30:57.205 D/StateMachine(  643): processMsg: L2ConnectedState
03-10 12:30:57.205 D/WifiStateMachine(  643): L2ConnectedState{ what=131131 when=-2ms }
03-10 12:30:57.205 D/StateMachine(  643): processMsg: ConnectModeState
03-10 12:30:57.205 D/WifiStateMachine(  643): ConnectModeState{ what=131131 when=-6ms }
03-10 12:30:57.205 D/StateMachine(  643): processMsg: DriverStartedState
03-10 12:30:57.215 D/WifiStateMachine(  643): DriverStartedState{ what=131131 when=-9ms }
03-10 12:30:57.215 D/StateMachine(  643): processMsg: SupplicantStartedState
03-10 12:30:57.215 D/WifiStateMachine(  643): SupplicantStartedState{ what=131131 when=-12ms }
03-10 12:30:57.215 D/StateMachine(  643): handleMessage: X
03-10 12:30:57.245 W/ResourceType( 1876): Failure getting entry for 0x7f070084 (t=6 e=132) in package 0 (error -75)
03-10 12:30:57.245 W/Resources( 1876): Converting to string: TypedValue{t=0x1/d=0x7f070084 a=-1 r=0x7f070084}
03-10 12:30:57.515 D/StatusBar.NetworkController(  981): refreshViews: Data not connected!! Set no data type icon
03-10 12:30:58.046 D/PowerManagerService(  643): acquireWakeLock flags=0x1 tag=AlarmManager
03-10 12:30:58.046 D/PowerManagerService(  643): releaseWakeLock flags=0x1 tag=AlarmManager
03-10 12:30:58.516 D/StatusBar.NetworkController(  981): refreshViews: Data not connected!! Set no data type icon
03-10 12:30:58.777 D/SizeAdaptiveLayout(  981): com.android.internal.widget.SizeAdaptiveLayout@440d3ea0child view android.widget.RelativeLayout@440ea6e0 measured out of bounds at 189px clamped to 192px
03-10 12:30:59.518 I/WifiManager( 1876): Process .cm.wifiscanner requested a scan
03-10 12:30:59.528 D/StateMachine(  643): handleMessage: E msg.what=131143
03-10 12:30:59.538 D/StateMachine(  643): processMsg: ConnectedState
03-10 12:30:59.538 D/WifiStateMachine(  643): ConnectedState{ what=131143 when=-13ms arg1=2 }
03-10 12:30:59.538 D/StateMachine(  643): processMsg: L2ConnectedState
03-10 12:30:59.538 D/WifiStateMachine(  643): L2ConnectedState{ what=131143 when=-17ms arg1=2 }
03-10 12:30:59.548 E/WifiHW  (  643): wifi_send_command("AP_SCAN 2")
03-10 12:30:59.548 D/StateMachine(  643): processMsg: ConnectModeState
03-10 12:30:59.548 D/WifiStateMachine(  643): ConnectModeState{ what=131143 when=-24ms arg1=2 }
03-10 12:30:59.548 D/StateMachine(  643): processMsg: DriverStartedState
03-10 12:30:59.548 D/WifiStateMachine(  643): DriverStartedState{ what=131143 when=-26ms arg1=2 }
03-10 12:30:59.548 E/WifiHW  (  643): wifi_send_command("SCAN")
03-10 12:30:59.548 D/StateMachine(  643): handleMessage: X
03-10 12:30:59.808 D/StateMachine(  643): handleMessage: E msg.what=131155
03-10 12:30:59.808 D/StateMachine(  643): processMsg: ConnectedState
03-10 12:30:59.818 D/WifiStateMachine(  643): ConnectedState{ what=131155 when=-13ms arg1=285 }
03-10 12:30:59.818 D/StateMachine(  643): processMsg: L2ConnectedState
03-10 12:30:59.818 D/WifiStateMachine(  643): L2ConnectedState{ what=131155 when=-16ms arg1=285 }
03-10 12:30:59.818 E/WifiHW  (  643): wifi_send_command("SIGNAL_POLL")
03-10 12:30:59.828 D/StateMachine(  643): handleMessage: X
03-10 12:30:59.998 D/PowerManagerService(  643): acquireWakeLock flags=0x1 tag=AlarmManager
03-10 12:31:00.118 D/PowerManagerService(  643): releaseWakeLock flags=0x1 tag=AlarmManager
03-10 12:31:00.288 D/PowerManagerService(  643): acquireWakeLock flags=0x1 tag=AlarmManager
03-10 12:31:00.288 D/PowerManagerService(  643): releaseWakeLock flags=0x1 tag=AlarmManager
03-10 12:31:00.639 V/SuperStamina-XssmReminder(  643): onBatteryChanged: plugged=true
03-10 12:31:00.639 D/SomcTransmitPowerBroadcastReceiver( 1137): Battery changed with Voltage: 3923 mV
03-10 12:31:00.639 D/SomcTransmitPowerBroadcastReceiver( 1137): Old PowerLevel: 3, current PowerLevel: 3
03-10 12:31:00.639 V/SuperStamina-PowerSaveReminder(  643): onBatteryChanged: level=72 plugged=true
03-10 12:31:00.649 V/SuperStamina-PowerSaveReminder(  643): ... state: enabled=false mPlugged=true mUnpluggedTime=0 mUnpluggedLevel=0
03-10 12:31:00.849 D/PowerManagerService(  643): releaseWakeLock flags=0x1 tag=MicroMsg.MMWakerLock
03-10 12:31:02.010 D/dalvikvm( 1294): GC_CONCURRENT freed 6902K, 26% free 44895K/60039K, paused 12ms+9ms, total 81ms
03-10 12:31:02.811 D/PowerManagerService(  643): acquireWakeLock flags=0x1 tag=AlarmManager
03-10 12:31:02.831 D/StateMachine(  643): handleMessage: E msg.what=131155
03-10 12:31:02.831 D/StateMachine(  643): processMsg: ConnectedState
03-10 12:31:02.841 D/WifiStateMachine(  643): ConnectedState{ what=131155 when=-14ms arg1=285 }
03-10 12:31:02.841 D/StateMachine(  643): processMsg: L2ConnectedState
03-10 12:31:02.841 D/WifiStateMachine(  643): L2ConnectedState{ what=131155 when=-16ms arg1=285 }
03-10 12:31:02.841 E/WifiHW  (  643): wifi_send_command("SIGNAL_POLL")
03-10 12:31:02.851 D/StateMachine(  643): handleMessage: X
03-10 12:31:02.861 D/PowerManagerService(  643): releaseWakeLock flags=0x1 tag=AlarmManager
03-10 12:31:03.232 D/StateMachine(  643): handleMessage: E msg.what=147461
03-10 12:31:03.232 D/StateMachine(  643): processMsg: ConnectedState
03-10 12:31:03.242 D/WifiStateMachine(  643): ConnectedState{ what=147461 when=-5ms }
03-10 12:31:03.242 D/StateMachine(  643): processMsg: L2ConnectedState
03-10 12:31:03.242 D/WifiStateMachine(  643): L2ConnectedState{ what=147461 when=-14ms }
03-10 12:31:03.242 D/StateMachine(  643): processMsg: ConnectModeState
03-10 12:31:03.242 D/WifiStateMachine(  643): ConnectModeState{ what=147461 when=-17ms }
03-10 12:31:03.252 E/WifiHW  (  643): wifi_send_command("AP_SCAN 1")
03-10 12:31:03.252 D/StateMachine(  643): processMsg: DriverStartedState
03-10 12:31:03.252 D/WifiStateMachine(  643): DriverStartedState{ what=147461 when=-24ms }
03-10 12:31:03.252 D/StateMachine(  643): processMsg: SupplicantStartedState
03-10 12:31:03.252 D/WifiStateMachine(  643): SupplicantStartedState{ what=147461 when=-28ms }
03-10 12:31:03.262 E/WifiHW  (  643): wifi_send_command("SCAN_RESULTS")
03-10 12:31:03.272 D/StateMachine(  643): handleMessage: X
03-10 12:31:03.282 D/StateMachine(  643): handleMessage: E msg.what=131131
03-10 12:31:03.282 D/StateMachine(  643): processMsg: ConnectedState
03-10 12:31:03.292 D/WifiStateMachine(  643): ConnectedState{ what=131131 when=-4ms }
03-10 12:31:03.292 D/StateMachine(  643): processMsg: L2ConnectedState
03-10 12:31:03.292 D/WifiStateMachine(  643): L2ConnectedState{ what=131131 when=-9ms }
03-10 12:31:03.292 D/StateMachine(  643): processMsg: ConnectModeState
03-10 12:31:03.292 D/WifiStateMachine(  643): ConnectModeState{ what=131131 when=-11ms }
03-10 12:31:03.292 D/StateMachine(  643): processMsg: DriverStartedState
03-10 12:31:03.302 D/WifiStateMachine(  643): DriverStartedState{ what=131131 when=-12ms }
03-10 12:31:03.302 D/StateMachine(  643): processMsg: SupplicantStartedState
03-10 12:31:03.302 D/WifiStateMachine(  643): SupplicantStartedState{ what=131131 when=-13ms }
03-10 12:31:03.312 D/StateMachine(  643): handleMessage: X
03-10 12:31:03.332 W/ResourceType( 1876): Failure getting entry for 0x7f070084 (t=6 e=132) in package 0 (error -75)
03-10 12:31:03.332 W/Resources( 1876): Converting to string: TypedValue{t=0x1/d=0x7f070084 a=-1 r=0x7f070084}
03-10 12:31:04.773 W/System.err( 1876): java.net.SocketTimeoutException
03-10 12:31:04.773 W/System.err( 1876): 	at java.net.PlainSocketImpl.read(PlainSocketImpl.java:492)
03-10 12:31:04.783 W/System.err( 1876): 	at java.net.PlainSocketImpl.access$000(PlainSocketImpl.java:46)
03-10 12:31:04.783 W/System.err( 1876): 	at java.net.PlainSocketImpl$PlainSocketInputStream.read(PlainSocketImpl.java:241)
03-10 12:31:04.793 W/System.err( 1876): 	at java.io.InputStream.read(InputStream.java:163)
03-10 12:31:04.803 W/System.err( 1876): 	at java.io.BufferedInputStream.fillbuf(BufferedInputStream.java:142)
03-10 12:31:04.803 W/System.err( 1876): 	at java.io.BufferedInputStream.read(BufferedInputStream.java:227)
03-10 12:31:04.803 W/System.err( 1876): 	at libcore.io.Streams.readAsciiLine(Streams.java:201)
03-10 12:31:04.813 W/System.err( 1876): 	at libcore.net.http.HttpEngine.readResponseHeaders(HttpEngine.java:560)
03-10 12:31:04.813 W/System.err( 1876): 	at libcore.net.http.HttpEngine.readResponse(HttpEngine.java:813)
03-10 12:31:04.813 W/System.err( 1876): 	at libcore.net.http.HttpURLConnectionImpl.getResponse(HttpURLConnectionImpl.java:274)
03-10 12:31:04.813 W/System.err( 1876): 	at libcore.net.http.HttpURLConnectionImpl.getResponseCode(HttpURLConnectionImpl.java:486)
03-10 12:31:04.813 W/System.err( 1876): 	at com.cm.wifiscanner.util.Utils.check591Server(Utils.java:114)
03-10 12:31:04.823 W/System.err( 1876): 	at com.cm.wifiscanner.wifi.WifiListActivity$WifiSecondCheckStatus.doInBackground(WifiListActivity.java:954)
03-10 12:31:04.823 W/System.err( 1876): 	at com.cm.wifiscanner.wifi.WifiListActivity$WifiSecondCheckStatus.doInBackground(WifiListActivity.java:1)
03-10 12:31:04.823 W/System.err( 1876): 	at android.os.AsyncTask$2.call(AsyncTask.java:287)
03-10 12:31:04.823 W/System.err( 1876): 	at java.util.concurrent.FutureTask$Sync.innerRun(FutureTask.java:305)
03-10 12:31:04.833 W/System.err( 1876): 	at java.util.concurrent.FutureTask.run(FutureTask.java:137)
03-10 12:31:04.833 W/System.err( 1876): 	at android.os.AsyncTask$SerialExecutor$1.run(AsyncTask.java:230)
03-10 12:31:04.833 W/System.err( 1876): 	at java.util.concurrent.ThreadPoolExecutor.runWorker(ThreadPoolExecutor.java:1076)
03-10 12:31:04.833 W/System.err( 1876): 	at java.util.concurrent.ThreadPoolExecutor$Worker.run(ThreadPoolExecutor.java:569)
03-10 12:31:04.833 W/System.err( 1876): 	at java.lang.Thread.run(Thread.java:856)
03-10 12:31:04.843 I/System.out( 1876): [WifiScanner]: WifiScannerActivity: WifiSecondCheckStatus: false
03-10 12:31:04.863 W/ResourceType( 1876): Failure getting entry for 0x7f070084 (t=6 e=132) in package 0 (error -75)
03-10 12:31:04.863 W/Resources( 1876): Converting to string: TypedValue{t=0x1/d=0x7f070084 a=-1 r=0x7f070084}
03-10 12:31:05.524 D/StatusBar.NetworkController(  981): refreshViews: Data not connected!! Set no data type icon
03-10 12:31:05.544 I/WifiManager( 1876): Process .cm.wifiscanner requested a scan
03-10 12:31:05.554 D/StateMachine(  643): handleMessage: E msg.what=131143
03-10 12:31:05.564 D/StateMachine(  643): processMsg: ConnectedState
03-10 12:31:05.564 D/WifiStateMachine(  643): ConnectedState{ what=131143 when=-15ms arg1=2 }
03-10 12:31:05.564 D/StateMachine(  643): processMsg: L2ConnectedState
03-10 12:31:05.574 D/WifiStateMachine(  643): L2ConnectedState{ what=131143 when=-22ms arg1=2 }
03-10 12:31:05.574 E/WifiHW  (  643): wifi_send_command("AP_SCAN 2")
03-10 12:31:05.574 D/StateMachine(  643): processMsg: ConnectModeState
03-10 12:31:05.574 D/WifiStateMachine(  643): ConnectModeState{ what=131143 when=-24ms arg1=2 }
03-10 12:31:05.574 D/StateMachine(  643): processMsg: DriverStartedState
03-10 12:31:05.574 D/WifiStateMachine(  643): DriverStartedState{ what=131143 when=-26ms arg1=2 }
03-10 12:31:05.574 E/WifiHW  (  643): wifi_send_command("SCAN")
03-10 12:31:05.574 D/StateMachine(  643): handleMessage: X
03-10 12:31:05.854 D/StateMachine(  643): handleMessage: E msg.what=131155
03-10 12:31:05.854 D/StateMachine(  643): processMsg: ConnectedState
03-10 12:31:05.874 D/WifiStateMachine(  643): ConnectedState{ what=131155 when=-13ms arg1=285 }
03-10 12:31:05.874 D/StateMachine(  643): processMsg: L2ConnectedState
03-10 12:31:05.874 D/WifiStateMachine(  643): L2ConnectedState{ what=131155 when=-16ms arg1=285 }
03-10 12:31:05.874 E/WifiHW  (  643): wifi_send_command("SIGNAL_POLL")
03-10 12:31:05.884 D/StateMachine(  643): handleMessage: X
03-10 12:31:06.004 W/QCNEJ   (  643): |CORE| mDefaultApnLinkProp is null
03-10 12:31:06.014 E/Parcel  (  377): Reading a NULL string not supported here.
03-10 12:31:06.014 E/Parcel  (  377): Reading a NULL string not supported here.
03-10 12:31:06.024 D/StatusBar.NetworkController(  981): refreshViews: Data not connected!! Set no data type icon
03-10 12:31:06.185 D/StateMachine(  643): handleMessage: E msg.what=147461
03-10 12:31:06.185 D/StateMachine(  643): processMsg: ConnectedState
03-10 12:31:06.195 D/WifiStateMachine(  643): ConnectedState{ what=147461 when=-4ms }
03-10 12:31:06.195 D/StateMachine(  643): processMsg: L2ConnectedState
03-10 12:31:06.205 D/WifiStateMachine(  643): L2ConnectedState{ what=147461 when=-20ms }
03-10 12:31:06.205 D/StateMachine(  643): processMsg: ConnectModeState
03-10 12:31:06.205 D/WifiStateMachine(  643): ConnectModeState{ what=147461 when=-26ms }
03-10 12:31:06.205 E/WifiHW  (  643): wifi_send_command("AP_SCAN 1")
03-10 12:31:06.215 D/StateMachine(  643): processMsg: DriverStartedState
03-10 12:31:06.225 D/WifiStateMachine(  643): DriverStartedState{ what=147461 when=-43ms }
03-10 12:31:06.225 D/StateMachine(  643): processMsg: SupplicantStartedState
03-10 12:31:06.225 D/WifiStateMachine(  643): SupplicantStartedState{ what=147461 when=-44ms }
03-10 12:31:06.225 E/WifiHW  (  643): wifi_send_command("SCAN_RESULTS")
03-10 12:31:06.235 D/StateMachine(  643): handleMessage: X
03-10 12:31:06.235 D/StateMachine(  643): handleMessage: E msg.what=131131
03-10 12:31:06.245 D/StateMachine(  643): processMsg: ConnectedState
03-10 12:31:06.245 D/WifiStateMachine(  643): ConnectedState{ what=131131 when=-5ms }
03-10 12:31:06.245 D/StateMachine(  643): processMsg: L2ConnectedState
03-10 12:31:06.245 D/WifiStateMachine(  643): L2ConnectedState{ what=131131 when=-7ms }
03-10 12:31:06.245 D/StateMachine(  643): processMsg: ConnectModeState
03-10 12:31:06.245 D/WifiStateMachine(  643): ConnectModeState{ what=131131 when=-10ms }
03-10 12:31:06.245 D/StateMachine(  643): processMsg: DriverStartedState
03-10 12:31:06.255 D/WifiStateMachine(  643): DriverStartedState{ what=131131 when=-16ms }
03-10 12:31:06.255 D/StateMachine(  643): processMsg: SupplicantStartedState
03-10 12:31:06.255 D/WifiStateMachine(  643): SupplicantStartedState{ what=131131 when=-18ms }
03-10 12:31:06.255 D/StateMachine(  643): handleMessage: X
03-10 12:31:06.285 W/ResourceType( 1876): Failure getting entry for 0x7f070084 (t=6 e=132) in package 0 (error -75)
03-10 12:31:06.285 W/Resources( 1876): Converting to string: TypedValue{t=0x1/d=0x7f070084 a=-1 r=0x7f070084}
03-10 12:31:06.325 D/PowerManagerService(  643): acquireWakeLock flags=0x1 tag=AlarmManager
03-10 12:31:06.325 D/PowerManagerService(  643): releaseWakeLock flags=0x1 tag=AlarmManager
03-10 12:31:06.535 D/StatusBar.NetworkController(  981): refreshViews: Data not connected!! Set no data type icon
03-10 12:31:08.888 D/StateMachine(  643): handleMessage: E msg.what=131155
03-10 12:31:08.888 D/StateMachine(  643): processMsg: ConnectedState
03-10 12:31:08.888 D/WifiStateMachine(  643): ConnectedState{ what=131155 when=-7ms arg1=285 }
03-10 12:31:08.898 D/StateMachine(  643): processMsg: L2ConnectedState
03-10 12:31:08.898 D/WifiStateMachine(  643): L2ConnectedState{ what=131155 when=-17ms arg1=285 }
03-10 12:31:08.898 E/WifiHW  (  643): wifi_send_command("SIGNAL_POLL")
03-10 12:31:08.908 D/StateMachine(  643): handleMessage: X
03-10 12:31:10.019 D/PowerManagerService(  643): acquireWakeLock flags=0x1 tag=AlarmManager
03-10 12:31:10.059 D/PowerManagerService(  643): releaseWakeLock flags=0x1 tag=AlarmManager
03-10 12:31:10.549 D/StatusBar.NetworkController(  981): refreshViews: Data not connected!! Set no data type icon
03-10 12:31:11.540 D/StatusBar.NetworkController(  981): refreshViews: Data not connected!! Set no data type icon
03-10 12:31:11.580 I/WifiManager( 1876): Process .cm.wifiscanner requested a scan
03-10 12:31:11.580 D/StateMachine(  643): handleMessage: E msg.what=131143
03-10 12:31:11.580 D/StateMachine(  643): processMsg: ConnectedState
03-10 12:31:11.580 D/WifiStateMachine(  643): ConnectedState{ what=131143 when=-7ms arg1=2 }
03-10 12:31:11.590 D/StateMachine(  643): processMsg: L2ConnectedState
03-10 12:31:11.590 D/WifiStateMachine(  643): L2ConnectedState{ what=131143 when=-11ms arg1=2 }
03-10 12:31:11.590 E/WifiHW  (  643): wifi_send_command("AP_SCAN 2")
03-10 12:31:11.590 D/StateMachine(  643): processMsg: ConnectModeState
03-10 12:31:11.590 D/WifiStateMachine(  643): ConnectModeState{ what=131143 when=-14ms arg1=2 }
03-10 12:31:11.590 D/StateMachine(  643): processMsg: DriverStartedState
03-10 12:31:11.600 D/WifiStateMachine(  643): DriverStartedState{ what=131143 when=-21ms arg1=2 }
03-10 12:31:11.600 E/WifiHW  (  643): wifi_send_command("SCAN")
03-10 12:31:11.600 D/StateMachine(  643): handleMessage: X
03-10 12:31:11.901 D/StateMachine(  643): handleMessage: E msg.what=131155
03-10 12:31:11.901 D/StateMachine(  643): processMsg: ConnectedState
03-10 12:31:11.911 D/WifiStateMachine(  643): ConnectedState{ what=131155 when=-12ms arg1=285 }
03-10 12:31:11.911 D/StateMachine(  643): processMsg: L2ConnectedState
03-10 12:31:11.921 D/WifiStateMachine(  643): L2ConnectedState{ what=131155 when=-15ms arg1=285 }
03-10 12:31:11.921 E/WifiHW  (  643): wifi_send_command("SIGNAL_POLL")
03-10 12:31:11.951 D/StateMachine(  643): handleMessage: X
03-10 12:31:12.812 D/PowerManagerService(  643): acquireWakeLock flags=0x1 tag=AlarmManager
03-10 12:31:12.842 D/PowerManagerService(  643): releaseWakeLock flags=0x1 tag=AlarmManager
03-10 12:31:13.062 W/QCNEJ   (  643): |CORE| mDefaultApnLinkProp is null
03-10 12:31:13.062 D/StatusBar.NetworkController(  981): refreshViews: Data not connected!! Set no data type icon
03-10 12:31:13.072 E/Parcel  (  377): Reading a NULL string not supported here.
03-10 12:31:13.072 E/Parcel  (  377): Reading a NULL string not supported here.
03-10 12:31:14.944 D/StateMachine(  643): handleMessage: E msg.what=131155
03-10 12:31:14.944 D/StateMachine(  643): processMsg: ConnectedState
03-10 12:31:14.954 D/WifiStateMachine(  643): ConnectedState{ what=131155 when=-7ms arg1=285 }
03-10 12:31:14.964 D/StateMachine(  643): processMsg: L2ConnectedState
03-10 12:31:14.964 D/WifiStateMachine(  643): L2ConnectedState{ what=131155 when=-17ms arg1=285 }
03-10 12:31:14.964 E/WifiHW  (  643): wifi_send_command("SIGNAL_POLL")
03-10 12:31:15.054 D/StateMachine(  643): handleMessage: X
03-10 12:31:15.334 D/StateMachine(  643): handleMessage: E msg.what=147461
03-10 12:31:15.334 D/StateMachine(  643): processMsg: ConnectedState
03-10 12:31:15.344 D/WifiStateMachine(  643): ConnectedState{ what=147461 when=-12ms }
03-10 12:31:15.344 D/StateMachine(  643): processMsg: L2ConnectedState
03-10 12:31:15.344 D/WifiStateMachine(  643): L2ConnectedState{ what=147461 when=-14ms }
03-10 12:31:15.354 D/StateMachine(  643): processMsg: ConnectModeState
03-10 12:31:15.354 D/WifiStateMachine(  643): ConnectModeState{ what=147461 when=-20ms }
03-10 12:31:15.354 E/WifiHW  (  643): wifi_send_command("AP_SCAN 1")
03-10 12:31:15.354 D/StateMachine(  643): processMsg: DriverStartedState
03-10 12:31:15.364 D/WifiStateMachine(  643): DriverStartedState{ what=147461 when=-30ms }
03-10 12:31:15.364 D/StateMachine(  643): processMsg: SupplicantStartedState
03-10 12:31:15.364 D/WifiStateMachine(  643): SupplicantStartedState{ what=147461 when=-34ms }
03-10 12:31:15.364 E/WifiHW  (  643): wifi_send_command("SCAN_RESULTS")
03-10 12:31:15.374 D/StateMachine(  643): handleMessage: X
03-10 12:31:15.384 D/StateMachine(  643): handleMessage: E msg.what=131131
03-10 12:31:15.384 D/StateMachine(  643): processMsg: ConnectedState
03-10 12:31:15.384 D/WifiStateMachine(  643): ConnectedState{ what=131131 when=-7ms }
03-10 12:31:15.384 D/StateMachine(  643): processMsg: L2ConnectedState
03-10 12:31:15.384 D/WifiStateMachine(  643): L2ConnectedState{ what=131131 when=-8ms }
03-10 12:31:15.384 D/StateMachine(  643): processMsg: ConnectModeState
03-10 12:31:15.384 D/WifiStateMachine(  643): ConnectModeState{ what=131131 when=-9ms }
03-10 12:31:15.384 D/StateMachine(  643): processMsg: DriverStartedState
03-10 12:31:15.384 D/WifiStateMachine(  643): DriverStartedState{ what=131131 when=-11ms }
03-10 12:31:15.384 D/StateMachine(  643): processMsg: SupplicantStartedState
03-10 12:31:15.394 D/WifiStateMachine(  643): SupplicantStartedState{ what=131131 when=-16ms }
03-10 12:31:15.394 D/StateMachine(  643): handleMessage: X
03-10 12:31:15.425 W/ResourceType( 1876): Failure getting entry for 0x7f070084 (t=6 e=132) in package 0 (error -75)
03-10 12:31:15.425 W/Resources( 1876): Converting to string: TypedValue{t=0x1/d=0x7f070084 a=-1 r=0x7f070084}
03-10 12:31:15.435 W/QCNEJ   (  643): |CORE| mDefaultApnLinkProp is null
03-10 12:31:15.435 E/Parcel  (  377): Reading a NULL string not supported here.
03-10 12:31:15.435 E/Parcel  (  377): Reading a NULL string not supported here.
03-10 12:31:15.435 D/StatusBar.NetworkController(  981): refreshViews: Data not connected!! Set no data type icon
03-10 12:31:17.607 I/WifiManager( 1876): Process .cm.wifiscanner requested a scan
03-10 12:31:17.607 D/StateMachine(  643): handleMessage: E msg.what=131143
03-10 12:31:17.607 D/StateMachine(  643): processMsg: ConnectedState
03-10 12:31:17.627 D/WifiStateMachine(  643): ConnectedState{ what=131143 when=-16ms arg1=2 }
03-10 12:31:17.627 D/StateMachine(  643): processMsg: L2ConnectedState
03-10 12:31:17.627 D/WifiStateMachine(  643): L2ConnectedState{ what=131143 when=-19ms arg1=2 }
03-10 12:31:17.627 E/WifiHW  (  643): wifi_send_command("AP_SCAN 2")
03-10 12:31:17.627 D/StateMachine(  643): processMsg: ConnectModeState
03-10 12:31:17.637 D/WifiStateMachine(  643): ConnectModeState{ what=131143 when=-26ms arg1=2 }
03-10 12:31:17.637 D/StateMachine(  643): processMsg: DriverStartedState
03-10 12:31:17.637 D/WifiStateMachine(  643): DriverStartedState{ what=131143 when=-30ms arg1=2 }
03-10 12:31:17.647 E/WifiHW  (  643): wifi_send_command("SCAN")
03-10 12:31:17.647 D/StateMachine(  643): handleMessage: X
03-10 12:31:18.057 D/StateMachine(  643): handleMessage: E msg.what=131155
03-10 12:31:18.057 D/StateMachine(  643): processMsg: ConnectedState
03-10 12:31:18.057 D/WifiStateMachine(  643): ConnectedState{ what=131155 when=-4ms arg1=285 }
03-10 12:31:18.067 D/StateMachine(  643): processMsg: L2ConnectedState
03-10 12:31:18.067 D/WifiStateMachine(  643): L2ConnectedState{ what=131155 when=-16ms arg1=285 }
03-10 12:31:18.077 E/WifiHW  (  643): wifi_send_command("SIGNAL_POLL")
03-10 12:31:18.127 D/StateMachine(  643): handleMessage: X
03-10 12:31:18.858 D/SizeAdaptiveLayout(  981): com.android.internal.widget.SizeAdaptiveLayout@440d3ea0child view android.widget.RelativeLayout@440ea6e0 measured out of bounds at 189px clamped to 192px
03-10 12:31:21.121 D/StateMachine(  643): handleMessage: E msg.what=131155
03-10 12:31:21.121 D/StateMachine(  643): processMsg: ConnectedState
03-10 12:31:21.121 D/WifiStateMachine(  643): ConnectedState{ what=131155 when=-7ms arg1=285 }
03-10 12:31:21.131 D/StateMachine(  643): processMsg: L2ConnectedState
03-10 12:31:21.141 D/WifiStateMachine(  643): L2ConnectedState{ what=131155 when=-18ms arg1=285 }
03-10 12:31:21.141 E/WifiHW  (  643): wifi_send_command("SIGNAL_POLL")
03-10 12:31:21.151 D/StateMachine(  643): handleMessage: X
03-10 12:31:21.301 D/StateMachine(  643): handleMessage: E msg.what=147461
03-10 12:31:21.301 D/StateMachine(  643): processMsg: ConnectedState
03-10 12:31:21.311 D/WifiStateMachine(  643): ConnectedState{ what=147461 when=-4ms }
03-10 12:31:21.311 D/StateMachine(  643): processMsg: L2ConnectedState
03-10 12:31:21.311 D/WifiStateMachine(  643): L2ConnectedState{ what=147461 when=-17ms }
03-10 12:31:21.321 D/StateMachine(  643): processMsg: ConnectModeState
03-10 12:31:21.321 D/WifiStateMachine(  643): ConnectModeState{ what=147461 when=-24ms }
03-10 12:31:21.321 E/WifiHW  (  643): wifi_send_command("AP_SCAN 1")
03-10 12:31:21.331 D/StateMachine(  643): processMsg: DriverStartedState
03-10 12:31:21.331 D/WifiStateMachine(  643): DriverStartedState{ what=147461 when=-31ms }
03-10 12:31:21.331 D/StateMachine(  643): processMsg: SupplicantStartedState
03-10 12:31:21.331 D/WifiStateMachine(  643): SupplicantStartedState{ what=147461 when=-35ms }
03-10 12:31:21.331 E/WifiHW  (  643): wifi_send_command("SCAN_RESULTS")
03-10 12:31:21.351 D/StateMachine(  643): handleMessage: X
03-10 12:31:21.351 D/StateMachine(  643): handleMessage: E msg.what=131131
03-10 12:31:21.351 D/StateMachine(  643): processMsg: ConnectedState
03-10 12:31:21.351 D/WifiStateMachine(  643): ConnectedState{ what=131131 when=-6ms }
03-10 12:31:21.351 D/StateMachine(  643): processMsg: L2ConnectedState
03-10 12:31:21.351 D/WifiStateMachine(  643): L2ConnectedState{ what=131131 when=-10ms }
03-10 12:31:21.361 D/StateMachine(  643): processMsg: ConnectModeState
03-10 12:31:21.361 D/WifiStateMachine(  643): ConnectModeState{ what=131131 when=-12ms }
03-10 12:31:21.361 D/StateMachine(  643): processMsg: DriverStartedState
03-10 12:31:21.361 D/WifiStateMachine(  643): DriverStartedState{ what=131131 when=-13ms }
03-10 12:31:21.361 D/StateMachine(  643): processMsg: SupplicantStartedState
03-10 12:31:21.361 D/WifiStateMachine(  643): SupplicantStartedState{ what=131131 when=-14ms }
03-10 12:31:21.361 D/StateMachine(  643): handleMessage: X
03-10 12:31:21.391 W/ResourceType( 1876): Failure getting entry for 0x7f070084 (t=6 e=132) in package 0 (error -75)
03-10 12:31:21.391 W/Resources( 1876): Converting to string: TypedValue{t=0x1/d=0x7f070084 a=-1 r=0x7f070084}
03-10 12:31:22.812 D/PowerManagerService(  643): acquireWakeLock flags=0x1 tag=AlarmManager
03-10 12:31:22.842 D/PowerManagerService(  643): releaseWakeLock flags=0x1 tag=AlarmManager
03-10 12:31:23.643 I/WifiManager( 1876): Process .cm.wifiscanner requested a scan
03-10 12:31:23.643 D/StateMachine(  643): handleMessage: E msg.what=131143
03-10 12:31:23.643 D/StateMachine(  643): processMsg: ConnectedState
03-10 12:31:23.653 D/WifiStateMachine(  643): ConnectedState{ what=131143 when=-13ms arg1=2 }
03-10 12:31:23.653 D/StateMachine(  643): processMsg: L2ConnectedState
03-10 12:31:23.653 D/WifiStateMachine(  643): L2ConnectedState{ what=131143 when=-16ms arg1=2 }
03-10 12:31:23.653 E/WifiHW  (  643): wifi_send_command("AP_SCAN 2")
03-10 12:31:23.653 D/StateMachine(  643): processMsg: ConnectModeState
03-10 12:31:23.663 D/WifiStateMachine(  643): ConnectModeState{ what=131143 when=-23ms arg1=2 }
03-10 12:31:23.663 D/StateMachine(  643): processMsg: DriverStartedState
03-10 12:31:23.663 D/WifiStateMachine(  643): DriverStartedState{ what=131143 when=-27ms arg1=2 }
03-10 12:31:23.663 E/WifiHW  (  643): wifi_send_command("SCAN")
03-10 12:31:23.663 D/StateMachine(  643): handleMessage: X
03-10 12:31:24.154 D/StateMachine(  643): handleMessage: E msg.what=131155
03-10 12:31:24.154 D/StateMachine(  643): processMsg: ConnectedState
03-10 12:31:24.164 D/WifiStateMachine(  643): ConnectedState{ what=131155 when=-4ms arg1=285 }
03-10 12:31:24.164 D/StateMachine(  643): processMsg: L2ConnectedState
03-10 12:31:24.174 D/WifiStateMachine(  643): L2ConnectedState{ what=131155 when=-16ms arg1=285 }
03-10 12:31:24.174 E/WifiHW  (  643): wifi_send_command("SIGNAL_POLL")
03-10 12:31:24.184 D/StateMachine(  643): handleMessage: X
03-10 12:31:27.197 D/StateMachine(  643): handleMessage: E msg.what=131155
03-10 12:31:27.197 D/StateMachine(  643): processMsg: ConnectedState
03-10 12:31:27.207 D/WifiStateMachine(  643): ConnectedState{ what=131155 when=-11ms arg1=285 }
03-10 12:31:27.207 D/StateMachine(  643): processMsg: L2ConnectedState
03-10 12:31:27.207 D/WifiStateMachine(  643): L2ConnectedState{ what=131155 when=-24ms arg1=285 }
03-10 12:31:27.217 E/WifiHW  (  643): wifi_send_command("SIGNAL_POLL")
03-10 12:31:27.257 D/StateMachine(  643): handleMessage: X
03-10 12:31:27.407 D/StateMachine(  643): handleMessage: E msg.what=147461
03-10 12:31:27.407 D/StateMachine(  643): processMsg: ConnectedState
03-10 12:31:27.407 D/WifiStateMachine(  643): ConnectedState{ what=147461 when=-5ms }
03-10 12:31:27.417 D/StateMachine(  643): processMsg: L2ConnectedState
03-10 12:31:27.417 D/WifiStateMachine(  643): L2ConnectedState{ what=147461 when=-15ms }
03-10 12:31:27.427 D/StateMachine(  643): processMsg: ConnectModeState
03-10 12:31:27.427 D/WifiStateMachine(  643): ConnectModeState{ what=147461 when=-19ms }
03-10 12:31:27.427 E/WifiHW  (  643): wifi_send_command("AP_SCAN 1")
03-10 12:31:27.437 D/StateMachine(  643): processMsg: DriverStartedState
03-10 12:31:27.437 D/WifiStateMachine(  643): DriverStartedState{ what=147461 when=-30ms }
03-10 12:31:27.437 D/StateMachine(  643): processMsg: SupplicantStartedState
03-10 12:31:27.437 D/WifiStateMachine(  643): SupplicantStartedState{ what=147461 when=-36ms }
03-10 12:31:27.447 E/WifiHW  (  643): wifi_send_command("SCAN_RESULTS")
03-10 12:31:27.457 D/StateMachine(  643): handleMessage: X
03-10 12:31:27.457 D/StateMachine(  643): handleMessage: E msg.what=131131
03-10 12:31:27.467 D/StateMachine(  643): processMsg: ConnectedState
03-10 12:31:27.467 D/WifiStateMachine(  643): ConnectedState{ what=131131 when=-6ms }
03-10 12:31:27.467 D/StateMachine(  643): processMsg: L2ConnectedState
03-10 12:31:27.467 D/WifiStateMachine(  643): L2ConnectedState{ what=131131 when=-11ms }
03-10 12:31:27.477 D/StateMachine(  643): processMsg: ConnectModeState
03-10 12:31:27.477 D/WifiStateMachine(  643): ConnectModeState{ what=131131 when=-14ms }
03-10 12:31:27.477 D/StateMachine(  643): processMsg: DriverStartedState
03-10 12:31:27.477 D/WifiStateMachine(  643): DriverStartedState{ what=131131 when=-17ms }
03-10 12:31:27.477 D/StateMachine(  643): processMsg: SupplicantStartedState
03-10 12:31:27.477 D/WifiStateMachine(  643): SupplicantStartedState{ what=131131 when=-19ms }
03-10 12:31:27.487 D/StateMachine(  643): handleMessage: X
03-10 12:31:27.517 W/ResourceType( 1876): Failure getting entry for 0x7f070084 (t=6 e=132) in package 0 (error -75)
03-10 12:31:27.517 W/Resources( 1876): Converting to string: TypedValue{t=0x1/d=0x7f070084 a=-1 r=0x7f070084}
03-10 12:31:29.660 I/WifiManager( 1876): Process .cm.wifiscanner requested a scan
03-10 12:31:29.660 D/StateMachine(  643): handleMessage: E msg.what=131143
03-10 12:31:29.670 D/StateMachine(  643): processMsg: ConnectedState
03-10 12:31:29.670 D/WifiStateMachine(  643): ConnectedState{ what=131143 when=-12ms arg1=2 }
03-10 12:31:29.670 D/StateMachine(  643): processMsg: L2ConnectedState
03-10 12:31:29.670 D/WifiStateMachine(  643): L2ConnectedState{ what=131143 when=-15ms arg1=2 }
03-10 12:31:29.670 E/WifiHW  (  643): wifi_send_command("AP_SCAN 2")
03-10 12:31:29.680 D/StateMachine(  643): processMsg: ConnectModeState
03-10 12:31:29.680 D/WifiStateMachine(  643): ConnectModeState{ what=131143 when=-21ms arg1=2 }
03-10 12:31:29.680 D/StateMachine(  643): processMsg: DriverStartedState
03-10 12:31:29.690 D/WifiStateMachine(  643): DriverStartedState{ what=131143 when=-32ms arg1=2 }
03-10 12:31:29.690 E/WifiHW  (  643): wifi_send_command("SCAN")
03-10 12:31:29.690 D/StateMachine(  643): handleMessage: X
03-10 12:31:30.250 D/StateMachine(  643): handleMessage: E msg.what=131155
03-10 12:31:30.250 D/StateMachine(  643): processMsg: ConnectedState
03-10 12:31:30.260 D/WifiStateMachine(  643): ConnectedState{ what=131155 when=-12ms arg1=285 }
03-10 12:31:30.260 D/StateMachine(  643): processMsg: L2ConnectedState
03-10 12:31:30.260 D/WifiStateMachine(  643): L2ConnectedState{ what=131155 when=-14ms arg1=285 }
03-10 12:31:30.260 E/WifiHW  (  643): wifi_send_command("SIGNAL_POLL")
03-10 12:31:30.270 D/StateMachine(  643): handleMessage: X
03-10 12:31:30.651 D/SomcTransmitPowerBroadcastReceiver( 1137): Battery changed with Voltage: 3943 mV
03-10 12:31:30.651 D/SomcTransmitPowerBroadcastReceiver( 1137): Old PowerLevel: 3, current PowerLevel: 3
03-10 12:31:32.823 D/PowerManagerService(  643): acquireWakeLock flags=0x1 tag=AlarmManager
03-10 12:31:32.843 D/PowerManagerService(  643): releaseWakeLock flags=0x1 tag=AlarmManager
03-10 12:31:33.284 D/StateMachine(  643): handleMessage: E msg.what=131155
03-10 12:31:33.284 D/StateMachine(  643): processMsg: ConnectedState
03-10 12:31:33.294 D/WifiStateMachine(  643): ConnectedState{ what=131155 when=-15ms arg1=285 }
03-10 12:31:33.294 D/StateMachine(  643): processMsg: L2ConnectedState
03-10 12:31:33.304 D/WifiStateMachine(  643): L2ConnectedState{ what=131155 when=-20ms arg1=285 }
03-10 12:31:33.304 E/WifiHW  (  643): wifi_send_command("SIGNAL_POLL")
03-10 12:31:33.344 D/StateMachine(  643): handleMessage: X
03-10 12:31:33.394 D/StateMachine(  643): handleMessage: E msg.what=147461
03-10 12:31:33.394 D/StateMachine(  643): processMsg: ConnectedState
03-10 12:31:33.394 D/WifiStateMachine(  643): ConnectedState{ what=147461 when=-4ms }
03-10 12:31:33.394 D/StateMachine(  643): processMsg: L2ConnectedState
03-10 12:31:33.394 D/WifiStateMachine(  643): L2ConnectedState{ what=147461 when=-8ms }
03-10 12:31:33.404 D/StateMachine(  643): processMsg: ConnectModeState
03-10 12:31:33.404 D/WifiStateMachine(  643): ConnectModeState{ what=147461 when=-11ms }
03-10 12:31:33.404 E/WifiHW  (  643): wifi_send_command("AP_SCAN 1")
03-10 12:31:33.404 D/StateMachine(  643): processMsg: DriverStartedState
03-10 12:31:33.404 D/WifiStateMachine(  643): DriverStartedState{ what=147461 when=-15ms }
03-10 12:31:33.404 D/StateMachine(  643): processMsg: SupplicantStartedState
03-10 12:31:33.404 D/WifiStateMachine(  643): SupplicantStartedState{ what=147461 when=-16ms }
03-10 12:31:33.404 E/WifiHW  (  643): wifi_send_command("SCAN_RESULTS")
03-10 12:31:33.414 D/StateMachine(  643): handleMessage: X
03-10 12:31:33.414 D/StateMachine(  643): handleMessage: E msg.what=131131
03-10 12:31:33.424 D/StateMachine(  643): processMsg: ConnectedState
03-10 12:31:33.424 D/WifiStateMachine(  643): ConnectedState{ what=131131 when=-6ms }
03-10 12:31:33.424 D/StateMachine(  643): processMsg: L2ConnectedState
03-10 12:31:33.424 D/WifiStateMachine(  643): L2ConnectedState{ what=131131 when=-11ms }
03-10 12:31:33.434 D/StateMachine(  643): processMsg: ConnectModeState
03-10 12:31:33.434 D/WifiStateMachine(  643): ConnectModeState{ what=131131 when=-13ms }
03-10 12:31:33.434 D/StateMachine(  643): processMsg: DriverStartedState
03-10 12:31:33.434 D/WifiStateMachine(  643): DriverStartedState{ what=131131 when=-14ms }
03-10 12:31:33.434 D/StateMachine(  643): processMsg: SupplicantStartedState
03-10 12:31:33.434 D/WifiStateMachine(  643): SupplicantStartedState{ what=131131 when=-17ms }
03-10 12:31:33.444 D/StateMachine(  643): handleMessage: X
03-10 12:31:33.464 W/ResourceType( 1876): Failure getting entry for 0x7f070084 (t=6 e=132) in package 0 (error -75)
03-10 12:31:33.464 W/Resources( 1876): Converting to string: TypedValue{t=0x1/d=0x7f070084 a=-1 r=0x7f070084}
03-10 12:31:35.686 I/WifiManager( 1876): Process .cm.wifiscanner requested a scan
03-10 12:31:35.686 D/StateMachine(  643): handleMessage: E msg.what=131143
03-10 12:31:35.706 D/StateMachine(  643): processMsg: ConnectedState
03-10 12:31:35.706 D/WifiStateMachine(  643): ConnectedState{ what=131143 when=-13ms arg1=2 }
03-10 12:31:35.706 D/StateMachine(  643): processMsg: L2ConnectedState
03-10 12:31:35.706 D/WifiStateMachine(  643): L2ConnectedState{ what=131143 when=-17ms arg1=2 }
03-10 12:31:35.706 E/WifiHW  (  643): wifi_send_command("AP_SCAN 2")
03-10 12:31:35.706 D/StateMachine(  643): processMsg: ConnectModeState
03-10 12:31:35.716 D/WifiStateMachine(  643): ConnectModeState{ what=131143 when=-25ms arg1=2 }
03-10 12:31:35.716 D/StateMachine(  643): processMsg: DriverStartedState
03-10 12:31:35.716 D/WifiStateMachine(  643): DriverStartedState{ what=131143 when=-27ms arg1=2 }
03-10 12:31:35.716 E/WifiHW  (  643): wifi_send_command("SCAN")
03-10 12:31:35.716 D/StateMachine(  643): handleMessage: X
03-10 12:31:35.756 I/WifiManager(21044): Process ase.ui.activity requested a scan
03-10 12:31:35.756 D/StateMachine(  643): handleMessage: E msg.what=131143
03-10 12:31:35.756 D/StateMachine(  643): processMsg: ConnectedState
03-10 12:31:35.766 D/WifiStateMachine(  643): ConnectedState{ what=131143 when=-6ms arg1=2 }
03-10 12:31:35.766 D/StateMachine(  643): processMsg: L2ConnectedState
03-10 12:31:35.766 D/WifiStateMachine(  643): L2ConnectedState{ what=131143 when=-11ms arg1=2 }
03-10 12:31:35.766 E/WifiHW  (  643): wifi_send_command("AP_SCAN 2")
03-10 12:31:35.776 D/StateMachine(  643): processMsg: ConnectModeState
03-10 12:31:35.776 D/WifiStateMachine(  643): ConnectModeState{ what=131143 when=-14ms arg1=2 }
03-10 12:31:35.776 D/StateMachine(  643): processMsg: DriverStartedState
03-10 12:31:35.776 D/WifiStateMachine(  643): DriverStartedState{ what=131143 when=-16ms arg1=2 }
03-10 12:31:35.776 E/WifiHW  (  643): wifi_send_command("SCAN")
03-10 12:31:35.776 D/StateMachine(  643): handleMessage: X
03-10 12:31:36.347 D/StateMachine(  643): handleMessage: E msg.what=131155
03-10 12:31:36.347 D/StateMachine(  643): processMsg: ConnectedState
03-10 12:31:36.347 D/WifiStateMachine(  643): ConnectedState{ what=131155 when=-5ms arg1=285 }
03-10 12:31:36.357 D/StateMachine(  643): processMsg: L2ConnectedState
03-10 12:31:36.357 D/WifiStateMachine(  643): L2ConnectedState{ what=131155 when=-17ms arg1=285 }
03-10 12:31:36.357 E/WifiHW  (  643): wifi_send_command("SIGNAL_POLL")
03-10 12:31:36.387 D/StateMachine(  643): handleMessage: X
03-10 12:31:37.598 D/StatusBar.NetworkController(  981): refreshViews: Data not connected!! Set no data type icon
03-10 12:31:38.609 D/StatusBar.NetworkController(  981): refreshViews: Data not connected!! Set no data type icon
03-10 12:31:38.880 D/SizeAdaptiveLayout(  981): com.android.internal.widget.SizeAdaptiveLayout@440d3ea0child view android.widget.RelativeLayout@440ea6e0 measured out of bounds at 189px clamped to 192px
03-10 12:31:39.380 D/StateMachine(  643): handleMessage: E msg.what=131155
03-10 12:31:39.380 D/StateMachine(  643): processMsg: ConnectedState
03-10 12: